Archive member included to satisfy reference by file (symbol)

/home/vienchau/Downloads/en.st-stm32cubeide_1.9.0_12015_20220302_0855_amd64.sh_v1.9.0/makeself_dir_31IH9z/y/plugins/com.st.stm32cube.ide.mcu.externaltools.gnu-tools-for-stm32.10.3-2021.10.linux64_1.0.0.202111181127/tools/bin/../lib/gcc/arm-none-eabi/10.3.1/../../../../arm-none-eabi/lib/thumb/v7e-m+fp/hard/libc_nano.a(lib_a-errno.o)
                              ./Core/Src/syscalls.o (__errno)
/home/vienchau/Downloads/en.st-stm32cubeide_1.9.0_12015_20220302_0855_amd64.sh_v1.9.0/makeself_dir_31IH9z/y/plugins/com.st.stm32cube.ide.mcu.externaltools.gnu-tools-for-stm32.10.3-2021.10.linux64_1.0.0.202111181127/tools/bin/../lib/gcc/arm-none-eabi/10.3.1/../../../../arm-none-eabi/lib/thumb/v7e-m+fp/hard/libc_nano.a(lib_a-exit.o)
                              /home/vienchau/Downloads/en.st-stm32cubeide_1.9.0_12015_20220302_0855_amd64.sh_v1.9.0/makeself_dir_31IH9z/y/plugins/com.st.stm32cube.ide.mcu.externaltools.gnu-tools-for-stm32.10.3-2021.10.linux64_1.0.0.202111181127/tools/bin/../lib/gcc/arm-none-eabi/10.3.1/../../../../arm-none-eabi/lib/thumb/v7e-m+fp/hard/crt0.o (exit)
/home/vienchau/Downloads/en.st-stm32cubeide_1.9.0_12015_20220302_0855_amd64.sh_v1.9.0/makeself_dir_31IH9z/y/plugins/com.st.stm32cube.ide.mcu.externaltools.gnu-tools-for-stm32.10.3-2021.10.linux64_1.0.0.202111181127/tools/bin/../lib/gcc/arm-none-eabi/10.3.1/../../../../arm-none-eabi/lib/thumb/v7e-m+fp/hard/libc_nano.a(lib_a-impure.o)
                              /home/vienchau/Downloads/en.st-stm32cubeide_1.9.0_12015_20220302_0855_amd64.sh_v1.9.0/makeself_dir_31IH9z/y/plugins/com.st.stm32cube.ide.mcu.externaltools.gnu-tools-for-stm32.10.3-2021.10.linux64_1.0.0.202111181127/tools/bin/../lib/gcc/arm-none-eabi/10.3.1/../../../../arm-none-eabi/lib/thumb/v7e-m+fp/hard/libc_nano.a(lib_a-exit.o) (_global_impure_ptr)
/home/vienchau/Downloads/en.st-stm32cubeide_1.9.0_12015_20220302_0855_amd64.sh_v1.9.0/makeself_dir_31IH9z/y/plugins/com.st.stm32cube.ide.mcu.externaltools.gnu-tools-for-stm32.10.3-2021.10.linux64_1.0.0.202111181127/tools/bin/../lib/gcc/arm-none-eabi/10.3.1/../../../../arm-none-eabi/lib/thumb/v7e-m+fp/hard/libc_nano.a(lib_a-init.o)
                              /home/vienchau/Downloads/en.st-stm32cubeide_1.9.0_12015_20220302_0855_amd64.sh_v1.9.0/makeself_dir_31IH9z/y/plugins/com.st.stm32cube.ide.mcu.externaltools.gnu-tools-for-stm32.10.3-2021.10.linux64_1.0.0.202111181127/tools/bin/../lib/gcc/arm-none-eabi/10.3.1/../../../../arm-none-eabi/lib/thumb/v7e-m+fp/hard/crt0.o (__libc_init_array)
/home/vienchau/Downloads/en.st-stm32cubeide_1.9.0_12015_20220302_0855_amd64.sh_v1.9.0/makeself_dir_31IH9z/y/plugins/com.st.stm32cube.ide.mcu.externaltools.gnu-tools-for-stm32.10.3-2021.10.linux64_1.0.0.202111181127/tools/bin/../lib/gcc/arm-none-eabi/10.3.1/../../../../arm-none-eabi/lib/thumb/v7e-m+fp/hard/libc_nano.a(lib_a-malloc.o)
                              ./Core/Src/serial.o (malloc)
/home/vienchau/Downloads/en.st-stm32cubeide_1.9.0_12015_20220302_0855_amd64.sh_v1.9.0/makeself_dir_31IH9z/y/plugins/com.st.stm32cube.ide.mcu.externaltools.gnu-tools-for-stm32.10.3-2021.10.linux64_1.0.0.202111181127/tools/bin/../lib/gcc/arm-none-eabi/10.3.1/../../../../arm-none-eabi/lib/thumb/v7e-m+fp/hard/libc_nano.a(lib_a-memcpy-stub.o)
                              ./Core/Src/serial.o (memcpy)
/home/vienchau/Downloads/en.st-stm32cubeide_1.9.0_12015_20220302_0855_amd64.sh_v1.9.0/makeself_dir_31IH9z/y/plugins/com.st.stm32cube.ide.mcu.externaltools.gnu-tools-for-stm32.10.3-2021.10.linux64_1.0.0.202111181127/tools/bin/../lib/gcc/arm-none-eabi/10.3.1/../../../../arm-none-eabi/lib/thumb/v7e-m+fp/hard/libc_nano.a(lib_a-memset.o)
                              /home/vienchau/Downloads/en.st-stm32cubeide_1.9.0_12015_20220302_0855_amd64.sh_v1.9.0/makeself_dir_31IH9z/y/plugins/com.st.stm32cube.ide.mcu.externaltools.gnu-tools-for-stm32.10.3-2021.10.linux64_1.0.0.202111181127/tools/bin/../lib/gcc/arm-none-eabi/10.3.1/../../../../arm-none-eabi/lib/thumb/v7e-m+fp/hard/crt0.o (memset)
/home/vienchau/Downloads/en.st-stm32cubeide_1.9.0_12015_20220302_0855_amd64.sh_v1.9.0/makeself_dir_31IH9z/y/plugins/com.st.stm32cube.ide.mcu.externaltools.gnu-tools-for-stm32.10.3-2021.10.linux64_1.0.0.202111181127/tools/bin/../lib/gcc/arm-none-eabi/10.3.1/../../../../arm-none-eabi/lib/thumb/v7e-m+fp/hard/libc_nano.a(lib_a-nano-freer.o)
                              /home/vienchau/Downloads/en.st-stm32cubeide_1.9.0_12015_20220302_0855_amd64.sh_v1.9.0/makeself_dir_31IH9z/y/plugins/com.st.stm32cube.ide.mcu.externaltools.gnu-tools-for-stm32.10.3-2021.10.linux64_1.0.0.202111181127/tools/bin/../lib/gcc/arm-none-eabi/10.3.1/../../../../arm-none-eabi/lib/thumb/v7e-m+fp/hard/libc_nano.a(lib_a-malloc.o) (_free_r)
[...]
Memory Configuration

Name             Origin             Length             Attributes
CCMRAM           0x0000000010000000 0x0000000000010000 xrw
RAM              0x0000000020000000 0x0000000000020000 xrw
FLASH            0x0000000008000000 0x0000000000100000 xr
*default*        0x0000000000000000 0xffffffffffffffff

Linker script and memory map

LOAD /home/vienchau/Downloads/en.st-stm32cubeide_1.9.0_12015_20220302_0855_amd64.sh_v1.9.0/makeself_dir_31IH9z/y/plugins/com.st.stm32cube.ide.mcu.externaltools.gnu-tools-for-stm32.10.3-2021.10.linux64_1.0.0.202111181127/tools/bin/../lib/gcc/arm-none-eabi/10.3.1/thumb/v7e-m+fp/hard/crti.o
LOAD /home/vienchau/Downloads/en.st-stm32cubeide_1.9.0_12015_20220302_0855_amd64.sh_v1.9.0/makeself_dir_31IH9z/y/plugins/com.st.stm32cube.ide.mcu.externaltools.gnu-tools-for-stm32.10.3-2021.10.linux64_1.0.0.202111181127/tools/bin/../lib/gcc/arm-none-eabi/10.3.1/thumb/v7e-m+fp/hard/crtbegin.o
LOAD /home/vienchau/Downloads/en.st-stm32cubeide_1.9.0_12015_20220302_0855_amd64.sh_v1.9.0/makeself_dir_31IH9z/y/plugins/com.st.stm32cube.ide.mcu.externaltools.gnu-tools-for-stm32.10.3-2021.10.linux64_1.0.0.202111181127/tools/bin/../lib/gcc/arm-none-eabi/10.3.1/../../../../arm-none-eabi/lib/thumb/v7e-m+fp/hard/crt0.o
LOAD ./Core/Src/gpio.o
LOAD ./Core/Src/main.o
LOAD ./Core/Src/motor.o
LOAD ./Core/Src/pid.o
LOAD ./Core/Src/serial.o
LOAD ./Core/Src/stm32f4xx_hal_msp.o
LOAD ./Core/Src/stm32f4xx_it.o
LOAD ./Core/Src/syscalls.o
LOAD ./Core/Src/sysmem.o
LOAD ./Core/Src/system_stm32f4xx.o
LOAD ./Core/Src/tim.o
LOAD ./Core/Src/usart.o
LOAD ./Core/Startup/startup_stm32f407vgtx.o
LOAD ./Drivers/STM32F4xx_HAL_Driver/Src/stm32f4xx_hal.o
LOAD ./Drivers/STM32F4xx_HAL_Driver/Src/stm32f4xx_hal_cortex.o
LOAD ./Drivers/STM32F4xx_HAL_Driver/Src/stm32f4xx_hal_dma.o
LOAD ./Drivers/STM32F4xx_HAL_Driver/Src/stm32f4xx_hal_dma_ex.o
LOAD ./Drivers/STM32F4xx_HAL_Driver/Src/stm32f4xx_hal_exti.o
LOAD ./Drivers/STM32F4xx_HAL_Driver/Src/stm32f4xx_hal_flash.o
LOAD ./Drivers/STM32F4xx_HAL_Driver/Src/stm32f4xx_hal_flash_ex.o
LOAD ./Drivers/STM32F4xx_HAL_Driver/Src/stm32f4xx_hal_flash_ramfunc.o
LOAD ./Drivers/STM32F4xx_HAL_Driver/Src/stm32f4xx_hal_gpio.o
LOAD ./Drivers/STM32F4xx_HAL_Driver/Src/stm32f4xx_hal_pcd.o
LOAD ./Drivers/STM32F4xx_HAL_Driver/Src/stm32f4xx_hal_pcd_ex.o
LOAD ./Drivers/STM32F4xx_HAL_Driver/Src/stm32f4xx_hal_pwr.o
LOAD ./Drivers/STM32F4xx_HAL_Driver/Src/stm32f4xx_hal_pwr_ex.o
LOAD ./Drivers/STM32F4xx_HAL_Driver/Src/stm32f4xx_hal_rcc.o
LOAD ./Drivers/STM32F4xx_HAL_Driver/Src/stm32f4xx_hal_rcc_ex.o
LOAD ./Drivers/STM32F4xx_HAL_Driver/Src/stm32f4xx_hal_tim.o
LOAD ./Drivers/STM32F4xx_HAL_Driver/Src/stm32f4xx_hal_tim_ex.o
LOAD ./Drivers/STM32F4xx_HAL_Driver/Src/stm32f4xx_hal_uart.o
LOAD ./Drivers/STM32F4xx_HAL_Driver/Src/stm32f4xx_ll_usb.o
LOAD ./Middlewares/ST/STM32_USB_Device_Library/Class/CDC/Src/usbd_cdc.o
LOAD ./Middlewares/ST/STM32_USB_Device_Library/Core/Src/usbd_core.o
LOAD ./Middlewares/ST/STM32_USB_Device_Library/Core/Src/usbd_ctlreq.o
LOAD ./Middlewares/ST/STM32_USB_Device_Library/Core/Src/usbd_ioreq.o
LOAD ./USB_DEVICE/App/usb_device.o
LOAD ./USB_DEVICE/App/usbd_cdc_if.o
LOAD ./USB_DEVICE/App/usbd_desc.o
LOAD ./USB_DEVICE/Target/usbd_conf.o
START GROUP
LOAD /home/vienchau/Downloads/en.st-stm32cubeide_1.9.0_12015_20220302_0855_amd64.sh_v1.9.0/makeself_dir_31IH9z/y/plugins/com.st.stm32cube.ide.mcu.externaltools.gnu-tools-for-stm32.10.3-2021.10.linux64_1.0.0.202111181127/tools/bin/../lib/gcc/arm-none-eabi/10.3.1/../../../../arm-none-eabi/lib/thumb/v7e-m+fp/hard/libc_nano.a
LOAD /home/vienchau/Downloads/en.st-stm32cubeide_1.9.0_12015_20220302_0855_amd64.sh_v1.9.0/makeself_dir_31IH9z/y/plugins/com.st.stm32cube.ide.mcu.externaltools.gnu-tools-for-stm32.10.3-2021.10.linux64_1.0.0.202111181127/tools/bin/../lib/gcc/arm-none-eabi/10.3.1/../../../../arm-none-eabi/lib/thumb/v7e-m+fp/hard/libm.a
END GROUP
START GROUP
LOAD /home/vienchau/Downloads/en.st-stm32cubeide_1.9.0_12015_20220302_0855_amd64.sh_v1.9.0/makeself_dir_31IH9z/y/plugins/com.st.stm32cube.ide.mcu.externaltools.gnu-tools-for-stm32.10.3-2021.10.linux64_1.0.0.202111181127/tools/bin/../lib/gcc/arm-none-eabi/10.3.1/thumb/v7e-m+fp/hard/libgcc.a
LOAD /home/vienchau/Downloads/en.st-stm32cubeide_1.9.0_12015_20220302_0855_amd64.sh_v1.9.0/makeself_dir_31IH9z/y/plugins/com.st.stm32cube.ide.mcu.externaltools.gnu-tools-for-stm32.10.3-2021.10.linux64_1.0.0.202111181127/tools/bin/../lib/gcc/arm-none-eabi/10.3.1/../../../../arm-none-eabi/lib/thumb/v7e-m+fp/hard/libc_nano.a
END GROUP
START GROUP
LOAD /home/vienchau/Downloads/en.st-stm32cubeide_1.9.0_12015_20220302_0855_amd64.sh_v1.9.0/makeself_dir_31IH9z/y/plugins/com.st.stm32cube.ide.mcu.externaltools.gnu-tools-for-stm32.10.3-2021.10.linux64_1.0.0.202111181127/tools/bin/../lib/gcc/arm-none-eabi/10.3.1/thumb/v7e-m+fp/hard/libgcc.a
LOAD /home/vienchau/Downloads/en.st-stm32cubeide_1.9.0_12015_20220302_0855_amd64.sh_v1.9.0/makeself_dir_31IH9z/y/plugins/com.st.stm32cube.ide.mcu.externaltools.gnu-tools-for-stm32.10.3-2021.10.linux64_1.0.0.202111181127/tools/bin/../lib/gcc/arm-none-eabi/10.3.1/../../../../arm-none-eabi/lib/thumb/v7e-m+fp/hard/libc_nano.a
LOAD /home/vienchau/Downloads/en.st-stm32cubeide_1.9.0_12015_20220302_0855_amd64.sh_v1.9.0/makeself_dir_31IH9z/y/plugins/com.st.stm32cube.ide.mcu.externaltools.gnu-tools-for-stm32.10.3-2021.10.linux64_1.0.0.202111181127/tools/bin/../lib/gcc/arm-none-eabi/10.3.1/../../../../arm-none-eabi/lib/thumb/v7e-m+fp/hard/libnosys.a
END GROUP
START GROUP
LOAD /home/vienchau/Downloads/en.st-stm32cubeide_1.9.0_12015_20220302_0855_amd64.sh_v1.9.0/makeself_dir_31IH9z/y/plugins/com.st.stm32cube.ide.mcu.externaltools.gnu-tools-for-stm32.10.3-2021.10.linux64_1.0.0.202111181127/tools/bin/../lib/gcc/arm-none-eabi/10.3.1/thumb/v7e-m+fp/hard/libgcc.a
LOAD /home/vienchau/Downloads/en.st-stm32cubeide_1.9.0_12015_20220302_0855_amd64.sh_v1.9.0/makeself_dir_31IH9z/y/plugins/com.st.stm32cube.ide.mcu.externaltools.gnu-tools-for-stm32.10.3-2021.10.linux64_1.0.0.202111181127/tools/bin/../lib/gcc/arm-none-eabi/10.3.1/../../../../arm-none-eabi/lib/thumb/v7e-m+fp/hard/libc_nano.a
LOAD /home/vienchau/Downloads/en.st-stm32cubeide_1.9.0_12015_20220302_0855_amd64.sh_v1.9.0/makeself_dir_31IH9z/y/plugins/com.st.stm32cube.ide.mcu.externaltools.gnu-tools-for-stm32.10.3-2021.10.linux64_1.0.0.202111181127/tools/bin/../lib/gcc/arm-none-eabi/10.3.1/../../../../arm-none-eabi/lib/thumb/v7e-m+fp/hard/libnosys.a
END GROUP
LOAD /home/vienchau/Downloads/en.st-stm32cubeide_1.9.0_12015_20220302_0855_amd64.sh_v1.9.0/makeself_dir_31IH9z/y/plugins/com.st.stm32cube.ide.mcu.externaltools.gnu-tools-for-stm32.10.3-2021.10.linux64_1.0.0.202111181127/tools/bin/../lib/gcc/arm-none-eabi/10.3.1/thumb/v7e-m+fp/hard/crtend.o
LOAD /home/vienchau/Downloads/en.st-stm32cubeide_1.9.0_12015_20220302_0855_amd64.sh_v1.9.0/makeself_dir_31IH9z/y/plugins/com.st.stm32cube.ide.mcu.externaltools.gnu-tools-for-stm32.10.3-2021.10.linux64_1.0.0.202111181127/tools/bin/../lib/gcc/arm-none-eabi/10.3.1/thumb/v7e-m+fp/hard/crtn.o
                0x0000000020020000                _estack = (ORIGIN (RAM) + LENGTH (RAM))
                0x0000000000000800                _Min_Heap_Size = 0x800
                0x0000000000000400                _Min_Stack_Size = 0x400

.isr_vector     0x0000000008000000      0x188
                0x0000000008000000                . = ALIGN (0x4)
 *(.isr_vector)
 .isr_vector    0x0000000008000000      0x188 ./Core/Startup/startup_stm32f407vgtx.o
                0x0000000008000000                g_pfnVectors
                0x0000000008000188                . = ALIGN (0x4)

.text           0x0000000008000190     0xc8d4
                0x0000000008000190                . = ALIGN (0x4)
 *(.text)
 .text          0x0000000008000190       0x40 /home/vienchau/Downloads/en.st-stm32cubeide_1.9.0_12015_20220302_0855_amd64.sh_v1.9.0/makeself_dir_31IH9z/y/plugins/com.st.stm32cube.ide.mcu.externaltools.gnu-tools-for-stm32.10.3-2021.10.linux64_1.0.0.202111181127/tools/bin/../lib/gcc/arm-none-eabi/10.3.1/thumb/v7e-m+fp/hard/crtbegin.o
 .text          0x00000000080001d0       0x10 /home/vienchau/Downloads/en.st-stm32cubeide_1.9.0_12015_20220302_0855_amd64.sh_v1.9.0/makeself_dir_31IH9z/y/plugins/com.st.stm32cube.ide.mcu.externaltools.gnu-tools-for-stm32.10.3-2021.10.linux64_1.0.0.202111181127/tools/bin/../lib/gcc/arm-none-eabi/10.3.1/../../../../arm-none-eabi/lib/thumb/v7e-m+fp/hard/libc_nano.a(lib_a-strlen.o)
                0x00000000080001d0                strlen
 .text          0x00000000080001e0       0xa0 /home/vienchau/Downloads/en.st-stm32cubeide_1.9.0_12015_20220302_0855_amd64.sh_v1.9.0/makeself_dir_31IH9z/y/plugins/com.st.stm32cube.ide.mcu.externaltools.gnu-tools-for-stm32.10.3-2021.10.linux64_1.0.0.202111181127/tools/bin/../lib/gcc/arm-none-eabi/10.3.1/../../../../arm-none-eabi/lib/thumb/v7e-m+fp/hard/libc_nano.a(lib_a-memchr.o)
                0x00000000080001e0                memchr
 .text          0x0000000008000280      0x378 /home/vienchau/Downloads/en.st-stm32cubeide_1.9.0_12015_20220302_0855_amd64.sh_v1.9.0/makeself_dir_31IH9z/y/plugins/com.st.stm32cube.ide.mcu.externaltools.gnu-tools-for-stm32.10.3-2021.10.linux64_1.0.0.202111181127/tools/bin/../lib/gcc/arm-none-eabi/10.3.1/thumb/v7e-m+fp/hard/libgcc.a(_arm_addsubdf3.o)
                0x0000000008000280                __aeabi_drsub
                0x0000000008000288                __aeabi_dsub
                0x0000000008000288                __subdf3
                0x000000000800028c                __adddf3
                0x000000000800028c                __aeabi_dadd
                0x0000000008000504                __aeabi_ui2d
                0x0000000008000504                __floatunsidf
                0x0000000008000524                __floatsidf
                0x0000000008000524                __aeabi_i2d
                0x0000000008000548                __extendsfdf2
                0x0000000008000548                __aeabi_f2d
                0x000000000800058c                __aeabi_ul2d
                0x000000000800058c                __floatundidf
                0x000000000800059c                __floatdidf
                0x000000000800059c                __aeabi_l2d
 .text          0x00000000080005f8      0x424 /home/vienchau/Downloads/en.st-stm32cubeide_1.9.0_12015_20220302_0855_amd64.sh_v1.9.0/makeself_dir_31IH9z/y/plugins/com.st.stm32cube.ide.mcu.externaltools.gnu-tools-for-stm32.10.3-2021.10.linux64_1.0.0.202111181127/tools/bin/../lib/gcc/arm-none-eabi/10.3.1/thumb/v7e-m+fp/hard/libgcc.a(_arm_muldivdf3.o)
                0x00000000080005f8                __aeabi_dmul
                0x00000000080005f8                __muldf3
                0x000000000800084c                __aeabi_ddiv
                0x000000000800084c                __divdf3
 .text          0x0000000008000a1c      0x110 /home/vienchau/Downloads/en.st-stm32cubeide_1.9.0_12015_20220302_0855_amd64.sh_v1.9.0/makeself_dir_31IH9z/y/plugins/com.st.stm32cube.ide.mcu.externaltools.gnu-tools-for-stm32.10.3-2021.10.linux64_1.0.0.202111181127/tools/bin/../lib/gcc/arm-none-eabi/10.3.1/thumb/v7e-m+fp/hard/libgcc.a(_arm_cmpdf2.o)
                0x0000000008000a1c                __gtdf2
                0x0000000008000a1c                __gedf2
                0x0000000008000a24                __ltdf2
                0x0000000008000a24                __ledf2
                0x0000000008000a2c                __cmpdf2
                0x0000000008000a2c                __eqdf2
                0x0000000008000a2c                __nedf2
                0x0000000008000aa8                __aeabi_cdrcmple
                0x0000000008000ab8                __aeabi_cdcmple
                0x0000000008000ab8                __aeabi_cdcmpeq
                0x0000000008000ac8                __aeabi_dcmpeq
                0x0000000008000adc                __aeabi_dcmplt
                0x0000000008000af0                __aeabi_dcmple
                0x0000000008000b04                __aeabi_dcmpge
                0x0000000008000b18                __aeabi_dcmpgt
 .text          0x0000000008000b2c       0x2c /home/vienchau/Downloads/en.st-stm32cubeide_1.9.0_12015_20220302_0855_amd64.sh_v1.9.0/makeself_dir_31IH9z/y/plugins/com.st.stm32cube.ide.mcu.externaltools.gnu-tools-for-stm32.10.3-2021.10.linux64_1.0.0.202111181127/tools/bin/../lib/gcc/arm-none-eabi/10.3.1/thumb/v7e-m+fp/hard/libgcc.a(_arm_unorddf2.o)
                0x0000000008000b2c                __aeabi_dcmpun
                0x0000000008000b2c                __unorddf2
 .text          0x0000000008000b58       0xa0 /home/vienchau/Downloads/en.st-stm32cubeide_1.9.0_12015_20220302_0855_amd64.sh_v1.9.0/makeself_dir_31IH9z/y/plugins/com.st.stm32cube.ide.mcu.externaltools.gnu-tools-for-stm32.10.3-2021.10.linux64_1.0.0.202111181127/tools/bin/../lib/gcc/arm-none-eabi/10.3.1/thumb/v7e-m+fp/hard/libgcc.a(_arm_truncdfsf2.o)
                0x0000000008000b58                __aeabi_d2f
                0x0000000008000b58                __truncdfsf2
 .text          0x0000000008000bf8       0x30 /home/vienchau/Downloads/en.st-stm32cubeide_1.9.0_12015_20220302_0855_amd64.sh_v1.9.0/makeself_dir_31IH9z/y/plugins/com.st.stm32cube.ide.mcu.externaltools.gnu-tools-for-stm32.10.3-2021.10.linux64_1.0.0.202111181127/tools/bin/../lib/gcc/arm-none-eabi/10.3.1/thumb/v7e-m+fp/hard/libgcc.a(_aeabi_uldivmod.o)
                0x0000000008000bf8                __aeabi_uldivmod
 .text          0x0000000008000c28      0x2d0 /home/vienchau/Downloads/en.st-stm32cubeide_1.9.0_12015_20220302_0855_amd64.sh_v1.9.0/makeself_dir_31IH9z/y/plugins/com.st.stm32cube.ide.mcu.externaltools.gnu-tools-for-stm32.10.3-2021.10.linux64_1.0.0.202111181127/tools/bin/../lib/gcc/arm-none-eabi/10.3.1/thumb/v7e-m+fp/hard/libgcc.a(_udivmoddi4.o)
                0x0000000008000c28                __udivmoddi4
 .text          0x0000000008000ef8        0x4 /home/vienchau/Downloads/en.st-stm32cubeide_1.9.0_12015_20220302_0855_amd64.sh_v1.9.0/makeself_dir_31IH9z/y/plugins/com.st.stm32cube.ide.mcu.externaltools.gnu-tools-for-stm32.10.3-2021.10.linux64_1.0.0.202111181127/tools/bin/../lib/gcc/arm-none-eabi/10.3.1/thumb/v7e-m+fp/hard/libgcc.a(_dvmd_tls.o)
                0x0000000008000ef8                __aeabi_ldiv0
                0x0000000008000ef8                __aeabi_idiv0
 *(.text*)
 .text.MX_GPIO_Init
                0x0000000008000efc       0xc0 ./Core/Src/gpio.o
                0x0000000008000efc                MX_GPIO_Init
 *fill*         0x0000000008000fbc        0x4 
 .text.main     0x0000000008000fc0      0x6a8 ./Core/Src/main.o
                0x0000000008000fc0                main
 .text.SystemClock_Config
                0x0000000008001668       0xd0 ./Core/Src/main.o
                0x0000000008001668                SystemClock_Config
 .text.HAL_TIM_PeriodElapsedCallback
                0x0000000008001738       0x80 ./Core/Src/main.o
                0x0000000008001738                HAL_TIM_PeriodElapsedCallback
 .text.Error_Handler
                0x00000000080017b8        0xa ./Core/Src/main.o
                0x00000000080017b8                Error_Handler
 *fill*         0x00000000080017c2        0x2 
 .text.MotorSetDir
                0x00000000080017c4       0x40 ./Core/Src/motor.o
                0x00000000080017c4                MotorSetDir
 .text.MotorSetDuty
                0x0000000008001804       0x24 ./Core/Src/motor.o
                0x0000000008001804                MotorSetDuty
 .text.MotorInit
                0x0000000008001828       0x58 ./Core/Src/motor.o
                0x0000000008001828                MotorInit
 .text.ConvertDegToPulse
                0x0000000008001880       0x4c ./Core/Src/motor.o
                0x0000000008001880                ConvertDegToPulse
 .text.ConvertPulseToDeg
                0x00000000080018cc       0x48 ./Core/Src/motor.o
                0x00000000080018cc                ConvertPulseToDeg
 .text.MotorGetPulse
                0x0000000008001914       0x24 ./Core/Src/motor.o
                0x0000000008001914                MotorGetPulse
 .text.MotorMovePos
                0x0000000008001938      0x2c8 ./Core/Src/motor.o
                0x0000000008001938                MotorMovePos
 .text.MotorTuning
                0x0000000008001c00       0xf0 ./Core/Src/motor.o
                0x0000000008001c00                MotorTuning
 .text.PIDReset
                0x0000000008001cf0       0x30 ./Core/Src/pid.o
                0x0000000008001cf0                PIDReset
 .text.PIDInit  0x0000000008001d20       0x44 ./Core/Src/pid.o
                0x0000000008001d20                PIDInit
 .text.PIDCompute
                0x0000000008001d64       0xe4 ./Core/Src/pid.o
                0x0000000008001d64                PIDCompute
 .text.subString
                0x0000000008001e48       0x50 ./Core/Src/serial.o
                0x0000000008001e48                subString
 .text.StrCompare
                0x0000000008001e98       0x48 ./Core/Src/serial.o
                0x0000000008001e98                StrCompare
 .text.SerialInit
                0x0000000008001ee0       0x1c ./Core/Src/serial.o
                0x0000000008001ee0                SerialInit
 .text.SerialAcceptReceive
                0x0000000008001efc       0x1c ./Core/Src/serial.o
                0x0000000008001efc                SerialAcceptReceive
 .text.SerialWriteComm
                0x0000000008001f18       0xb4 ./Core/Src/serial.o
                0x0000000008001f18                SerialWriteComm
 .text.SerialParse
                0x0000000008001fcc       0x80 ./Core/Src/serial.o
                0x0000000008001fcc                SerialParse
 .text.HAL_UART_RxCpltCallback
                0x000000000800204c       0x34 ./Core/Src/serial.o
                0x000000000800204c                HAL_UART_RxCpltCallback
 .text.HAL_MspInit
                0x0000000008002080       0x50 ./Core/Src/stm32f4xx_hal_msp.o
                0x0000000008002080                HAL_MspInit
 .text.NMI_Handler
                0x00000000080020d0        0x6 ./Core/Src/stm32f4xx_it.o
                0x00000000080020d0                NMI_Handler
 .text.HardFault_Handler
                0x00000000080020d6        0x6 ./Core/Src/stm32f4xx_it.o
                0x00000000080020d6                HardFault_Handler
 .text.MemManage_Handler
                0x00000000080020dc        0x6 ./Core/Src/stm32f4xx_it.o
                0x00000000080020dc                MemManage_Handler
 .text.BusFault_Handler
                0x00000000080020e2        0x6 ./Core/Src/stm32f4xx_it.o
                0x00000000080020e2                BusFault_Handler
 .text.UsageFault_Handler
                0x00000000080020e8        0x6 ./Core/Src/stm32f4xx_it.o
                0x00000000080020e8                UsageFault_Handler
 .text.SVC_Handler
                0x00000000080020ee        0xe ./Core/Src/stm32f4xx_it.o
                0x00000000080020ee                SVC_Handler
 .text.DebugMon_Handler
                0x00000000080020fc        0xe ./Core/Src/stm32f4xx_it.o
                0x00000000080020fc                DebugMon_Handler
 .text.PendSV_Handler
                0x000000000800210a        0xe ./Core/Src/stm32f4xx_it.o
                0x000000000800210a                PendSV_Handler
 .text.SysTick_Handler
                0x0000000008002118        0xc ./Core/Src/stm32f4xx_it.o
                0x0000000008002118                SysTick_Handler
 .text.TIM2_IRQHandler
                0x0000000008002124       0x14 ./Core/Src/stm32f4xx_it.o
                0x0000000008002124                TIM2_IRQHandler
 .text.USART1_IRQHandler
                0x0000000008002138       0x14 ./Core/Src/stm32f4xx_it.o
                0x0000000008002138                USART1_IRQHandler
 .text.OTG_FS_IRQHandler
                0x000000000800214c       0x14 ./Core/Src/stm32f4xx_it.o
                0x000000000800214c                OTG_FS_IRQHandler
 .text._sbrk    0x0000000008002160       0x6c ./Core/Src/sysmem.o
                0x0000000008002160                _sbrk
 .text.SystemInit
                0x00000000080021cc       0x24 ./Core/Src/system_stm32f4xx.o
                0x00000000080021cc                SystemInit
 .text.MX_TIM2_Init
                0x00000000080021f0       0x98 ./Core/Src/tim.o
                0x00000000080021f0                MX_TIM2_Init
 .text.MX_TIM3_Init
                0x0000000008002288       0xb4 ./Core/Src/tim.o
                0x0000000008002288                MX_TIM3_Init
 .text.MX_TIM4_Init
                0x000000000800233c       0xa8 ./Core/Src/tim.o
                0x000000000800233c                MX_TIM4_Init
 .text.HAL_TIM_Base_MspInit
                0x00000000080023e4       0x4c ./Core/Src/tim.o
                0x00000000080023e4                HAL_TIM_Base_MspInit
 .text.HAL_TIM_PWM_MspInit
                0x0000000008002430       0x44 ./Core/Src/tim.o
                0x0000000008002430                HAL_TIM_PWM_MspInit
 .text.HAL_TIM_Encoder_MspInit
                0x0000000008002474       0x90 ./Core/Src/tim.o
                0x0000000008002474                HAL_TIM_Encoder_MspInit
 .text.HAL_TIM_MspPostInit
                0x0000000008002504       0x74 ./Core/Src/tim.o
                0x0000000008002504                HAL_TIM_MspPostInit
 .text.MX_USART1_UART_Init
                0x0000000008002578       0x54 ./Core/Src/usart.o
                0x0000000008002578                MX_USART1_UART_Init
 .text.HAL_UART_MspInit
                0x00000000080025cc       0xa0 ./Core/Src/usart.o
                0x00000000080025cc                HAL_UART_MspInit
 .text.Reset_Handler
                0x000000000800266c       0x50 ./Core/Startup/startup_stm32f407vgtx.o
                0x000000000800266c                Reset_Handler
 .text.Default_Handler
                0x00000000080026bc        0x2 ./Core/Startup/startup_stm32f407vgtx.o
                0x00000000080026bc                RTC_Alarm_IRQHandler
                0x00000000080026bc                HASH_RNG_IRQHandler
                0x00000000080026bc                EXTI2_IRQHandler
                0x00000000080026bc                TIM8_CC_IRQHandler
                0x00000000080026bc                TIM1_CC_IRQHandler
                0x00000000080026bc                DMA2_Stream5_IRQHandler
                0x00000000080026bc                DMA1_Stream5_IRQHandler
                0x00000000080026bc                PVD_IRQHandler
                0x00000000080026bc                SDIO_IRQHandler
                0x00000000080026bc                TAMP_STAMP_IRQHandler
                0x00000000080026bc                CAN2_RX1_IRQHandler
                0x00000000080026bc                EXTI3_IRQHandler
                0x00000000080026bc                TIM8_TRG_COM_TIM14_IRQHandler
                0x00000000080026bc                TIM1_UP_TIM10_IRQHandler
                0x00000000080026bc                TIM8_UP_TIM13_IRQHandler
                0x00000000080026bc                I2C3_ER_IRQHandler
                0x00000000080026bc                EXTI0_IRQHandler
                0x00000000080026bc                I2C2_EV_IRQHandler
                0x00000000080026bc                DMA1_Stream2_IRQHandler
                0x00000000080026bc                CAN1_RX0_IRQHandler
                0x00000000080026bc                FPU_IRQHandler
                0x00000000080026bc                OTG_HS_WKUP_IRQHandler
                0x00000000080026bc                CAN2_SCE_IRQHandler
                0x00000000080026bc                DMA2_Stream2_IRQHandler
                0x00000000080026bc                SPI1_IRQHandler
                0x00000000080026bc                TIM6_DAC_IRQHandler
                0x00000000080026bc                TIM1_BRK_TIM9_IRQHandler
                0x00000000080026bc                DCMI_IRQHandler
                0x00000000080026bc                CAN2_RX0_IRQHandler
                0x00000000080026bc                DMA2_Stream3_IRQHandler
                0x00000000080026bc                USART6_IRQHandler
                0x00000000080026bc                USART3_IRQHandler
                0x00000000080026bc                CAN1_RX1_IRQHandler
                0x00000000080026bc                UART5_IRQHandler
                0x00000000080026bc                DMA2_Stream0_IRQHandler
                0x00000000080026bc                TIM4_IRQHandler
                0x00000000080026bc                I2C1_EV_IRQHandler
                0x00000000080026bc                DMA1_Stream6_IRQHandler
                0x00000000080026bc                DMA1_Stream1_IRQHandler
                0x00000000080026bc                UART4_IRQHandler
                0x00000000080026bc                TIM3_IRQHandler
                0x00000000080026bc                RCC_IRQHandler
                0x00000000080026bc                TIM8_BRK_TIM12_IRQHandler
                0x00000000080026bc                Default_Handler
                0x00000000080026bc                EXTI15_10_IRQHandler
                0x00000000080026bc                ADC_IRQHandler
                0x00000000080026bc                DMA1_Stream7_IRQHandler
                0x00000000080026bc                TIM7_IRQHandler
                0x00000000080026bc                CAN2_TX_IRQHandler
                0x00000000080026bc                TIM5_IRQHandler
                0x00000000080026bc                DMA2_Stream7_IRQHandler
                0x00000000080026bc                I2C3_EV_IRQHandler
                0x00000000080026bc                EXTI9_5_IRQHandler
                0x00000000080026bc                RTC_WKUP_IRQHandler
                0x00000000080026bc                ETH_WKUP_IRQHandler
                0x00000000080026bc                SPI2_IRQHandler
                0x00000000080026bc                OTG_HS_EP1_IN_IRQHandler
                0x00000000080026bc                DMA1_Stream0_IRQHandler
                0x00000000080026bc                CAN1_TX_IRQHandler
                0x00000000080026bc                EXTI4_IRQHandler
                0x00000000080026bc                FSMC_IRQHandler
                0x00000000080026bc                ETH_IRQHandler
                0x00000000080026bc                OTG_HS_EP1_OUT_IRQHandler
                0x00000000080026bc                WWDG_IRQHandler
                0x00000000080026bc                OTG_FS_WKUP_IRQHandler
                0x00000000080026bc                TIM1_TRG_COM_TIM11_IRQHandler
                0x00000000080026bc                OTG_HS_IRQHandler
                0x00000000080026bc                EXTI1_IRQHandler
                0x00000000080026bc                USART2_IRQHandler
                0x00000000080026bc                I2C2_ER_IRQHandler
                0x00000000080026bc                DMA2_Stream1_IRQHandler
                0x00000000080026bc                CAN1_SCE_IRQHandler
                0x00000000080026bc                FLASH_IRQHandler
                0x00000000080026bc                DMA2_Stream4_IRQHandler
                0x00000000080026bc                SPI3_IRQHandler
                0x00000000080026bc                DMA1_Stream4_IRQHandler
                0x00000000080026bc                I2C1_ER_IRQHandler
                0x00000000080026bc                DMA2_Stream6_IRQHandler
                0x00000000080026bc                DMA1_Stream3_IRQHandler
 *fill*         0x00000000080026be        0x2 
 .text.HAL_Init
                0x00000000080026c0       0x44 ./Drivers/STM32F4xx_HAL_Driver/Src/stm32f4xx_hal.o
                0x00000000080026c0                HAL_Init
 .text.HAL_InitTick
                0x0000000008002704       0x60 ./Drivers/STM32F4xx_HAL_Driver/Src/stm32f4xx_hal.o
                0x0000000008002704                HAL_InitTick
 .text.HAL_IncTick
                0x0000000008002764       0x28 ./Drivers/STM32F4xx_HAL_Driver/Src/stm32f4xx_hal.o
                0x0000000008002764                HAL_IncTick
 .text.HAL_GetTick
                0x000000000800278c       0x18 ./Drivers/STM32F4xx_HAL_Driver/Src/stm32f4xx_hal.o
                0x000000000800278c                HAL_GetTick
 .text.HAL_Delay
                0x00000000080027a4       0x48 ./Drivers/STM32F4xx_HAL_Driver/Src/stm32f4xx_hal.o
                0x00000000080027a4                HAL_Delay
 .text.__NVIC_SetPriorityGrouping
                0x00000000080027ec       0x48 ./Drivers/STM32F4xx_HAL_Driver/Src/stm32f4xx_hal_cortex.o
 .text.__NVIC_GetPriorityGrouping
                0x0000000008002834       0x1c ./Drivers/STM32F4xx_HAL_Driver/Src/stm32f4xx_hal_cortex.o
 .text.__NVIC_EnableIRQ
                0x0000000008002850       0x3c ./Drivers/STM32F4xx_HAL_Driver/Src/stm32f4xx_hal_cortex.o
 .text.__NVIC_SetPriority
                0x000000000800288c       0x54 ./Drivers/STM32F4xx_HAL_Driver/Src/stm32f4xx_hal_cortex.o
 .text.NVIC_EncodePriority
                0x00000000080028e0       0x66 ./Drivers/STM32F4xx_HAL_Driver/Src/stm32f4xx_hal_cortex.o
 *fill*         0x0000000008002946        0x2 
 .text.SysTick_Config
                0x0000000008002948       0x44 ./Drivers/STM32F4xx_HAL_Driver/Src/stm32f4xx_hal_cortex.o
 .text.HAL_NVIC_SetPriorityGrouping
                0x000000000800298c       0x16 ./Drivers/STM32F4xx_HAL_Driver/Src/stm32f4xx_hal_cortex.o
                0x000000000800298c                HAL_NVIC_SetPriorityGrouping
 .text.HAL_NVIC_SetPriority
                0x00000000080029a2       0x38 ./Drivers/STM32F4xx_HAL_Driver/Src/stm32f4xx_hal_cortex.o
                0x00000000080029a2                HAL_NVIC_SetPriority
 .text.HAL_NVIC_EnableIRQ
                0x00000000080029da       0x1c ./Drivers/STM32F4xx_HAL_Driver/Src/stm32f4xx_hal_cortex.o
                0x00000000080029da                HAL_NVIC_EnableIRQ
 .text.HAL_SYSTICK_Config
                0x00000000080029f6       0x18 ./Drivers/STM32F4xx_HAL_Driver/Src/stm32f4xx_hal_cortex.o
                0x00000000080029f6                HAL_SYSTICK_Config
 .text.HAL_DMA_Abort
                0x0000000008002a0e       0xe0 ./Drivers/STM32F4xx_HAL_Driver/Src/stm32f4xx_hal_dma.o
                0x0000000008002a0e                HAL_DMA_Abort
 .text.HAL_DMA_Abort_IT
                0x0000000008002aee       0x44 ./Drivers/STM32F4xx_HAL_Driver/Src/stm32f4xx_hal_dma.o
                0x0000000008002aee                HAL_DMA_Abort_IT
 *fill*         0x0000000008002b32        0x2 
 .text.HAL_GPIO_Init
                0x0000000008002b34      0x338 ./Drivers/STM32F4xx_HAL_Driver/Src/stm32f4xx_hal_gpio.o
                0x0000000008002b34                HAL_GPIO_Init
 .text.HAL_GPIO_WritePin
                0x0000000008002e6c       0x32 ./Drivers/STM32F4xx_HAL_Driver/Src/stm32f4xx_hal_gpio.o
                0x0000000008002e6c                HAL_GPIO_WritePin
 .text.HAL_PCD_Init
                0x0000000008002e9e      0x23a ./Drivers/STM32F4xx_HAL_Driver/Src/stm32f4xx_hal_pcd.o
                0x0000000008002e9e                HAL_PCD_Init
 .text.HAL_PCD_Start
                0x00000000080030d8       0x66 ./Drivers/STM32F4xx_HAL_Driver/Src/stm32f4xx_hal_pcd.o
                0x00000000080030d8                HAL_PCD_Start
 .text.HAL_PCD_IRQHandler
                0x000000000800313e      0x93e ./Drivers/STM32F4xx_HAL_Driver/Src/stm32f4xx_hal_pcd.o
                0x000000000800313e                HAL_PCD_IRQHandler
 .text.HAL_PCD_SetAddress
                0x0000000008003a7c       0x4a ./Drivers/STM32F4xx_HAL_Driver/Src/stm32f4xx_hal_pcd.o
                0x0000000008003a7c                HAL_PCD_SetAddress
 .text.HAL_PCD_EP_Open
                0x0000000008003ac6       0xd0 ./Drivers/STM32F4xx_HAL_Driver/Src/stm32f4xx_hal_pcd.o
                0x0000000008003ac6                HAL_PCD_EP_Open
 .text.HAL_PCD_EP_Close
                0x0000000008003b96       0x94 ./Drivers/STM32F4xx_HAL_Driver/Src/stm32f4xx_hal_pcd.o
                0x0000000008003b96                HAL_PCD_EP_Close
 .text.HAL_PCD_EP_Receive
                0x0000000008003c2a       0x96 ./Drivers/STM32F4xx_HAL_Driver/Src/stm32f4xx_hal_pcd.o
                0x0000000008003c2a                HAL_PCD_EP_Receive
 .text.HAL_PCD_EP_GetRxCount
                0x0000000008003cc0       0x30 ./Drivers/STM32F4xx_HAL_Driver/Src/stm32f4xx_hal_pcd.o
                0x0000000008003cc0                HAL_PCD_EP_GetRxCount
 .text.HAL_PCD_EP_Transmit
                0x0000000008003cf0       0x94 ./Drivers/STM32F4xx_HAL_Driver/Src/stm32f4xx_hal_pcd.o
                0x0000000008003cf0                HAL_PCD_EP_Transmit
 .text.HAL_PCD_EP_SetStall
                0x0000000008003d84       0xc8 ./Drivers/STM32F4xx_HAL_Driver/Src/stm32f4xx_hal_pcd.o
                0x0000000008003d84                HAL_PCD_EP_SetStall
 .text.HAL_PCD_EP_ClrStall
                0x0000000008003e4c       0xac ./Drivers/STM32F4xx_HAL_Driver/Src/stm32f4xx_hal_pcd.o
                0x0000000008003e4c                HAL_PCD_EP_ClrStall
 .text.HAL_PCD_EP_Abort
                0x0000000008003ef8       0x62 ./Drivers/STM32F4xx_HAL_Driver/Src/stm32f4xx_hal_pcd.o
                0x0000000008003ef8                HAL_PCD_EP_Abort
 .text.PCD_WriteEmptyTxFifo
                0x0000000008003f5a      0x11a ./Drivers/STM32F4xx_HAL_Driver/Src/stm32f4xx_hal_pcd.o
 .text.PCD_EP_OutXfrComplete_int
                0x0000000008004074      0x1d0 ./Drivers/STM32F4xx_HAL_Driver/Src/stm32f4xx_hal_pcd.o
 .text.PCD_EP_OutSetupPacket_int
                0x0000000008004244       0x8c ./Drivers/STM32F4xx_HAL_Driver/Src/stm32f4xx_hal_pcd.o
 .text.HAL_PCDEx_SetTxFiFo
                0x00000000080042d0       0x8e ./Drivers/STM32F4xx_HAL_Driver/Src/stm32f4xx_hal_pcd_ex.o
                0x00000000080042d0                HAL_PCDEx_SetTxFiFo
 .text.HAL_PCDEx_SetRxFiFo
                0x000000000800435e       0x22 ./Drivers/STM32F4xx_HAL_Driver/Src/stm32f4xx_hal_pcd_ex.o
                0x000000000800435e                HAL_PCDEx_SetRxFiFo
 .text.HAL_PCDEx_LPM_Callback
                0x0000000008004380       0x18 ./Drivers/STM32F4xx_HAL_Driver/Src/stm32f4xx_hal_pcd_ex.o
                0x0000000008004380                HAL_PCDEx_LPM_Callback
 .text.HAL_RCC_OscConfig
                0x0000000008004398      0x4f0 ./Drivers/STM32F4xx_HAL_Driver/Src/stm32f4xx_hal_rcc.o
                0x0000000008004398                HAL_RCC_OscConfig
 .text.HAL_RCC_ClockConfig
                0x0000000008004888      0x1cc ./Drivers/STM32F4xx_HAL_Driver/Src/stm32f4xx_hal_rcc.o
                0x0000000008004888                HAL_RCC_ClockConfig
 .text.HAL_RCC_GetSysClockFreq
                0x0000000008004a54      0x20c ./Drivers/STM32F4xx_HAL_Driver/Src/stm32f4xx_hal_rcc.o
                0x0000000008004a54                HAL_RCC_GetSysClockFreq
 .text.HAL_RCC_GetHCLKFreq
                0x0000000008004c60       0x18 ./Drivers/STM32F4xx_HAL_Driver/Src/stm32f4xx_hal_rcc.o
                0x0000000008004c60                HAL_RCC_GetHCLKFreq
 .text.HAL_RCC_GetPCLK1Freq
                0x0000000008004c78       0x28 ./Drivers/STM32F4xx_HAL_Driver/Src/stm32f4xx_hal_rcc.o
                0x0000000008004c78                HAL_RCC_GetPCLK1Freq
 .text.HAL_RCC_GetPCLK2Freq
                0x0000000008004ca0       0x28 ./Drivers/STM32F4xx_HAL_Driver/Src/stm32f4xx_hal_rcc.o
                0x0000000008004ca0                HAL_RCC_GetPCLK2Freq
 .text.HAL_TIM_Base_Init
                0x0000000008004cc8       0x9e ./Drivers/STM32F4xx_HAL_Driver/Src/stm32f4xx_hal_tim.o
                0x0000000008004cc8                HAL_TIM_Base_Init
 *fill*         0x0000000008004d66        0x2 
 .text.HAL_TIM_Base_Start_IT
                0x0000000008004d68       0xe0 ./Drivers/STM32F4xx_HAL_Driver/Src/stm32f4xx_hal_tim.o
                0x0000000008004d68                HAL_TIM_Base_Start_IT
 .text.HAL_TIM_PWM_Init
                0x0000000008004e48       0x9e ./Drivers/STM32F4xx_HAL_Driver/Src/stm32f4xx_hal_tim.o
                0x0000000008004e48                HAL_TIM_PWM_Init
 *fill*         0x0000000008004ee6        0x2 
 .text.HAL_TIM_PWM_Start
                0x0000000008004ee8      0x190 ./Drivers/STM32F4xx_HAL_Driver/Src/stm32f4xx_hal_tim.o
                0x0000000008004ee8                HAL_TIM_PWM_Start
 .text.HAL_TIM_Encoder_Init
                0x0000000008005078      0x14c ./Drivers/STM32F4xx_HAL_Driver/Src/stm32f4xx_hal_tim.o
                0x0000000008005078                HAL_TIM_Encoder_Init
 .text.HAL_TIM_Encoder_Start
                0x00000000080051c4      0x11c ./Drivers/STM32F4xx_HAL_Driver/Src/stm32f4xx_hal_tim.o
                0x00000000080051c4                HAL_TIM_Encoder_Start
 .text.HAL_TIM_IRQHandler
                0x00000000080052e0      0x210 ./Drivers/STM32F4xx_HAL_Driver/Src/stm32f4xx_hal_tim.o
                0x00000000080052e0                HAL_TIM_IRQHandler
 .text.HAL_TIM_PWM_ConfigChannel
                0x00000000080054f0      0x184 ./Drivers/STM32F4xx_HAL_Driver/Src/stm32f4xx_hal_tim.o
                0x00000000080054f0                HAL_TIM_PWM_ConfigChannel
 .text.HAL_TIM_ConfigClockSource
                0x0000000008005674      0x18e ./Drivers/STM32F4xx_HAL_Driver/Src/stm32f4xx_hal_tim.o
                0x0000000008005674                HAL_TIM_ConfigClockSource
 .text.HAL_TIM_OC_DelayElapsedCallback
                0x0000000008005802       0x14 ./Drivers/STM32F4xx_HAL_Driver/Src/stm32f4xx_hal_tim.o
                0x0000000008005802                HAL_TIM_OC_DelayElapsedCallback
 .text.HAL_TIM_IC_CaptureCallback
                0x0000000008005816       0x14 ./Drivers/STM32F4xx_HAL_Driver/Src/stm32f4xx_hal_tim.o
                0x0000000008005816                HAL_TIM_IC_CaptureCallback
 .text.HAL_TIM_PWM_PulseFinishedCallback
                0x000000000800582a       0x14 ./Drivers/STM32F4xx_HAL_Driver/Src/stm32f4xx_hal_tim.o
                0x000000000800582a                HAL_TIM_PWM_PulseFinishedCallback
 .text.HAL_TIM_TriggerCallback
                0x000000000800583e       0x14 ./Drivers/STM32F4xx_HAL_Driver/Src/stm32f4xx_hal_tim.o
                0x000000000800583e                HAL_TIM_TriggerCallback
 *fill*         0x0000000008005852        0x2 
 .text.TIM_Base_SetConfig
                0x0000000008005854      0x140 ./Drivers/STM32F4xx_HAL_Driver/Src/stm32f4xx_hal_tim.o
                0x0000000008005854                TIM_Base_SetConfig
 .text.TIM_OC1_SetConfig
                0x0000000008005994       0xe0 ./Drivers/STM32F4xx_HAL_Driver/Src/stm32f4xx_hal_tim.o
 .text.TIM_OC2_SetConfig
                0x0000000008005a74       0xec ./Drivers/STM32F4xx_HAL_Driver/Src/stm32f4xx_hal_tim.o
                0x0000000008005a74                TIM_OC2_SetConfig
 .text.TIM_OC3_SetConfig
                0x0000000008005b60       0xe8 ./Drivers/STM32F4xx_HAL_Driver/Src/stm32f4xx_hal_tim.o
 .text.TIM_OC4_SetConfig
                0x0000000008005c48       0xac ./Drivers/STM32F4xx_HAL_Driver/Src/stm32f4xx_hal_tim.o
 .text.TIM_TI1_ConfigInputStage
                0x0000000008005cf4       0x5e ./Drivers/STM32F4xx_HAL_Driver/Src/stm32f4xx_hal_tim.o
 .text.TIM_TI2_ConfigInputStage
                0x0000000008005d52       0x60 ./Drivers/STM32F4xx_HAL_Driver/Src/stm32f4xx_hal_tim.o
 .text.TIM_ITRx_SetConfig
                0x0000000008005db2       0x36 ./Drivers/STM32F4xx_HAL_Driver/Src/stm32f4xx_hal_tim.o
 .text.TIM_ETR_SetConfig
                0x0000000008005de8       0x40 ./Drivers/STM32F4xx_HAL_Driver/Src/stm32f4xx_hal_tim.o
                0x0000000008005de8                TIM_ETR_SetConfig
 .text.TIM_CCxChannelCmd
                0x0000000008005e28       0x4a ./Drivers/STM32F4xx_HAL_Driver/Src/stm32f4xx_hal_tim.o
                0x0000000008005e28                TIM_CCxChannelCmd
 *fill*         0x0000000008005e72        0x2 
 .text.HAL_TIMEx_MasterConfigSynchronization
                0x0000000008005e74       0xf8 ./Drivers/STM32F4xx_HAL_Driver/Src/stm32f4xx_hal_tim_ex.o
                0x0000000008005e74                HAL_TIMEx_MasterConfigSynchronization
 .text.HAL_TIMEx_CommutCallback
                0x0000000008005f6c       0x14 ./Drivers/STM32F4xx_HAL_Driver/Src/stm32f4xx_hal_tim_ex.o
                0x0000000008005f6c                HAL_TIMEx_CommutCallback
 .text.HAL_TIMEx_BreakCallback
                0x0000000008005f80       0x14 ./Drivers/STM32F4xx_HAL_Driver/Src/stm32f4xx_hal_tim_ex.o
                0x0000000008005f80                HAL_TIMEx_BreakCallback
 .text.HAL_UART_Init
                0x0000000008005f94       0x9a ./Drivers/STM32F4xx_HAL_Driver/Src/stm32f4xx_hal_uart.o
                0x0000000008005f94                HAL_UART_Init
 .text.HAL_UART_Transmit
                0x000000000800602e      0x124 ./Drivers/STM32F4xx_HAL_Driver/Src/stm32f4xx_hal_uart.o
                0x000000000800602e                HAL_UART_Transmit
 .text.HAL_UART_Receive_IT
                0x0000000008006152       0x60 ./Drivers/STM32F4xx_HAL_Driver/Src/stm32f4xx_hal_uart.o
                0x0000000008006152                HAL_UART_Receive_IT
 *fill*         0x00000000080061b2        0x2 
 .text.HAL_UART_IRQHandler
                0x00000000080061b4      0x51c ./Drivers/STM32F4xx_HAL_Driver/Src/stm32f4xx_hal_uart.o
                0x00000000080061b4                HAL_UART_IRQHandler
 .text.HAL_UART_TxCpltCallback
                0x00000000080066d0       0x14 ./Drivers/STM32F4xx_HAL_Driver/Src/stm32f4xx_hal_uart.o
                0x00000000080066d0                HAL_UART_TxCpltCallback
 .text.HAL_UART_ErrorCallback
                0x00000000080066e4       0x14 ./Drivers/STM32F4xx_HAL_Driver/Src/stm32f4xx_hal_uart.o
                0x00000000080066e4                HAL_UART_ErrorCallback
 .text.HAL_UARTEx_RxEventCallback
                0x00000000080066f8       0x18 ./Drivers/STM32F4xx_HAL_Driver/Src/stm32f4xx_hal_uart.o
                0x00000000080066f8                HAL_UARTEx_RxEventCallback
 .text.UART_WaitOnFlagUntilTimeout
                0x0000000008006710       0xdc ./Drivers/STM32F4xx_HAL_Driver/Src/stm32f4xx_hal_uart.o
 .text.UART_Start_Receive_IT
                0x00000000080067ec       0x7c ./Drivers/STM32F4xx_HAL_Driver/Src/stm32f4xx_hal_uart.o
                0x00000000080067ec                UART_Start_Receive_IT
 .text.UART_EndRxTransfer
                0x0000000008006868       0xc6 ./Drivers/STM32F4xx_HAL_Driver/Src/stm32f4xx_hal_uart.o
 .text.UART_DMAAbortOnError
                0x000000000800692e       0x28 ./Drivers/STM32F4xx_HAL_Driver/Src/stm32f4xx_hal_uart.o
 .text.UART_Transmit_IT
                0x0000000008006956       0xa0 ./Drivers/STM32F4xx_HAL_Driver/Src/stm32f4xx_hal_uart.o
 .text.UART_EndTransmit_IT
                0x00000000080069f6       0x30 ./Drivers/STM32F4xx_HAL_Driver/Src/stm32f4xx_hal_uart.o
 .text.UART_Receive_IT
                0x0000000008006a26      0x176 ./Drivers/STM32F4xx_HAL_Driver/Src/stm32f4xx_hal_uart.o
 .text.UART_SetConfig
                0x0000000008006b9c      0x4e8 ./Drivers/STM32F4xx_HAL_Driver/Src/stm32f4xx_hal_uart.o
 .text.USB_CoreInit
                0x0000000008007084       0xc2 ./Drivers/STM32F4xx_HAL_Driver/Src/stm32f4xx_ll_usb.o
                0x0000000008007084                USB_CoreInit
 *fill*         0x0000000008007146        0x2 
 .text.USB_SetTurnaroundTime
                0x0000000008007148      0x144 ./Drivers/STM32F4xx_HAL_Driver/Src/stm32f4xx_ll_usb.o
                0x0000000008007148                USB_SetTurnaroundTime
 .text.USB_EnableGlobalInt
                0x000000000800728c       0x22 ./Drivers/STM32F4xx_HAL_Driver/Src/stm32f4xx_ll_usb.o
                0x000000000800728c                USB_EnableGlobalInt
 .text.USB_DisableGlobalInt
                0x00000000080072ae       0x22 ./Drivers/STM32F4xx_HAL_Driver/Src/stm32f4xx_ll_usb.o
                0x00000000080072ae                USB_DisableGlobalInt
 .text.USB_SetCurrentMode
                0x00000000080072d0       0x98 ./Drivers/STM32F4xx_HAL_Driver/Src/stm32f4xx_ll_usb.o
                0x00000000080072d0                USB_SetCurrentMode
 .text.USB_DevInit
                0x0000000008007368      0x2c8 ./Drivers/STM32F4xx_HAL_Driver/Src/stm32f4xx_ll_usb.o
                0x0000000008007368                USB_DevInit
 .text.USB_FlushTxFifo
                0x0000000008007630       0x68 ./Drivers/STM32F4xx_HAL_Driver/Src/stm32f4xx_ll_usb.o
                0x0000000008007630                USB_FlushTxFifo
 .text.USB_FlushRxFifo
                0x0000000008007698       0x60 ./Drivers/STM32F4xx_HAL_Driver/Src/stm32f4xx_ll_usb.o
                0x0000000008007698                USB_FlushRxFifo
 .text.USB_SetDevSpeed
                0x00000000080076f8       0x32 ./Drivers/STM32F4xx_HAL_Driver/Src/stm32f4xx_ll_usb.o
                0x00000000080076f8                USB_SetDevSpeed
 .text.USB_GetDevSpeed
                0x000000000800772a       0x4a ./Drivers/STM32F4xx_HAL_Driver/Src/stm32f4xx_ll_usb.o
                0x000000000800772a                USB_GetDevSpeed
 .text.USB_ActivateEndpoint
                0x0000000008007774      0x10e ./Drivers/STM32F4xx_HAL_Driver/Src/stm32f4xx_ll_usb.o
                0x0000000008007774                USB_ActivateEndpoint
 *fill*         0x0000000008007882        0x2 
 .text.USB_DeactivateEndpoint
                0x0000000008007884      0x1b8 ./Drivers/STM32F4xx_HAL_Driver/Src/stm32f4xx_ll_usb.o
                0x0000000008007884                USB_DeactivateEndpoint
 .text.USB_EPStartXfer
                0x0000000008007a3c      0x490 ./Drivers/STM32F4xx_HAL_Driver/Src/stm32f4xx_ll_usb.o
                0x0000000008007a3c                USB_EPStartXfer
 .text.USB_EP0StartXfer
                0x0000000008007ecc      0x2b0 ./Drivers/STM32F4xx_HAL_Driver/Src/stm32f4xx_ll_usb.o
                0x0000000008007ecc                USB_EP0StartXfer
 .text.USB_EPStopXfer
                0x000000000800817c      0x154 ./Drivers/STM32F4xx_HAL_Driver/Src/stm32f4xx_ll_usb.o
                0x000000000800817c                USB_EPStopXfer
 .text.USB_WritePacket
                0x00000000080082d0       0x7c ./Drivers/STM32F4xx_HAL_Driver/Src/stm32f4xx_ll_usb.o
                0x00000000080082d0                USB_WritePacket
 .text.USB_ReadPacket
                0x000000000800834c       0xb0 ./Drivers/STM32F4xx_HAL_Driver/Src/stm32f4xx_ll_usb.o
                0x000000000800834c                USB_ReadPacket
 .text.USB_EPSetStall
                0x00000000080083fc       0xdc ./Drivers/STM32F4xx_HAL_Driver/Src/stm32f4xx_ll_usb.o
                0x00000000080083fc                USB_EPSetStall
 .text.USB_EPClearStall
                0x00000000080084d8       0xcc ./Drivers/STM32F4xx_HAL_Driver/Src/stm32f4xx_ll_usb.o
                0x00000000080084d8                USB_EPClearStall
 .text.USB_SetDevAddress
                0x00000000080085a4       0x4c ./Drivers/STM32F4xx_HAL_Driver/Src/stm32f4xx_ll_usb.o
                0x00000000080085a4                USB_SetDevAddress
 .text.USB_DevConnect
                0x00000000080085f0       0x42 ./Drivers/STM32F4xx_HAL_Driver/Src/stm32f4xx_ll_usb.o
                0x00000000080085f0                USB_DevConnect
 .text.USB_DevDisconnect
                0x0000000008008632       0x42 ./Drivers/STM32F4xx_HAL_Driver/Src/stm32f4xx_ll_usb.o
                0x0000000008008632                USB_DevDisconnect
 .text.USB_ReadInterrupts
                0x0000000008008674       0x26 ./Drivers/STM32F4xx_HAL_Driver/Src/stm32f4xx_ll_usb.o
                0x0000000008008674                USB_ReadInterrupts
 .text.USB_ReadDevAllOutEpInterrupt
                0x000000000800869a       0x34 ./Drivers/STM32F4xx_HAL_Driver/Src/stm32f4xx_ll_usb.o
                0x000000000800869a                USB_ReadDevAllOutEpInterrupt
 .text.USB_ReadDevAllInEpInterrupt
                0x00000000080086ce       0x34 ./Drivers/STM32F4xx_HAL_Driver/Src/stm32f4xx_ll_usb.o
                0x00000000080086ce                USB_ReadDevAllInEpInterrupt
 .text.USB_ReadDevOutEPInterrupt
                0x0000000008008702       0x3c ./Drivers/STM32F4xx_HAL_Driver/Src/stm32f4xx_ll_usb.o
                0x0000000008008702                USB_ReadDevOutEPInterrupt
 .text.USB_ReadDevInEPInterrupt
                0x000000000800873e       0x5c ./Drivers/STM32F4xx_HAL_Driver/Src/stm32f4xx_ll_usb.o
                0x000000000800873e                USB_ReadDevInEPInterrupt
 .text.USB_GetMode
                0x000000000800879a       0x1c ./Drivers/STM32F4xx_HAL_Driver/Src/stm32f4xx_ll_usb.o
                0x000000000800879a                USB_GetMode
 .text.USB_ActivateSetup
                0x00000000080087b6       0x46 ./Drivers/STM32F4xx_HAL_Driver/Src/stm32f4xx_ll_usb.o
                0x00000000080087b6                USB_ActivateSetup
 .text.USB_EP0_OutStart
                0x00000000080087fc       0xbc ./Drivers/STM32F4xx_HAL_Driver/Src/stm32f4xx_ll_usb.o
                0x00000000080087fc                USB_EP0_OutStart
 .text.USB_CoreReset
                0x00000000080088b8       0x68 ./Drivers/STM32F4xx_HAL_Driver/Src/stm32f4xx_ll_usb.o
 .text.USBD_CDC_Init
                0x0000000008008920      0x1f0 ./Middlewares/ST/STM32_USB_Device_Library/Class/CDC/Src/usbd_cdc.o
 .text.USBD_CDC_DeInit
                0x0000000008008b10      0x104 ./Middlewares/ST/STM32_USB_Device_Library/Class/CDC/Src/usbd_cdc.o
 .text.USBD_CDC_Setup
                0x0000000008008c14      0x1b8 ./Middlewares/ST/STM32_USB_Device_Library/Class/CDC/Src/usbd_cdc.o
 .text.USBD_CDC_DataIn
                0x0000000008008dcc       0xfe ./Middlewares/ST/STM32_USB_Device_Library/Class/CDC/Src/usbd_cdc.o
 .text.USBD_CDC_DataOut
                0x0000000008008eca       0x70 ./Middlewares/ST/STM32_USB_Device_Library/Class/CDC/Src/usbd_cdc.o
 .text.USBD_CDC_EP0_RxReady
                0x0000000008008f3a       0x76 ./Middlewares/ST/STM32_USB_Device_Library/Class/CDC/Src/usbd_cdc.o
 .text.USBD_CDC_GetFSCfgDesc
                0x0000000008008fb0       0x70 ./Middlewares/ST/STM32_USB_Device_Library/Class/CDC/Src/usbd_cdc.o
 .text.USBD_CDC_GetHSCfgDesc
                0x0000000008009020       0x70 ./Middlewares/ST/STM32_USB_Device_Library/Class/CDC/Src/usbd_cdc.o
 .text.USBD_CDC_GetOtherSpeedCfgDesc
                0x0000000008009090       0x70 ./Middlewares/ST/STM32_USB_Device_Library/Class/CDC/Src/usbd_cdc.o
 .text.USBD_CDC_GetDeviceQualifierDescriptor
                0x0000000008009100       0x20 ./Middlewares/ST/STM32_USB_Device_Library/Class/CDC/Src/usbd_cdc.o
                0x0000000008009100                USBD_CDC_GetDeviceQualifierDescriptor
 .text.USBD_CDC_RegisterInterface
                0x0000000008009120       0x34 ./Middlewares/ST/STM32_USB_Device_Library/Class/CDC/Src/usbd_cdc.o
                0x0000000008009120                USBD_CDC_RegisterInterface
 .text.USBD_CDC_SetTxBuffer
                0x0000000008009154       0x44 ./Middlewares/ST/STM32_USB_Device_Library/Class/CDC/Src/usbd_cdc.o
                0x0000000008009154                USBD_CDC_SetTxBuffer
 .text.USBD_CDC_SetRxBuffer
                0x0000000008009198       0x3a ./Middlewares/ST/STM32_USB_Device_Library/Class/CDC/Src/usbd_cdc.o
                0x0000000008009198                USBD_CDC_SetRxBuffer
 *fill*         0x00000000080091d2        0x2 
 .text.USBD_CDC_ReceivePacket
                0x00000000080091d4       0x6c ./Middlewares/ST/STM32_USB_Device_Library/Class/CDC/Src/usbd_cdc.o
                0x00000000080091d4                USBD_CDC_ReceivePacket
 .text.USBD_Init
                0x0000000008009240       0x60 ./Middlewares/ST/STM32_USB_Device_Library/Core/Src/usbd_core.o
                0x0000000008009240                USBD_Init
 .text.USBD_RegisterClass
                0x00000000080092a0       0x6c ./Middlewares/ST/STM32_USB_Device_Library/Core/Src/usbd_core.o
                0x00000000080092a0                USBD_RegisterClass
 .text.USBD_Start
                0x000000000800930c       0x18 ./Middlewares/ST/STM32_USB_Device_Library/Core/Src/usbd_core.o
                0x000000000800930c                USBD_Start
 .text.USBD_RunTestMode
                0x0000000008009324       0x16 ./Middlewares/ST/STM32_USB_Device_Library/Core/Src/usbd_core.o
                0x0000000008009324                USBD_RunTestMode
 .text.USBD_SetClassConfig
                0x000000000800933a       0x38 ./Middlewares/ST/STM32_USB_Device_Library/Core/Src/usbd_core.o
                0x000000000800933a                USBD_SetClassConfig
 .text.USBD_ClrClassConfig
                0x0000000008009372       0x34 ./Middlewares/ST/STM32_USB_Device_Library/Core/Src/usbd_core.o
                0x0000000008009372                USBD_ClrClassConfig
 .text.USBD_LL_SetupStage
                0x00000000080093a6       0xaa ./Middlewares/ST/STM32_USB_Device_Library/Core/Src/usbd_core.o
                0x00000000080093a6                USBD_LL_SetupStage
 .text.USBD_LL_DataOutStage
                0x0000000008009450      0x166 ./Middlewares/ST/STM32_USB_Device_Library/Core/Src/usbd_core.o
                0x0000000008009450                USBD_LL_DataOutStage
 .text.USBD_LL_DataInStage
                0x00000000080095b6      0x164 ./Middlewares/ST/STM32_USB_Device_Library/Core/Src/usbd_core.o
                0x00000000080095b6                USBD_LL_DataInStage
 .text.USBD_LL_Reset
                0x000000000800971a       0xa4 ./Middlewares/ST/STM32_USB_Device_Library/Core/Src/usbd_core.o
                0x000000000800971a                USBD_LL_Reset
 .text.USBD_LL_SetSpeed
                0x00000000080097be       0x20 ./Middlewares/ST/STM32_USB_Device_Library/Core/Src/usbd_core.o
                0x00000000080097be                USBD_LL_SetSpeed
 .text.USBD_LL_Suspend
                0x00000000080097de       0x2c ./Middlewares/ST/STM32_USB_Device_Library/Core/Src/usbd_core.o
                0x00000000080097de                USBD_LL_Suspend
 .text.USBD_LL_Resume
                0x000000000800980a       0x30 ./Middlewares/ST/STM32_USB_Device_Library/Core/Src/usbd_core.o
                0x000000000800980a                USBD_LL_Resume
 .text.USBD_LL_SOF
                0x000000000800983a       0x40 ./Middlewares/ST/STM32_USB_Device_Library/Core/Src/usbd_core.o
                0x000000000800983a                USBD_LL_SOF
 .text.USBD_LL_IsoINIncomplete
                0x000000000800987a       0x64 ./Middlewares/ST/STM32_USB_Device_Library/Core/Src/usbd_core.o
                0x000000000800987a                USBD_LL_IsoINIncomplete
 .text.USBD_LL_IsoOUTIncomplete
                0x00000000080098de       0x64 ./Middlewares/ST/STM32_USB_Device_Library/Core/Src/usbd_core.o
                0x00000000080098de                USBD_LL_IsoOUTIncomplete
 .text.USBD_LL_DevConnected
                0x0000000008009942       0x16 ./Middlewares/ST/STM32_USB_Device_Library/Core/Src/usbd_core.o
                0x0000000008009942                USBD_LL_DevConnected
 .text.USBD_LL_DevDisconnected
                0x0000000008009958       0x46 ./Middlewares/ST/STM32_USB_Device_Library/Core/Src/usbd_core.o
                0x0000000008009958                USBD_LL_DevDisconnected
 .text.USBD_CoreFindIF
                0x000000000800999e       0x1a ./Middlewares/ST/STM32_USB_Device_Library/Core/Src/usbd_core.o
                0x000000000800999e                USBD_CoreFindIF
 .text.USBD_CoreFindEP
                0x00000000080099b8       0x1a ./Middlewares/ST/STM32_USB_Device_Library/Core/Src/usbd_core.o
                0x00000000080099b8                USBD_CoreFindEP
 .text.USBD_GetEpDesc
                0x00000000080099d2       0x74 ./Middlewares/ST/STM32_USB_Device_Library/Core/Src/usbd_core.o
                0x00000000080099d2                USBD_GetEpDesc
 .text.USBD_GetNextDesc
                0x0000000008009a46       0x3a ./Middlewares/ST/STM32_USB_Device_Library/Core/Src/usbd_core.o
                0x0000000008009a46                USBD_GetNextDesc
 .text.SWAPBYTE
                0x0000000008009a80       0x3c ./Middlewares/ST/STM32_USB_Device_Library/Core/Src/usbd_ctlreq.o
 .text.USBD_StdDevReq
                0x0000000008009abc       0xe4 ./Middlewares/ST/STM32_USB_Device_Library/Core/Src/usbd_ctlreq.o
                0x0000000008009abc                USBD_StdDevReq
 .text.USBD_StdItfReq
                0x0000000008009ba0       0xd8 ./Middlewares/ST/STM32_USB_Device_Library/Core/Src/usbd_ctlreq.o
                0x0000000008009ba0                USBD_StdItfReq
 .text.USBD_StdEPReq
                0x0000000008009c78      0x33a ./Middlewares/ST/STM32_USB_Device_Library/Core/Src/usbd_ctlreq.o
                0x0000000008009c78                USBD_StdEPReq
 *fill*         0x0000000008009fb2        0x2 
 .text.USBD_GetDescriptor
                0x0000000008009fb4      0x2d4 ./Middlewares/ST/STM32_USB_Device_Library/Core/Src/usbd_ctlreq.o
 .text.USBD_SetAddress
                0x000000000800a288       0x88 ./Middlewares/ST/STM32_USB_Device_Library/Core/Src/usbd_ctlreq.o
 .text.USBD_SetConfig
                0x000000000800a310      0x154 ./Middlewares/ST/STM32_USB_Device_Library/Core/Src/usbd_ctlreq.o
 .text.USBD_GetConfig
                0x000000000800a464       0x6c ./Middlewares/ST/STM32_USB_Device_Library/Core/Src/usbd_ctlreq.o
 .text.USBD_GetStatus
                0x000000000800a4d0       0x68 ./Middlewares/ST/STM32_USB_Device_Library/Core/Src/usbd_ctlreq.o
 .text.USBD_SetFeature
                0x000000000800a538       0x52 ./Middlewares/ST/STM32_USB_Device_Library/Core/Src/usbd_ctlreq.o
 .text.USBD_ClrFeature
                0x000000000800a58a       0x44 ./Middlewares/ST/STM32_USB_Device_Library/Core/Src/usbd_ctlreq.o
 .text.USBD_ParseSetupRequest
                0x000000000800a5ce       0x74 ./Middlewares/ST/STM32_USB_Device_Library/Core/Src/usbd_ctlreq.o
                0x000000000800a5ce                USBD_ParseSetupRequest
 .text.USBD_CtlError
                0x000000000800a642       0x22 ./Middlewares/ST/STM32_USB_Device_Library/Core/Src/usbd_ctlreq.o
                0x000000000800a642                USBD_CtlError
 .text.USBD_GetString
                0x000000000800a664       0x8c ./Middlewares/ST/STM32_USB_Device_Library/Core/Src/usbd_ctlreq.o
                0x000000000800a664                USBD_GetString
 .text.USBD_GetLen
                0x000000000800a6f0       0x34 ./Middlewares/ST/STM32_USB_Device_Library/Core/Src/usbd_ctlreq.o
 .text.USBD_CtlSendData
                0x000000000800a724       0x36 ./Middlewares/ST/STM32_USB_Device_Library/Core/Src/usbd_ioreq.o
                0x000000000800a724                USBD_CtlSendData
 .text.USBD_CtlContinueSendData
                0x000000000800a75a       0x22 ./Middlewares/ST/STM32_USB_Device_Library/Core/Src/usbd_ioreq.o
                0x000000000800a75a                USBD_CtlContinueSendData
 .text.USBD_CtlPrepareRx
                0x000000000800a77c       0x3a ./Middlewares/ST/STM32_USB_Device_Library/Core/Src/usbd_ioreq.o
                0x000000000800a77c                USBD_CtlPrepareRx
 .text.USBD_CtlContinueRx
                0x000000000800a7b6       0x22 ./Middlewares/ST/STM32_USB_Device_Library/Core/Src/usbd_ioreq.o
                0x000000000800a7b6                USBD_CtlContinueRx
 .text.USBD_CtlSendStatus
                0x000000000800a7d8       0x26 ./Middlewares/ST/STM32_USB_Device_Library/Core/Src/usbd_ioreq.o
                0x000000000800a7d8                USBD_CtlSendStatus
 .text.USBD_CtlReceiveStatus
                0x000000000800a7fe       0x26 ./Middlewares/ST/STM32_USB_Device_Library/Core/Src/usbd_ioreq.o
                0x000000000800a7fe                USBD_CtlReceiveStatus
 .text.MX_USB_DEVICE_Init
                0x000000000800a824       0x60 ./USB_DEVICE/App/usb_device.o
                0x000000000800a824                MX_USB_DEVICE_Init
 .text.CDC_Init_FS
                0x000000000800a884       0x28 ./USB_DEVICE/App/usbd_cdc_if.o
 .text.CDC_DeInit_FS
                0x000000000800a8ac       0x10 ./USB_DEVICE/App/usbd_cdc_if.o
 .text.CDC_Control_FS
                0x000000000800a8bc      0x14c ./USB_DEVICE/App/usbd_cdc_if.o
 .text.CDC_Receive_FS
                0x000000000800aa08       0x44 ./USB_DEVICE/App/usbd_cdc_if.o
 .text.CDC_TransmitCplt_FS
                0x000000000800aa4c       0x22 ./USB_DEVICE/App/usbd_cdc_if.o
 *fill*         0x000000000800aa6e        0x2 
 .text.USBD_FS_DeviceDescriptor
                0x000000000800aa70       0x24 ./USB_DEVICE/App/usbd_desc.o
                0x000000000800aa70                USBD_FS_DeviceDescriptor
 .text.USBD_FS_LangIDStrDescriptor
                0x000000000800aa94       0x24 ./USB_DEVICE/App/usbd_desc.o
                0x000000000800aa94                USBD_FS_LangIDStrDescriptor
 .text.USBD_FS_ProductStrDescriptor
                0x000000000800aab8       0x3c ./USB_DEVICE/App/usbd_desc.o
                0x000000000800aab8                USBD_FS_ProductStrDescriptor
 .text.USBD_FS_ManufacturerStrDescriptor
                0x000000000800aaf4       0x28 ./USB_DEVICE/App/usbd_desc.o
                0x000000000800aaf4                USBD_FS_ManufacturerStrDescriptor
 .text.USBD_FS_SerialStrDescriptor
                0x000000000800ab1c       0x24 ./USB_DEVICE/App/usbd_desc.o
                0x000000000800ab1c                USBD_FS_SerialStrDescriptor
 .text.USBD_FS_ConfigStrDescriptor
                0x000000000800ab40       0x3c ./USB_DEVICE/App/usbd_desc.o
                0x000000000800ab40                USBD_FS_ConfigStrDescriptor
 .text.USBD_FS_InterfaceStrDescriptor
                0x000000000800ab7c       0x3c ./USB_DEVICE/App/usbd_desc.o
                0x000000000800ab7c                USBD_FS_InterfaceStrDescriptor
 .text.Get_SerialNum
                0x000000000800abb8       0x58 ./USB_DEVICE/App/usbd_desc.o
 .text.IntToUnicode
                0x000000000800ac10       0x7e ./USB_DEVICE/App/usbd_desc.o
 *fill*         0x000000000800ac8e        0x2 
 .text.HAL_PCD_MspInit
                0x000000000800ac90       0xa8 ./USB_DEVICE/Target/usbd_conf.o
                0x000000000800ac90                HAL_PCD_MspInit
 .text.HAL_PCD_SetupStageCallback
                0x000000000800ad38       0x24 ./USB_DEVICE/Target/usbd_conf.o
                0x000000000800ad38                HAL_PCD_SetupStageCallback
 .text.HAL_PCD_DataOutStageCallback
                0x000000000800ad5c       0x36 ./USB_DEVICE/Target/usbd_conf.o
                0x000000000800ad5c                HAL_PCD_DataOutStageCallback
 .text.HAL_PCD_DataInStageCallback
                0x000000000800ad92       0x34 ./USB_DEVICE/Target/usbd_conf.o
                0x000000000800ad92                HAL_PCD_DataInStageCallback
 .text.HAL_PCD_SOFCallback
                0x000000000800adc6       0x1c ./USB_DEVICE/Target/usbd_conf.o
                0x000000000800adc6                HAL_PCD_SOFCallback
 .text.HAL_PCD_ResetCallback
                0x000000000800ade2       0x50 ./USB_DEVICE/Target/usbd_conf.o
                0x000000000800ade2                HAL_PCD_ResetCallback
 *fill*         0x000000000800ae32        0x2 
 .text.HAL_PCD_SuspendCallback
                0x000000000800ae34       0x4c ./USB_DEVICE/Target/usbd_conf.o
                0x000000000800ae34                HAL_PCD_SuspendCallback
 .text.HAL_PCD_ResumeCallback
                0x000000000800ae80       0x1c ./USB_DEVICE/Target/usbd_conf.o
                0x000000000800ae80                HAL_PCD_ResumeCallback
 .text.HAL_PCD_ISOOUTIncompleteCallback
                0x000000000800ae9c       0x24 ./USB_DEVICE/Target/usbd_conf.o
                0x000000000800ae9c                HAL_PCD_ISOOUTIncompleteCallback
 .text.HAL_PCD_ISOINIncompleteCallback
                0x000000000800aec0       0x24 ./USB_DEVICE/Target/usbd_conf.o
                0x000000000800aec0                HAL_PCD_ISOINIncompleteCallback
 .text.HAL_PCD_ConnectCallback
                0x000000000800aee4       0x1c ./USB_DEVICE/Target/usbd_conf.o
                0x000000000800aee4                HAL_PCD_ConnectCallback
 .text.HAL_PCD_DisconnectCallback
                0x000000000800af00       0x1c ./USB_DEVICE/Target/usbd_conf.o
                0x000000000800af00                HAL_PCD_DisconnectCallback
 .text.USBD_LL_Init
                0x000000000800af1c       0x98 ./USB_DEVICE/Target/usbd_conf.o
                0x000000000800af1c                USBD_LL_Init
 .text.USBD_LL_Start
                0x000000000800afb4       0x36 ./USB_DEVICE/Target/usbd_conf.o
                0x000000000800afb4                USBD_LL_Start
 .text.USBD_LL_OpenEP
                0x000000000800afea       0x4c ./USB_DEVICE/Target/usbd_conf.o
                0x000000000800afea                USBD_LL_OpenEP
 .text.USBD_LL_CloseEP
                0x000000000800b036       0x3e ./USB_DEVICE/Target/usbd_conf.o
                0x000000000800b036                USBD_LL_CloseEP
 .text.USBD_LL_StallEP
                0x000000000800b074       0x3e ./USB_DEVICE/Target/usbd_conf.o
                0x000000000800b074                USBD_LL_StallEP
 .text.USBD_LL_ClearStallEP
                0x000000000800b0b2       0x3e ./USB_DEVICE/Target/usbd_conf.o
                0x000000000800b0b2                USBD_LL_ClearStallEP
 .text.USBD_LL_IsStallEP
                0x000000000800b0f0       0x58 ./USB_DEVICE/Target/usbd_conf.o
                0x000000000800b0f0                USBD_LL_IsStallEP
 .text.USBD_LL_SetUSBAddress
                0x000000000800b148       0x3e ./USB_DEVICE/Target/usbd_conf.o
                0x000000000800b148                USBD_LL_SetUSBAddress
 .text.USBD_LL_Transmit
                0x000000000800b186       0x42 ./USB_DEVICE/Target/usbd_conf.o
                0x000000000800b186                USBD_LL_Transmit
 .text.USBD_LL_PrepareReceive
                0x000000000800b1c8       0x42 ./USB_DEVICE/Target/usbd_conf.o
                0x000000000800b1c8                USBD_LL_PrepareReceive
 .text.USBD_LL_GetRxDataSize
                0x000000000800b20a       0x26 ./USB_DEVICE/Target/usbd_conf.o
                0x000000000800b20a                USBD_LL_GetRxDataSize
 .text.USBD_static_malloc
                0x000000000800b230       0x1c ./USB_DEVICE/Target/usbd_conf.o
                0x000000000800b230                USBD_static_malloc
 .text.USBD_static_free
                0x000000000800b24c       0x14 ./USB_DEVICE/Target/usbd_conf.o
                0x000000000800b24c                USBD_static_free
 .text.USBD_Get_USB_Status
                0x000000000800b260       0x58 ./USB_DEVICE/Target/usbd_conf.o
                0x000000000800b260                USBD_Get_USB_Status
 .text.__errno  0x000000000800b2b8        0xc /home/vienchau/Downloads/en.st-stm32cubeide_1.9.0_12015_20220302_0855_amd64.sh_v1.9.0/makeself_dir_31IH9z/y/plugins/com.st.stm32cube.ide.mcu.externaltools.gnu-tools-for-stm32.10.3-2021.10.linux64_1.0.0.202111181127/tools/bin/../lib/gcc/arm-none-eabi/10.3.1/../../../../arm-none-eabi/lib/thumb/v7e-m+fp/hard/libc_nano.a(lib_a-errno.o)
                0x000000000800b2b8                __errno
 .text.__libc_init_array
                0x000000000800b2c4       0x48 /home/vienchau/Downloads/en.st-stm32cubeide_1.9.0_12015_20220302_0855_amd64.sh_v1.9.0/makeself_dir_31IH9z/y/plugins/com.st.stm32cube.ide.mcu.externaltools.gnu-tools-for-stm32.10.3-2021.10.linux64_1.0.0.202111181127/tools/bin/../lib/gcc/arm-none-eabi/10.3.1/../../../../arm-none-eabi/lib/thumb/v7e-m+fp/hard/libc_nano.a(lib_a-init.o)
                0x000000000800b2c4                __libc_init_array
 .text.malloc   0x000000000800b30c       0x10 /home/vienchau/Downloads/en.st-stm32cubeide_1.9.0_12015_20220302_0855_amd64.sh_v1.9.0/makeself_dir_31IH9z/y/plugins/com.st.stm32cube.ide.mcu.externaltools.gnu-tools-for-stm32.10.3-2021.10.linux64_1.0.0.202111181127/tools/bin/../lib/gcc/arm-none-eabi/10.3.1/../../../../arm-none-eabi/lib/thumb/v7e-m+fp/hard/libc_nano.a(lib_a-malloc.o)
                0x000000000800b30c                malloc
 .text.free     0x000000000800b31c       0x10 /home/vienchau/Downloads/en.st-stm32cubeide_1.9.0_12015_20220302_0855_amd64.sh_v1.9.0/makeself_dir_31IH9z/y/plugins/com.st.stm32cube.ide.mcu.externaltools.gnu-tools-for-stm32.10.3-2021.10.linux64_1.0.0.202111181127/tools/bin/../lib/gcc/arm-none-eabi/10.3.1/../../../../arm-none-eabi/lib/thumb/v7e-m+fp/hard/libc_nano.a(lib_a-malloc.o)
                0x000000000800b31c                free
 .text.memcpy   0x000000000800b32c       0x1c /home/vienchau/Downloads/en.st-stm32cubeide_1.9.0_12015_20220302_0855_amd64.sh_v1.9.0/makeself_dir_31IH9z/y/plugins/com.st.stm32cube.ide.mcu.externaltools.gnu-tools-for-stm32.10.3-2021.10.linux64_1.0.0.202111181127/tools/bin/../lib/gcc/arm-none-eabi/10.3.1/../../../../arm-none-eabi/lib/thumb/v7e-m+fp/hard/libc_nano.a(lib_a-memcpy-stub.o)
                0x000000000800b32c                memcpy
 .text.memset   0x000000000800b348       0x10 /home/vienchau/Downloads/en.st-stm32cubeide_1.9.0_12015_20220302_0855_amd64.sh_v1.9.0/makeself_dir_31IH9z/y/plugins/com.st.stm32cube.ide.mcu.externaltools.gnu-tools-for-stm32.10.3-2021.10.linux64_1.0.0.202111181127/tools/bin/../lib/gcc/arm-none-eabi/10.3.1/../../../../arm-none-eabi/lib/thumb/v7e-m+fp/hard/libc_nano.a(lib_a-memset.o)
                0x000000000800b348                memset
 .text._free_r  0x000000000800b358       0x98 /home/vienchau/Downloads/en.st-stm32cubeide_1.9.0_12015_20220302_0855_amd64.sh_v1.9.0/makeself_dir_31IH9z/y/plugins/com.st.stm32cube.ide.mcu.externaltools.gnu-tools-for-stm32.10.3-2021.10.linux64_1.0.0.202111181127/tools/bin/../lib/gcc/arm-none-eabi/10.3.1/../../../../arm-none-eabi/lib/thumb/v7e-m+fp/hard/libc_nano.a(lib_a-nano-freer.o)
                0x000000000800b358                _free_r
 .text.sbrk_aligned
                0x000000000800b3f0       0x40 /home/vienchau/Downloads/en.st-stm32cubeide_1.9.0_12015_20220302_0855_amd64.sh_v1.9.0/makeself_dir_31IH9z/y/plugins/com.st.stm32cube.ide.mcu.externaltools.gnu-tools-for-stm32.10.3-2021.10.linux64_1.0.0.202111181127/tools/bin/../lib/gcc/arm-none-eabi/10.3.1/../../../../arm-none-eabi/lib/thumb/v7e-m+fp/hard/libc_nano.a(lib_a-nano-mallocr.o)
 .text._malloc_r
                0x000000000800b430       0xe8 /home/vienchau/Downloads/en.st-stm32cubeide_1.9.0_12015_20220302_0855_amd64.sh_v1.9.0/makeself_dir_31IH9z/y/plugins/com.st.stm32cube.ide.mcu.externaltools.gnu-tools-for-stm32.10.3-2021.10.linux64_1.0.0.202111181127/tools/bin/../lib/gcc/arm-none-eabi/10.3.1/../../../../arm-none-eabi/lib/thumb/v7e-m+fp/hard/libc_nano.a(lib_a-nano-mallocr.o)
                0x000000000800b430                _malloc_r
 .text._sbrk_r  0x000000000800b518       0x20 /home/vienchau/Downloads/en.st-stm32cubeide_1.9.0_12015_20220302_0855_amd64.sh_v1.9.0/makeself_dir_31IH9z/y/plugins/com.st.stm32cube.ide.mcu.externaltools.gnu-tools-for-stm32.10.3-2021.10.linux64_1.0.0.202111181127/tools/bin/../lib/gcc/arm-none-eabi/10.3.1/../../../../arm-none-eabi/lib/thumb/v7e-m+fp/hard/libc_nano.a(lib_a-sbrkr.o)
                0x000000000800b518                _sbrk_r
 .text.sprintf  0x000000000800b538       0x40 /home/vienchau/Downloads/en.st-stm32cubeide_1.9.0_12015_20220302_0855_amd64.sh_v1.9.0/makeself_dir_31IH9z/y/plugins/com.st.stm32cube.ide.mcu.externaltools.gnu-tools-for-stm32.10.3-2021.10.linux64_1.0.0.202111181127/tools/bin/../lib/gcc/arm-none-eabi/10.3.1/../../../../arm-none-eabi/lib/thumb/v7e-m+fp/hard/libc_nano.a(lib_a-sprintf.o)
                0x000000000800b538                sprintf
                0x000000000800b538                siprintf
 .text.__malloc_lock
                0x000000000800b578        0xc /home/vienchau/Downloads/en.st-stm32cubeide_1.9.0_12015_20220302_0855_amd64.sh_v1.9.0/makeself_dir_31IH9z/y/plugins/com.st.stm32cube.ide.mcu.externaltools.gnu-tools-for-stm32.10.3-2021.10.linux64_1.0.0.202111181127/tools/bin/../lib/gcc/arm-none-eabi/10.3.1/../../../../arm-none-eabi/lib/thumb/v7e-m+fp/hard/libc_nano.a(lib_a-mlock.o)
                0x000000000800b578                __malloc_lock
 .text.__malloc_unlock
                0x000000000800b584        0xc /home/vienchau/Downloads/en.st-stm32cubeide_1.9.0_12015_20220302_0855_amd64.sh_v1.9.0/makeself_dir_31IH9z/y/plugins/com.st.stm32cube.ide.mcu.externaltools.gnu-tools-for-stm32.10.3-2021.10.linux64_1.0.0.202111181127/tools/bin/../lib/gcc/arm-none-eabi/10.3.1/../../../../arm-none-eabi/lib/thumb/v7e-m+fp/hard/libc_nano.a(lib_a-mlock.o)
                0x000000000800b584                __malloc_unlock
 .text.__ssputs_r
                0x000000000800b590       0xb6 /home/vienchau/Downloads/en.st-stm32cubeide_1.9.0_12015_20220302_0855_amd64.sh_v1.9.0/makeself_dir_31IH9z/y/plugins/com.st.stm32cube.ide.mcu.externaltools.gnu-tools-for-stm32.10.3-2021.10.linux64_1.0.0.202111181127/tools/bin/../lib/gcc/arm-none-eabi/10.3.1/../../../../arm-none-eabi/lib/thumb/v7e-m+fp/hard/libc_nano.a(lib_a-nano-svfprintf.o)
                0x000000000800b590                __ssputs_r
 *fill*         0x000000000800b646        0x2 
 .text._svfprintf_r
                0x000000000800b648      0x200 /home/vienchau/Downloads/en.st-stm32cubeide_1.9.0_12015_20220302_0855_amd64.sh_v1.9.0/makeself_dir_31IH9z/y/plugins/com.st.stm32cube.ide.mcu.externaltools.gnu-tools-for-stm32.10.3-2021.10.linux64_1.0.0.202111181127/tools/bin/../lib/gcc/arm-none-eabi/10.3.1/../../../../arm-none-eabi/lib/thumb/v7e-m+fp/hard/libc_nano.a(lib_a-nano-svfprintf.o)
                0x000000000800b648                _svfprintf_r
                0x000000000800b648                _svfiprintf_r
 .text._printf_common
                0x000000000800b848       0xda /home/vienchau/Downloads/en.st-stm32cubeide_1.9.0_12015_20220302_0855_amd64.sh_v1.9.0/makeself_dir_31IH9z/y/plugins/com.st.stm32cube.ide.mcu.externaltools.gnu-tools-for-stm32.10.3-2021.10.linux64_1.0.0.202111181127/tools/bin/../lib/gcc/arm-none-eabi/10.3.1/../../../../arm-none-eabi/lib/thumb/v7e-m+fp/hard/libc_nano.a(lib_a-nano-vfprintf_i.o)
                0x000000000800b848                _printf_common
 *fill*         0x000000000800b922        0x2 
 .text._printf_i
                0x000000000800b924      0x24c /home/vienchau/Downloads/en.st-stm32cubeide_1.9.0_12015_20220302_0855_amd64.sh_v1.9.0/makeself_dir_31IH9z/y/plugins/com.st.stm32cube.ide.mcu.externaltools.gnu-tools-for-stm32.10.3-2021.10.linux64_1.0.0.202111181127/tools/bin/../lib/gcc/arm-none-eabi/10.3.1/../../../../arm-none-eabi/lib/thumb/v7e-m+fp/hard/libc_nano.a(lib_a-nano-vfprintf_i.o)
                0x000000000800b924                _printf_i
 .text.__retarget_lock_acquire_recursive
                0x000000000800bb70        0x2 /home/vienchau/Downloads/en.st-stm32cubeide_1.9.0_12015_20220302_0855_amd64.sh_v1.9.0/makeself_dir_31IH9z/y/plugins/com.st.stm32cube.ide.mcu.externaltools.gnu-tools-for-stm32.10.3-2021.10.linux64_1.0.0.202111181127/tools/bin/../lib/gcc/arm-none-eabi/10.3.1/../../../../arm-none-eabi/lib/thumb/v7e-m+fp/hard/libc_nano.a(lib_a-lock.o)
                0x000000000800bb70                __retarget_lock_acquire_recursive
 .text.__retarget_lock_release_recursive
                0x000000000800bb72        0x2 /home/vienchau/Downloads/en.st-stm32cubeide_1.9.0_12015_20220302_0855_amd64.sh_v1.9.0/makeself_dir_31IH9z/y/plugins/com.st.stm32cube.ide.mcu.externaltools.gnu-tools-for-stm32.10.3-2021.10.linux64_1.0.0.202111181127/tools/bin/../lib/gcc/arm-none-eabi/10.3.1/../../../../arm-none-eabi/lib/thumb/v7e-m+fp/hard/libc_nano.a(lib_a-lock.o)
                0x000000000800bb72                __retarget_lock_release_recursive
 .text.memmove  0x000000000800bb74       0x34 /home/vienchau/Downloads/en.st-stm32cubeide_1.9.0_12015_20220302_0855_amd64.sh_v1.9.0/makeself_dir_31IH9z/y/plugins/com.st.stm32cube.ide.mcu.externaltools.gnu-tools-for-stm32.10.3-2021.10.linux64_1.0.0.202111181127/tools/bin/../lib/gcc/arm-none-eabi/10.3.1/../../../../arm-none-eabi/lib/thumb/v7e-m+fp/hard/libc_nano.a(lib_a-memmove.o)
                0x000000000800bb74                memmove
 .text._realloc_r
                0x000000000800bba8       0x5e /home/vienchau/Downloads/en.st-stm32cubeide_1.9.0_12015_20220302_0855_amd64.sh_v1.9.0/makeself_dir_31IH9z/y/plugins/com.st.stm32cube.ide.mcu.externaltools.gnu-tools-for-stm32.10.3-2021.10.linux64_1.0.0.202111181127/tools/bin/../lib/gcc/arm-none-eabi/10.3.1/../../../../arm-none-eabi/lib/thumb/v7e-m+fp/hard/libc_nano.a(lib_a-nano-reallocr.o)
                0x000000000800bba8                _realloc_r
 .text._malloc_usable_size_r
                0x000000000800bc06       0x10 /home/vienchau/Downloads/en.st-stm32cubeide_1.9.0_12015_20220302_0855_amd64.sh_v1.9.0/makeself_dir_31IH9z/y/plugins/com.st.stm32cube.ide.mcu.externaltools.gnu-tools-for-stm32.10.3-2021.10.linux64_1.0.0.202111181127/tools/bin/../lib/gcc/arm-none-eabi/10.3.1/../../../../arm-none-eabi/lib/thumb/v7e-m+fp/hard/libc_nano.a(lib_a-nano-msizer.o)
                0x000000000800bc06                _malloc_usable_size_r
 *fill*         0x000000000800bc16        0x2 
 .text.pow      0x000000000800bc18       0xe0 /home/vienchau/Downloads/en.st-stm32cubeide_1.9.0_12015_20220302_0855_amd64.sh_v1.9.0/makeself_dir_31IH9z/y/plugins/com.st.stm32cube.ide.mcu.externaltools.gnu-tools-for-stm32.10.3-2021.10.linux64_1.0.0.202111181127/tools/bin/../lib/gcc/arm-none-eabi/10.3.1/../../../../arm-none-eabi/lib/thumb/v7e-m+fp/hard/libm.a(lib_a-w_pow.o)
                0x000000000800bc18                pow
 .text.__ieee754_pow
                0x000000000800bcf8      0xa5c /home/vienchau/Downloads/en.st-stm32cubeide_1.9.0_12015_20220302_0855_amd64.sh_v1.9.0/makeself_dir_31IH9z/y/plugins/com.st.stm32cube.ide.mcu.externaltools.gnu-tools-for-stm32.10.3-2021.10.linux64_1.0.0.202111181127/tools/bin/../lib/gcc/arm-none-eabi/10.3.1/../../../../arm-none-eabi/lib/thumb/v7e-m+fp/hard/libm.a(lib_a-e_pow.o)
                0x000000000800bcf8                __ieee754_pow
 .text.__ieee754_sqrt
                0x000000000800c754      0x164 /home/vienchau/Downloads/en.st-stm32cubeide_1.9.0_12015_20220302_0855_amd64.sh_v1.9.0/makeself_dir_31IH9z/y/plugins/com.st.stm32cube.ide.mcu.externaltools.gnu-tools-for-stm32.10.3-2021.10.linux64_1.0.0.202111181127/tools/bin/../lib/gcc/arm-none-eabi/10.3.1/../../../../arm-none-eabi/lib/thumb/v7e-m+fp/hard/libm.a(lib_a-e_sqrt.o)
                0x000000000800c754                __ieee754_sqrt
 .text.with_errno
                0x000000000800c8b8       0x14 /home/vienchau/Downloads/en.st-stm32cubeide_1.9.0_12015_20220302_0855_amd64.sh_v1.9.0/makeself_dir_31IH9z/y/plugins/com.st.stm32cube.ide.mcu.externaltools.gnu-tools-for-stm32.10.3-2021.10.linux64_1.0.0.202111181127/tools/bin/../lib/gcc/arm-none-eabi/10.3.1/../../../../arm-none-eabi/lib/thumb/v7e-m+fp/hard/libm.a(lib_a-math_err.o)
 .text.xflow    0x000000000800c8cc       0x28 /home/vienchau/Downloads/en.st-stm32cubeide_1.9.0_12015_20220302_0855_amd64.sh_v1.9.0/makeself_dir_31IH9z/y/plugins/com.st.stm32cube.ide.mcu.externaltools.gnu-tools-for-stm32.10.3-2021.10.linux64_1.0.0.202111181127/tools/bin/../lib/gcc/arm-none-eabi/10.3.1/../../../../arm-none-eabi/lib/thumb/v7e-m+fp/hard/libm.a(lib_a-math_err.o)
 .text.__math_uflow
                0x000000000800c8f4       0x12 /home/vienchau/Downloads/en.st-stm32cubeide_1.9.0_12015_20220302_0855_amd64.sh_v1.9.0/makeself_dir_31IH9z/y/plugins/com.st.stm32cube.ide.mcu.externaltools.gnu-tools-for-stm32.10.3-2021.10.linux64_1.0.0.202111181127/tools/bin/../lib/gcc/arm-none-eabi/10.3.1/../../../../arm-none-eabi/lib/thumb/v7e-m+fp/hard/libm.a(lib_a-math_err.o)
                0x000000000800c8f4                __math_uflow
 .text.__math_oflow
                0x000000000800c906       0x12 /home/vienchau/Downloads/en.st-stm32cubeide_1.9.0_12015_20220302_0855_amd64.sh_v1.9.0/makeself_dir_31IH9z/y/plugins/com.st.stm32cube.ide.mcu.externaltools.gnu-tools-for-stm32.10.3-2021.10.linux64_1.0.0.202111181127/tools/bin/../lib/gcc/arm-none-eabi/10.3.1/../../../../arm-none-eabi/lib/thumb/v7e-m+fp/hard/libm.a(lib_a-math_err.o)
                0x000000000800c906                __math_oflow
 .text.fabs     0x000000000800c918       0x12 /home/vienchau/Downloads/en.st-stm32cubeide_1.9.0_12015_20220302_0855_amd64.sh_v1.9.0/makeself_dir_31IH9z/y/plugins/com.st.stm32cube.ide.mcu.externaltools.gnu-tools-for-stm32.10.3-2021.10.linux64_1.0.0.202111181127/tools/bin/../lib/gcc/arm-none-eabi/10.3.1/../../../../arm-none-eabi/lib/thumb/v7e-m+fp/hard/libm.a(lib_a-s_fabs.o)
                0x000000000800c918                fabs
 .text.finite   0x000000000800c92a       0x16 /home/vienchau/Downloads/en.st-stm32cubeide_1.9.0_12015_20220302_0855_amd64.sh_v1.9.0/makeself_dir_31IH9z/y/plugins/com.st.stm32cube.ide.mcu.externaltools.gnu-tools-for-stm32.10.3-2021.10.linux64_1.0.0.202111181127/tools/bin/../lib/gcc/arm-none-eabi/10.3.1/../../../../arm-none-eabi/lib/thumb/v7e-m+fp/hard/libm.a(lib_a-s_finite.o)
                0x000000000800c92a                finite
 .text.scalbn   0x000000000800c940      0x10c /home/vienchau/Downloads/en.st-stm32cubeide_1.9.0_12015_20220302_0855_amd64.sh_v1.9.0/makeself_dir_31IH9z/y/plugins/com.st.stm32cube.ide.mcu.externaltools.gnu-tools-for-stm32.10.3-2021.10.linux64_1.0.0.202111181127/tools/bin/../lib/gcc/arm-none-eabi/10.3.1/../../../../arm-none-eabi/lib/thumb/v7e-m+fp/hard/libm.a(lib_a-s_scalbn.o)
                0x000000000800c940                scalbn
 *(.glue_7)
 .glue_7        0x000000000800ca4c        0x0 linker stubs
 *(.glue_7t)
 .glue_7t       0x000000000800ca4c        0x0 linker stubs
 *(.eh_frame)
 .eh_frame      0x000000000800ca4c        0x0 /home/vienchau/Downloads/en.st-stm32cubeide_1.9.0_12015_20220302_0855_amd64.sh_v1.9.0/makeself_dir_31IH9z/y/plugins/com.st.stm32cube.ide.mcu.externaltools.gnu-tools-for-stm32.10.3-2021.10.linux64_1.0.0.202111181127/tools/bin/../lib/gcc/arm-none-eabi/10.3.1/thumb/v7e-m+fp/hard/crtbegin.o
 *(.init)
 .init          0x000000000800ca4c        0x4 /home/vienchau/Downloads/en.st-stm32cubeide_1.9.0_12015_20220302_0855_amd64.sh_v1.9.0/makeself_dir_31IH9z/y/plugins/com.st.stm32cube.ide.mcu.externaltools.gnu-tools-for-stm32.10.3-2021.10.linux64_1.0.0.202111181127/tools/bin/../lib/gcc/arm-none-eabi/10.3.1/thumb/v7e-m+fp/hard/crti.o
                0x000000000800ca4c                _init
 .init          0x000000000800ca50        0x8 /home/vienchau/Downloads/en.st-stm32cubeide_1.9.0_12015_20220302_0855_amd64.sh_v1.9.0/makeself_dir_31IH9z/y/plugins/com.st.stm32cube.ide.mcu.externaltools.gnu-tools-for-stm32.10.3-2021.10.linux64_1.0.0.202111181127/tools/bin/../lib/gcc/arm-none-eabi/10.3.1/thumb/v7e-m+fp/hard/crtn.o
 *(.fini)
 .fini          0x000000000800ca58        0x4 /home/vienchau/Downloads/en.st-stm32cubeide_1.9.0_12015_20220302_0855_amd64.sh_v1.9.0/makeself_dir_31IH9z/y/plugins/com.st.stm32cube.ide.mcu.externaltools.gnu-tools-for-stm32.10.3-2021.10.linux64_1.0.0.202111181127/tools/bin/../lib/gcc/arm-none-eabi/10.3.1/thumb/v7e-m+fp/hard/crti.o
                0x000000000800ca58                _fini
 .fini          0x000000000800ca5c        0x8 /home/vienchau/Downloads/en.st-stm32cubeide_1.9.0_12015_20220302_0855_amd64.sh_v1.9.0/makeself_dir_31IH9z/y/plugins/com.st.stm32cube.ide.mcu.externaltools.gnu-tools-for-stm32.10.3-2021.10.linux64_1.0.0.202111181127/tools/bin/../lib/gcc/arm-none-eabi/10.3.1/thumb/v7e-m+fp/hard/crtn.o
                0x000000000800ca64                . = ALIGN (0x4)
                0x000000000800ca64                _etext = .

.vfp11_veneer   0x000000000800ca64        0x0
 .vfp11_veneer  0x000000000800ca64        0x0 linker stubs

.v4_bx          0x000000000800ca64        0x0
 .v4_bx         0x000000000800ca64        0x0 linker stubs

.iplt           0x000000000800ca64        0x0
 .iplt          0x000000000800ca64        0x0 /home/vienchau/Downloads/en.st-stm32cubeide_1.9.0_12015_20220302_0855_amd64.sh_v1.9.0/makeself_dir_31IH9z/y/plugins/com.st.stm32cube.ide.mcu.externaltools.gnu-tools-for-stm32.10.3-2021.10.linux64_1.0.0.202111181127/tools/bin/../lib/gcc/arm-none-eabi/10.3.1/thumb/v7e-m+fp/hard/crtbegin.o

.rodata         0x000000000800ca68       0xf8
                0x000000000800ca68                . = ALIGN (0x4)
 *(.rodata)
 .rodata        0x000000000800ca68       0x33 ./Core/Src/main.o
 *fill*         0x000000000800ca9b        0x1 
 .rodata        0x000000000800ca9c       0x46 ./USB_DEVICE/App/usbd_desc.o
 *(.rodata*)
 *fill*         0x000000000800cae2        0x2 
 .rodata.AHBPrescTable
                0x000000000800cae4       0x10 ./Core/Src/system_stm32f4xx.o
                0x000000000800cae4                AHBPrescTable
 .rodata.APBPrescTable
                0x000000000800caf4        0x8 ./Core/Src/system_stm32f4xx.o
                0x000000000800caf4                APBPrescTable
 .rodata._svfprintf_r.str1.1
                0x000000000800cafc       0x11 /home/vienchau/Downloads/en.st-stm32cubeide_1.9.0_12015_20220302_0855_amd64.sh_v1.9.0/makeself_dir_31IH9z/y/plugins/com.st.stm32cube.ide.mcu.externaltools.gnu-tools-for-stm32.10.3-2021.10.linux64_1.0.0.202111181127/tools/bin/../lib/gcc/arm-none-eabi/10.3.1/../../../../arm-none-eabi/lib/thumb/v7e-m+fp/hard/libc_nano.a(lib_a-nano-svfprintf.o)
 .rodata._printf_i.str1.1
                0x000000000800cb0d       0x22 /home/vienchau/Downloads/en.st-stm32cubeide_1.9.0_12015_20220302_0855_amd64.sh_v1.9.0/makeself_dir_31IH9z/y/plugins/com.st.stm32cube.ide.mcu.externaltools.gnu-tools-for-stm32.10.3-2021.10.linux64_1.0.0.202111181127/tools/bin/../lib/gcc/arm-none-eabi/10.3.1/../../../../arm-none-eabi/lib/thumb/v7e-m+fp/hard/libc_nano.a(lib_a-nano-vfprintf_i.o)
 *fill*         0x000000000800cb2f        0x1 
 .rodata.bp     0x000000000800cb30       0x10 /home/vienchau/Downloads/en.st-stm32cubeide_1.9.0_12015_20220302_0855_amd64.sh_v1.9.0/makeself_dir_31IH9z/y/plugins/com.st.stm32cube.ide.mcu.externaltools.gnu-tools-for-stm32.10.3-2021.10.linux64_1.0.0.202111181127/tools/bin/../lib/gcc/arm-none-eabi/10.3.1/../../../../arm-none-eabi/lib/thumb/v7e-m+fp/hard/libm.a(lib_a-e_pow.o)
 .rodata.dp_h   0x000000000800cb40       0x10 /home/vienchau/Downloads/en.st-stm32cubeide_1.9.0_12015_20220302_0855_amd64.sh_v1.9.0/makeself_dir_31IH9z/y/plugins/com.st.stm32cube.ide.mcu.externaltools.gnu-tools-for-stm32.10.3-2021.10.linux64_1.0.0.202111181127/tools/bin/../lib/gcc/arm-none-eabi/10.3.1/../../../../arm-none-eabi/lib/thumb/v7e-m+fp/hard/libm.a(lib_a-e_pow.o)
 .rodata.dp_l   0x000000000800cb50       0x10 /home/vienchau/Downloads/en.st-stm32cubeide_1.9.0_12015_20220302_0855_amd64.sh_v1.9.0/makeself_dir_31IH9z/y/plugins/com.st.stm32cube.ide.mcu.externaltools.gnu-tools-for-stm32.10.3-2021.10.linux64_1.0.0.202111181127/tools/bin/../lib/gcc/arm-none-eabi/10.3.1/../../../../arm-none-eabi/lib/thumb/v7e-m+fp/hard/libm.a(lib_a-e_pow.o)
                0x000000000800cb60                . = ALIGN (0x4)

.ARM.extab      0x000000000800cb60        0x0
                0x000000000800cb60                . = ALIGN (0x4)
 *(.ARM.extab* .gnu.linkonce.armextab.*)
                0x000000000800cb60                . = ALIGN (0x4)

.ARM            0x000000000800cb60        0x8
                0x000000000800cb60                . = ALIGN (0x4)
                0x000000000800cb60                __exidx_start = .
 *(.ARM.exidx*)
 .ARM.exidx     0x000000000800cb60        0x8 /home/vienchau/Downloads/en.st-stm32cubeide_1.9.0_12015_20220302_0855_amd64.sh_v1.9.0/makeself_dir_31IH9z/y/plugins/com.st.stm32cube.ide.mcu.externaltools.gnu-tools-for-stm32.10.3-2021.10.linux64_1.0.0.202111181127/tools/bin/../lib/gcc/arm-none-eabi/10.3.1/thumb/v7e-m+fp/hard/libgcc.a(_udivmoddi4.o)
                0x000000000800cb68                __exidx_end = .
                0x000000000800cb68                . = ALIGN (0x4)

.rel.dyn        0x000000000800cb68        0x0
 .rel.iplt      0x000000000800cb68        0x0 /home/vienchau/Downloads/en.st-stm32cubeide_1.9.0_12015_20220302_0855_amd64.sh_v1.9.0/makeself_dir_31IH9z/y/plugins/com.st.stm32cube.ide.mcu.externaltools.gnu-tools-for-stm32.10.3-2021.10.linux64_1.0.0.202111181127/tools/bin/../lib/gcc/arm-none-eabi/10.3.1/thumb/v7e-m+fp/hard/crtbegin.o

.preinit_array  0x000000000800cb68        0x0
                0x000000000800cb68                . = ALIGN (0x4)
                0x000000000800cb68                PROVIDE (__preinit_array_start = .)
 *(.preinit_array*)
                0x000000000800cb68                PROVIDE (__preinit_array_end = .)
                0x000000000800cb68                . = ALIGN (0x4)

.init_array     0x000000000800cb68        0x4
                0x000000000800cb68                . = ALIGN (0x4)
                0x000000000800cb68                PROVIDE (__init_array_start = .)
 *(SORT_BY_NAME(.init_array.*))
 *(.init_array*)
 .init_array    0x000000000800cb68        0x4 /home/vienchau/Downloads/en.st-stm32cubeide_1.9.0_12015_20220302_0855_amd64.sh_v1.9.0/makeself_dir_31IH9z/y/plugins/com.st.stm32cube.ide.mcu.externaltools.gnu-tools-for-stm32.10.3-2021.10.linux64_1.0.0.202111181127/tools/bin/../lib/gcc/arm-none-eabi/10.3.1/thumb/v7e-m+fp/hard/crtbegin.o
                0x000000000800cb6c                PROVIDE (__init_array_end = .)
                0x000000000800cb6c                . = ALIGN (0x4)

.fini_array     0x000000000800cb6c        0x4
                0x000000000800cb6c                . = ALIGN (0x4)
                [!provide]                        PROVIDE (__fini_array_start = .)
 *(SORT_BY_NAME(.fini_array.*))
 *(.fini_array*)
 .fini_array    0x000000000800cb6c        0x4 /home/vienchau/Downloads/en.st-stm32cubeide_1.9.0_12015_20220302_0855_amd64.sh_v1.9.0/makeself_dir_31IH9z/y/plugins/com.st.stm32cube.ide.mcu.externaltools.gnu-tools-for-stm32.10.3-2021.10.linux64_1.0.0.202111181127/tools/bin/../lib/gcc/arm-none-eabi/10.3.1/thumb/v7e-m+fp/hard/crtbegin.o
                [!provide]                        PROVIDE (__fini_array_end = .)
                0x000000000800cb70                . = ALIGN (0x4)
                0x000000000800cb70                _sidata = LOADADDR (.data)

.data           0x0000000020000000      0x174 load address 0x000000000800cb70
                0x0000000020000000                . = ALIGN (0x4)
                0x0000000020000000                _sdata = .
 *(.data)
 *(.data*)
 .data.STX      0x0000000020000000        0x1 ./Core/Src/serial.o
                0x0000000020000000                STX
 *fill*         0x0000000020000001        0x3 
 .data.ETX      0x0000000020000004        0x1 ./Core/Src/serial.o
                0x0000000020000004                ETX
 *fill*         0x0000000020000005        0x3 
 .data.ACK      0x0000000020000008        0x1 ./Core/Src/serial.o
                0x0000000020000008                ACK
 *fill*         0x0000000020000009        0x3 
 .data.SystemCoreClock
                0x000000002000000c        0x4 ./Core/Src/system_stm32f4xx.o
                0x000000002000000c                SystemCoreClock
 .data.uwTickPrio
                0x0000000020000010        0x4 ./Drivers/STM32F4xx_HAL_Driver/Src/stm32f4xx_hal.o
                0x0000000020000010                uwTickPrio
 .data.uwTickFreq
                0x0000000020000014        0x1 ./Drivers/STM32F4xx_HAL_Driver/Src/stm32f4xx_hal.o
                0x0000000020000014                uwTickFreq
 *fill*         0x0000000020000015        0x3 
 .data.USBD_CDC_DeviceQualifierDesc
                0x0000000020000018        0xa ./Middlewares/ST/STM32_USB_Device_Library/Class/CDC/Src/usbd_cdc.o
 *fill*         0x0000000020000022        0x2 
 .data.USBD_CDC
                0x0000000020000024       0x38 ./Middlewares/ST/STM32_USB_Device_Library/Class/CDC/Src/usbd_cdc.o
                0x0000000020000024                USBD_CDC
 .data.USBD_CDC_CfgDesc
                0x000000002000005c       0x43 ./Middlewares/ST/STM32_USB_Device_Library/Class/CDC/Src/usbd_cdc.o
 .data.CDCInEpAdd
                0x000000002000009f        0x1 ./Middlewares/ST/STM32_USB_Device_Library/Class/CDC/Src/usbd_cdc.o
 .data.CDCOutEpAdd
                0x00000000200000a0        0x1 ./Middlewares/ST/STM32_USB_Device_Library/Class/CDC/Src/usbd_cdc.o
 .data.CDCCmdEpAdd
                0x00000000200000a1        0x1 ./Middlewares/ST/STM32_USB_Device_Library/Class/CDC/Src/usbd_cdc.o
 *fill*         0x00000000200000a2        0x2 
 .data.LineCoding
                0x00000000200000a4        0x8 ./USB_DEVICE/App/usbd_cdc_if.o
                0x00000000200000a4                LineCoding
 .data.USBD_Interface_fops_FS
                0x00000000200000ac       0x14 ./USB_DEVICE/App/usbd_cdc_if.o
                0x00000000200000ac                USBD_Interface_fops_FS
 .data.FS_Desc  0x00000000200000c0       0x1c ./USB_DEVICE/App/usbd_desc.o
                0x00000000200000c0                FS_Desc
 .data.USBD_FS_DeviceDesc
                0x00000000200000dc       0x12 ./USB_DEVICE/App/usbd_desc.o
                0x00000000200000dc                USBD_FS_DeviceDesc
 *fill*         0x00000000200000ee        0x2 
 .data.USBD_LangIDDesc
                0x00000000200000f0        0x4 ./USB_DEVICE/App/usbd_desc.o
                0x00000000200000f0                USBD_LangIDDesc
 .data.USBD_StringSerial
                0x00000000200000f4       0x1a ./USB_DEVICE/App/usbd_desc.o
                0x00000000200000f4                USBD_StringSerial
 *fill*         0x000000002000010e        0x2 
 .data._impure_ptr
                0x0000000020000110        0x4 /home/vienchau/Downloads/en.st-stm32cubeide_1.9.0_12015_20220302_0855_amd64.sh_v1.9.0/makeself_dir_31IH9z/y/plugins/com.st.stm32cube.ide.mcu.externaltools.gnu-tools-for-stm32.10.3-2021.10.linux64_1.0.0.202111181127/tools/bin/../lib/gcc/arm-none-eabi/10.3.1/../../../../arm-none-eabi/lib/thumb/v7e-m+fp/hard/libc_nano.a(lib_a-impure.o)
                0x0000000020000110                _impure_ptr
 .data.impure_data
                0x0000000020000114       0x60 /home/vienchau/Downloads/en.st-stm32cubeide_1.9.0_12015_20220302_0855_amd64.sh_v1.9.0/makeself_dir_31IH9z/y/plugins/com.st.stm32cube.ide.mcu.externaltools.gnu-tools-for-stm32.10.3-2021.10.linux64_1.0.0.202111181127/tools/bin/../lib/gcc/arm-none-eabi/10.3.1/../../../../arm-none-eabi/lib/thumb/v7e-m+fp/hard/libc_nano.a(lib_a-impure.o)
 *(.RamFunc)
 *(.RamFunc*)
                0x0000000020000174                . = ALIGN (0x4)
                0x0000000020000174                _edata = .
                0x000000000800cce4                _siccmram = LOADADDR (.ccmram)

.igot.plt       0x0000000020000174        0x0 load address 0x000000000800cce4
 .igot.plt      0x0000000020000174        0x0 /home/vienchau/Downloads/en.st-stm32cubeide_1.9.0_12015_20220302_0855_amd64.sh_v1.9.0/makeself_dir_31IH9z/y/plugins/com.st.stm32cube.ide.mcu.externaltools.gnu-tools-for-stm32.10.3-2021.10.linux64_1.0.0.202111181127/tools/bin/../lib/gcc/arm-none-eabi/10.3.1/thumb/v7e-m+fp/hard/crtbegin.o

.ccmram         0x0000000010000000        0x0 load address 0x000000000800cce4
                0x0000000010000000                . = ALIGN (0x4)
                0x0000000010000000                _sccmram = .
 *(.ccmram)
 *(.ccmram*)
                0x0000000010000000                . = ALIGN (0x4)
                0x0000000010000000                _eccmram = .