Component: ARM Compiler 5.06 update 6 (build 750) Tool: armlink [4d35ed]

==============================================================================

Section Cross References

    startup_stm32f407xx.o(STACK) refers (Special) to heapauxi.o(.text) for __use_two_region_memory
    startup_stm32f407xx.o(HEAP) refers (Special) to heapauxi.o(.text) for __use_two_region_memory
    startup_stm32f407xx.o(RESET) refers (Special) to heapauxi.o(.text) for __use_two_region_memory
    startup_stm32f407xx.o(RESET) refers to startup_stm32f407xx.o(STACK) for __initial_sp
    startup_stm32f407xx.o(RESET) refers to startup_stm32f407xx.o(.text) for Reset_Handler
    startup_stm32f407xx.o(RESET) refers to stm32f4xx_it.o(i.NMI_Handler) for NMI_Handler
    startup_stm32f407xx.o(RESET) refers to stm32f4xx_it.o(i.HardFault_Handler) for HardFault_Handler
    startup_stm32f407xx.o(RESET) refers to stm32f4xx_it.o(i.MemManage_Handler) for MemManage_Handler
    startup_stm32f407xx.o(RESET) refers to stm32f4xx_it.o(i.BusFault_Handler) for BusFault_Handler
    startup_stm32f407xx.o(RESET) refers to stm32f4xx_it.o(i.UsageFault_Handler) for UsageFault_Handler
    startup_stm32f407xx.o(RESET) refers to stm32f4xx_it.o(i.SVC_Handler) for SVC_Handler
    startup_stm32f407xx.o(RESET) refers to stm32f4xx_it.o(i.DebugMon_Handler) for DebugMon_Handler
    startup_stm32f407xx.o(RESET) refers to stm32f4xx_it.o(i.PendSV_Handler) for PendSV_Handler
    startup_stm32f407xx.o(RESET) refers to stm32f4xx_it.o(i.SysTick_Handler) for SysTick_Handler
    startup_stm32f407xx.o(RESET) refers to stm32f4xx_it.o(i.TIM2_IRQHandler) for TIM2_IRQHandler
    startup_stm32f407xx.o(RESET) refers to stm32f4xx_it.o(i.USART1_IRQHandler) for USART1_IRQHandler
    startup_stm32f407xx.o(RESET) refers to stm32f4xx_it.o(i.OTG_FS_IRQHandler) for OTG_FS_IRQHandler
    startup_stm32f407xx.o(.text) refers (Special) to heapauxi.o(.text) for __use_two_region_memory
    startup_stm32f407xx.o(.text) refers to system_stm32f4xx.o(i.SystemInit) for SystemInit
    startup_stm32f407xx.o(.text) refers to __main.o(!!!main) for __main
    startup_stm32f407xx.o(.text) refers to startup_stm32f407xx.o(HEAP) for Heap_Mem
    startup_stm32f407xx.o(.text) refers to startup_stm32f407xx.o(STACK) for Stack_Mem
    motor.o(i.MotorGetPulse) refers to tim.o(.bss) for htim4
    motor.o(i.MotorInit) refers to stm32f4xx_hal_tim.o(i.HAL_TIM_Base_Start_IT) for HAL_TIM_Base_Start_IT
    motor.o(i.MotorInit) refers to stm32f4xx_hal_tim.o(i.HAL_TIM_PWM_Start) for HAL_TIM_PWM_Start
    motor.o(i.MotorInit) refers to stm32f4xx_hal_tim.o(i.HAL_TIM_Encoder_Start) for HAL_TIM_Encoder_Start
    motor.o(i.MotorInit) refers to pid.o(i.PIDReset) for PIDReset
    motor.o(i.MotorInit) refers to pid.o(i.PIDInit) for PIDInit
    motor.o(i.MotorInit) refers to motor.o(i.MotorSetDir) for MotorSetDir
    motor.o(i.MotorInit) refers to tim.o(.bss) for htim2
    motor.o(i.MotorInit) refers to motor.o(.bss) for .bss
    motor.o(i.MotorMovePos) refers to motor.o(i.ConvertDegToPulse) for ConvertDegToPulse
    motor.o(i.MotorMovePos) refers to pid.o(i.PIDCompute) for PIDCompute
    motor.o(i.MotorMovePos) refers to motor.o(i.MotorSetDir) for MotorSetDir
    motor.o(i.MotorMovePos) refers to motor.o(i.ConvertPulseToDeg) for ConvertPulseToDeg
    motor.o(i.MotorMovePos) refers to f2d.o(x$fpl$f2d) for __aeabi_f2d
    motor.o(i.MotorMovePos) refers to daddsub_clz.o(x$fpl$dadd) for __aeabi_dadd
    motor.o(i.MotorMovePos) refers to d2f.o(x$fpl$d2f) for __aeabi_d2f
    motor.o(i.MotorMovePos) refers to tim.o(.bss) for htim4
    motor.o(i.MotorMovePos) refers to motor.o(.data) for .data
    motor.o(i.MotorMovePos) refers to motor.o(.bss) for .bss
    motor.o(i.MotorSetDir) refers to stm32f4xx_hal_gpio.o(i.HAL_GPIO_WritePin) for HAL_GPIO_WritePin
    motor.o(i.MotorSetDuty) refers to tim.o(.bss) for htim3
    motor.o(i.MotorTuning) refers to motor.o(i.ConvertDegToPulse) for ConvertDegToPulse
    motor.o(i.MotorTuning) refers to pid.o(i.PIDCompute) for PIDCompute
    motor.o(i.MotorTuning) refers to motor.o(i.MotorSetDir) for MotorSetDir
    motor.o(i.MotorTuning) refers to tim.o(.bss) for htim4
    motor.o(i.MotorTuning) refers to motor.o(.data) for .data
    motor.o(i.MotorTuning) refers to motor.o(.bss) for .bss
    pid.o(i.PIDCompute) refers to pid.o(.data) for .data
    pid.o(i.PIDInit) refers to pid.o(i.PIDReset) for PIDReset
    pid.o(i.PIDInit) refers to tim.o(.bss) for htim4
    pid.o(i.PIDReset) refers to pid.o(.data) for .data
    serial.o(i.HAL_UART_RxCpltCallback) refers to serial.o(i.SerialParse) for SerialParse
    serial.o(i.HAL_UART_RxCpltCallback) refers to usart.o(.bss) for huart1
    serial.o(i.HAL_UART_RxCpltCallback) refers to serial.o(.data) for .data
    serial.o(i.HAL_UART_RxCpltCallback) refers to serial.o(.bss) for .bss
    serial.o(i.SerialAcceptReceive) refers to stm32f4xx_hal_uart.o(i.HAL_UART_Receive_IT) for HAL_UART_Receive_IT
    serial.o(i.SerialAcceptReceive) refers to serial.o(.bss) for .bss
[...]
    USART6_IRQHandler                        0x08000293   Thumb Code     0  startup_stm32f407xx.o(.text)
    WWDG_IRQHandler                          0x08000293   Thumb Code     0  startup_stm32f407xx.o(.text)
    __user_initial_stackheap                 0x08000295   Thumb Code     0  startup_stm32f407xx.o(.text)
    malloc                                   0x080002b9   Thumb Code    94  h1_alloc.o(.text)
    free                                     0x08000317   Thumb Code    78  h1_free.o(.text)
    __aeabi_uldivmod                         0x08000365   Thumb Code     0  lludivv7m.o(.text)
    _ll_udiv                                 0x08000365   Thumb Code   238  lludivv7m.o(.text)
    __2sprintf                               0x08000455   Thumb Code    34  noretval__2sprintf.o(.text)
    __printf                                 0x0800047d   Thumb Code   104  __printf.o(.text)
    _printf_str                              0x080004e5   Thumb Code    82  _printf_str.o(.text)
    strlen                                   0x08000537   Thumb Code    62  strlen.o(.text)
    __aeabi_memcpy                           0x08000575   Thumb Code     0  rt_memcpy_v6.o(.text)
    __rt_memcpy                              0x08000575   Thumb Code   138  rt_memcpy_v6.o(.text)
    _memcpy_lastbytes                        0x080005db   Thumb Code     0  rt_memcpy_v6.o(.text)
    __aeabi_memcpy4                          0x080005ff   Thumb Code     0  rt_memcpy_w.o(.text)
    __aeabi_memcpy8                          0x080005ff   Thumb Code     0  rt_memcpy_w.o(.text)
    __rt_memcpy_w                            0x080005ff   Thumb Code   100  rt_memcpy_w.o(.text)
    _memcpy_lastbytes_aligned                0x08000647   Thumb Code     0  rt_memcpy_w.o(.text)
    __aeabi_memclr4                          0x08000663   Thumb Code     0  rt_memclr_w.o(.text)
    __aeabi_memclr8                          0x08000663   Thumb Code     0  rt_memclr_w.o(.text)
    __rt_memclr_w                            0x08000663   Thumb Code    78  rt_memclr_w.o(.text)
    _memset_w                                0x08000667   Thumb Code     0  rt_memclr_w.o(.text)
    __use_two_region_memory                  0x080006b1   Thumb Code     2  heapauxi.o(.text)
    __rt_heap_escrow                         0x080006b3   Thumb Code     2  heapauxi.o(.text)
    __rt_heap_expand                         0x080006b5   Thumb Code     2  heapauxi.o(.text)
    __rt_heap_descriptor                     0x080006b9   Thumb Code     8  rt_heap_descriptor_intlibspace.o(.text)
    __use_no_heap                            0x080006c1   Thumb Code     2  hguard.o(.text)
    __heap$guard                             0x080006c3   Thumb Code     2  hguard.o(.text)
    _terminate_user_alloc                    0x080006c5   Thumb Code     2  init_alloc.o(.text)
    _init_user_alloc                         0x080006c7   Thumb Code     2  init_alloc.o(.text)
    __Heap_Full                              0x080006c9   Thumb Code    34  init_alloc.o(.text)
    __Heap_Broken                            0x080006eb   Thumb Code     6  init_alloc.o(.text)
    _init_alloc                              0x080006f1   Thumb Code    94  init_alloc.o(.text)
    __Heap_Initialize                        0x0800074f   Thumb Code    10  h1_init.o(.text)
    __Heap_DescSize                          0x08000759   Thumb Code     4  h1_init.o(.text)
    __read_errno                             0x0800075d   Thumb Code    10  _rserrno.o(.text)
    __set_errno                              0x08000767   Thumb Code    12  _rserrno.o(.text)
    _printf_char_common                      0x0800077f   Thumb Code    32  _printf_char_common.o(.text)
    _sputc                                   0x080007a5   Thumb Code    10  _sputc.o(.text)
    _printf_cs_common                        0x080007af   Thumb Code    20  _printf_char.o(.text)
    _printf_char                             0x080007c3   Thumb Code    16  _printf_char.o(.text)
    _printf_string                           0x080007d3   Thumb Code     8  _printf_char.o(.text)
    __user_libspace                          0x080007dd   Thumb Code     8  libspace.o(.text)
    __user_perproc_libspace                  0x080007dd   Thumb Code     0  libspace.o(.text)
    __user_perthread_libspace                0x080007dd   Thumb Code     0  libspace.o(.text)
    __aeabi_errno_addr                       0x080007e5   Thumb Code     8  rt_errno_addr_intlibspace.o(.text)
    __errno$intlibspace                      0x080007e5   Thumb Code     0  rt_errno_addr_intlibspace.o(.text)
    __rt_errno_addr$intlibspace              0x080007e5   Thumb Code     0  rt_errno_addr_intlibspace.o(.text)
    __Heap_ProvideMemory                     0x080007ed   Thumb Code    52  h1_extend.o(.text)
    __rt_SIGRTMEM                            0x08000821   Thumb Code    14  defsig_rtmem_outer.o(.text)
    __I$use$semihosting                      0x0800082f   Thumb Code     0  use_no_semi.o(.text)
    __use_no_semihosting_swi                 0x0800082f   Thumb Code     2  use_no_semi.o(.text)
    __semihosting_library_function           0x08000831   Thumb Code     0  indicate_semi.o(.text)
    __user_setup_stackheap                   0x08000831   Thumb Code    74  sys_stackheap_outer.o(.text)
    exit                                     0x0800087b   Thumb Code    18  exit.o(.text)
    __sig_exit                               0x0800088d   Thumb Code    10  defsig_exit.o(.text)
    __rt_SIGRTMEM_inner                      0x08000899   Thumb Code    22  defsig_rtmem_inner.o(.text)
    _sys_exit                                0x080008e9   Thumb Code     8  sys_exit.o(.text)
    __default_signal_display                 0x080008f5   Thumb Code    50  defsig_general.o(.text)
    _ttywrch                                 0x08000927   Thumb Code    14  sys_wrch.o(.text)
    BusFault_Handler                         0x08000935   Thumb Code     2  stm32f4xx_it.o(i.BusFault_Handler)
    CDC_Transmit_FS                          0x080009a9   Thumb Code    38  usbd_cdc_if.o(i.CDC_Transmit_FS)
    ConvertDegToPulse                        0x080009d5   Thumb Code    34  motor.o(i.ConvertDegToPulse)
    ConvertPulseToDeg                        0x080009f7   Thumb Code    34  motor.o(i.ConvertPulseToDeg)
    DebugMon_Handler                         0x08000a19   Thumb Code     2  stm32f4xx_it.o(i.DebugMon_Handler)
    Error_Handler                            0x08000a1b   Thumb Code     4  main.o(i.Error_Handler)
    HAL_DMA_Abort                            0x08000a1f   Thumb Code   146  stm32f4xx_hal_dma.o(i.HAL_DMA_Abort)
    HAL_DMA_Abort_IT                         0x08000ab1   Thumb Code    36  stm32f4xx_hal_dma.o(i.HAL_DMA_Abort_IT)
    HAL_Delay                                0x08000ad5   Thumb Code    32  stm32f4xx_hal.o(i.HAL_Delay)
    HAL_GPIO_Init                            0x08000af9   Thumb Code   450  stm32f4xx_hal_gpio.o(i.HAL_GPIO_Init)
    HAL_GPIO_WritePin                        0x08000ce9   Thumb Code    10  stm32f4xx_hal_gpio.o(i.HAL_GPIO_WritePin)
    HAL_GetTick                              0x08000cf5   Thumb Code     6  stm32f4xx_hal.o(i.HAL_GetTick)
    HAL_IncTick                              0x08000d01   Thumb Code    12  stm32f4xx_hal.o(i.HAL_IncTick)
    HAL_Init                                 0x08000d11   Thumb Code    48  stm32f4xx_hal.o(i.HAL_Init)
    HAL_InitTick                             0x08000d45   Thumb Code    54  stm32f4xx_hal.o(i.HAL_InitTick)
    HAL_MspInit                              0x08000d85   Thumb Code    42  stm32f4xx_hal_msp.o(i.HAL_MspInit)
    HAL_NVIC_EnableIRQ                       0x08000db5   Thumb Code    26  stm32f4xx_hal_cortex.o(i.HAL_NVIC_EnableIRQ)
    HAL_NVIC_SetPriority                     0x08000dd1   Thumb Code    60  stm32f4xx_hal_cortex.o(i.HAL_NVIC_SetPriority)
    HAL_NVIC_SetPriorityGrouping             0x08000e11   Thumb Code    26  stm32f4xx_hal_cortex.o(i.HAL_NVIC_SetPriorityGrouping)
    HAL_PCDEx_LPM_Callback                   0x08000e35   Thumb Code     2  stm32f4xx_hal_pcd_ex.o(i.HAL_PCDEx_LPM_Callback)
    HAL_PCDEx_SetRxFiFo                      0x08000e37   Thumb Code     8  stm32f4xx_hal_pcd_ex.o(i.HAL_PCDEx_SetRxFiFo)
    HAL_PCDEx_SetTxFiFo                      0x08000e3f   Thumb Code    68  stm32f4xx_hal_pcd_ex.o(i.HAL_PCDEx_SetTxFiFo)
    HAL_PCD_ConnectCallback                  0x08000e83   Thumb Code     8  usbd_conf.o(i.HAL_PCD_ConnectCallback)
    HAL_PCD_DataInStageCallback              0x08000e8b   Thumb Code    18  usbd_conf.o(i.HAL_PCD_DataInStageCallback)
    HAL_PCD_DataOutStageCallback             0x08000e9d   Thumb Code    20  usbd_conf.o(i.HAL_PCD_DataOutStageCallback)
    HAL_PCD_DisconnectCallback               0x08000eb1   Thumb Code     8  usbd_conf.o(i.HAL_PCD_DisconnectCallback)
    HAL_PCD_EP_Abort                         0x08000eb9   Thumb Code    30  stm32f4xx_hal_pcd.o(i.HAL_PCD_EP_Abort)
    HAL_PCD_EP_Close                         0x08000ed7   Thumb Code    76  stm32f4xx_hal_pcd.o(i.HAL_PCD_EP_Close)
    HAL_PCD_EP_ClrStall                      0x08000f23   Thumb Code    92  stm32f4xx_hal_pcd.o(i.HAL_PCD_EP_ClrStall)
    HAL_PCD_EP_GetRxCount                    0x08000f7f   Thumb Code    18  stm32f4xx_hal_pcd.o(i.HAL_PCD_EP_GetRxCount)
    HAL_PCD_EP_Open                          0x08000f91   Thumb Code    96  stm32f4xx_hal_pcd.o(i.HAL_PCD_EP_Open)
    HAL_PCD_EP_Receive                       0x08000ff1   Thumb Code    72  stm32f4xx_hal_pcd.o(i.HAL_PCD_EP_Receive)
    HAL_PCD_EP_SetStall                      0x08001039   Thumb Code   116  stm32f4xx_hal_pcd.o(i.HAL_PCD_EP_SetStall)
    HAL_PCD_EP_Transmit                      0x080010ad   Thumb Code    64  stm32f4xx_hal_pcd.o(i.HAL_PCD_EP_Transmit)
    HAL_PCD_IRQHandler                       0x080010ed   Thumb Code  1376  stm32f4xx_hal_pcd.o(i.HAL_PCD_IRQHandler)
    HAL_PCD_ISOINIncompleteCallback          0x0800164d   Thumb Code     8  usbd_conf.o(i.HAL_PCD_ISOINIncompleteCallback)
    HAL_PCD_ISOOUTIncompleteCallback         0x08001655   Thumb Code     8  usbd_conf.o(i.HAL_PCD_ISOOUTIncompleteCallback)
    HAL_PCD_Init                             0x0800165d   Thumb Code   226  stm32f4xx_hal_pcd.o(i.HAL_PCD_Init)
    HAL_PCD_MspInit                          0x08001741   Thumb Code   122  usbd_conf.o(i.HAL_PCD_MspInit)
    HAL_PCD_ResetCallback                    0x080017c5   Thumb Code    44  usbd_conf.o(i.HAL_PCD_ResetCallback)
    HAL_PCD_ResumeCallback                   0x080017f1   Thumb Code     8  usbd_conf.o(i.HAL_PCD_ResumeCallback)
    HAL_PCD_SOFCallback                      0x080017f9   Thumb Code     8  usbd_conf.o(i.HAL_PCD_SOFCallback)
    HAL_PCD_SetAddress                       0x08001801   Thumb Code    40  stm32f4xx_hal_pcd.o(i.HAL_PCD_SetAddress)
    HAL_PCD_SetupStageCallback               0x08001829   Thumb Code    14  usbd_conf.o(i.HAL_PCD_SetupStageCallback)
    HAL_PCD_Start                            0x08001837   Thumb Code    66  stm32f4xx_hal_pcd.o(i.HAL_PCD_Start)
    HAL_PCD_SuspendCallback                  0x08001879   Thumb Code    44  usbd_conf.o(i.HAL_PCD_SuspendCallback)
    HAL_RCC_ClockConfig                      0x080018a9   Thumb Code   288  stm32f4xx_hal_rcc.o(i.HAL_RCC_ClockConfig)
    HAL_RCC_GetHCLKFreq                      0x080019dd   Thumb Code     6  stm32f4xx_hal_rcc.o(i.HAL_RCC_GetHCLKFreq)
    HAL_RCC_GetPCLK1Freq                     0x080019e9   Thumb Code    20  stm32f4xx_hal_rcc.o(i.HAL_RCC_GetPCLK1Freq)
    HAL_RCC_GetPCLK2Freq                     0x08001a09   Thumb Code    20  stm32f4xx_hal_rcc.o(i.HAL_RCC_GetPCLK2Freq)
    HAL_RCC_GetSysClockFreq                  0x08001a29   Thumb Code    88  stm32f4xx_hal_rcc.o(i.HAL_RCC_GetSysClockFreq)
    HAL_RCC_OscConfig                        0x08001a89   Thumb Code   856  stm32f4xx_hal_rcc.o(i.HAL_RCC_OscConfig)
    HAL_SYSTICK_Config                       0x08001df5   Thumb Code    40  stm32f4xx_hal_cortex.o(i.HAL_SYSTICK_Config)
    HAL_TIMEx_BreakCallback                  0x08001e1d   Thumb Code     2  stm32f4xx_hal_tim_ex.o(i.HAL_TIMEx_BreakCallback)
    HAL_TIMEx_CommutCallback                 0x08001e1f   Thumb Code     2  stm32f4xx_hal_tim_ex.o(i.HAL_TIMEx_CommutCallback)
    HAL_TIMEx_MasterConfigSynchronization    0x08001e21   Thumb Code   116  stm32f4xx_hal_tim_ex.o(i.HAL_TIMEx_MasterConfigSynchronization)
    HAL_TIM_Base_Init                        0x08001eb1   Thumb Code    90  stm32f4xx_hal_tim.o(i.HAL_TIM_Base_Init)
    HAL_TIM_Base_MspInit                     0x08001f0d   Thumb Code    50  tim.o(i.HAL_TIM_Base_MspInit)
    HAL_TIM_Base_Start_IT                    0x08001f45   Thumb Code   100  stm32f4xx_hal_tim.o(i.HAL_TIM_Base_Start_IT)
    HAL_TIM_ConfigClockSource                0x08001fc5   Thumb Code   220  stm32f4xx_hal_tim.o(i.HAL_TIM_ConfigClockSource)
    HAL_TIM_Encoder_Init                     0x080020a1   Thumb Code   164  stm32f4xx_hal_tim.o(i.HAL_TIM_Encoder_Init)
    HAL_TIM_Encoder_MspInit                  0x08002145   Thumb Code    90  tim.o(i.HAL_TIM_Encoder_MspInit)
    HAL_TIM_Encoder_Start                    0x080021ad   Thumb Code   142  stm32f4xx_hal_tim.o(i.HAL_TIM_Encoder_Start)
    HAL_TIM_IC_CaptureCallback               0x0800223b   Thumb Code     2  stm32f4xx_hal_tim.o(i.HAL_TIM_IC_CaptureCallback)
    HAL_TIM_IRQHandler                       0x0800223d   Thumb Code   358  stm32f4xx_hal_tim.o(i.HAL_TIM_IRQHandler)
    HAL_TIM_MspPostInit                      0x080023a5   Thumb Code    68  tim.o(i.HAL_TIM_MspPostInit)
    HAL_TIM_OC_DelayElapsedCallback          0x080023f5   Thumb Code     2  stm32f4xx_hal_tim.o(i.HAL_TIM_OC_DelayElapsedCallback)
    HAL_TIM_PWM_ConfigChannel                0x080023f7   Thumb Code   204  stm32f4xx_hal_tim.o(i.HAL_TIM_PWM_ConfigChannel)
    HAL_TIM_PWM_Init                         0x080024c3   Thumb Code    90  stm32f4xx_hal_tim.o(i.HAL_TIM_PWM_Init)
    HAL_TIM_PWM_MspInit                      0x0800251d   Thumb Code    30  tim.o(i.HAL_TIM_PWM_MspInit)
    HAL_TIM_PWM_PulseFinishedCallback        0x08002545   Thumb Code     2  stm32f4xx_hal_tim.o(i.HAL_TIM_PWM_PulseFinishedCallback)
    HAL_TIM_PWM_Start                        0x08002549   Thumb Code   172  stm32f4xx_hal_tim.o(i.HAL_TIM_PWM_Start)
    HAL_TIM_PeriodElapsedCallback            0x08002611   Thumb Code    54  main.o(i.HAL_TIM_PeriodElapsedCallback)
    HAL_TIM_TriggerCallback                  0x08002655   Thumb Code     2  stm32f4xx_hal_tim.o(i.HAL_TIM_TriggerCallback)
    HAL_UARTEx_RxEventCallback               0x08002657   Thumb Code     2  stm32f4xx_hal_uart.o(i.HAL_UARTEx_RxEventCallback)
    HAL_UART_ErrorCallback                   0x08002659   Thumb Code     2  stm32f4xx_hal_uart.o(i.HAL_UART_ErrorCallback)
    HAL_UART_IRQHandler                      0x0800265d   Thumb Code   610  stm32f4xx_hal_uart.o(i.HAL_UART_IRQHandler)
    HAL_UART_Init                            0x080028c5   Thumb Code    98  stm32f4xx_hal_uart.o(i.HAL_UART_Init)
    HAL_UART_MspInit                         0x08002929   Thumb Code   108  usart.o(i.HAL_UART_MspInit)
    HAL_UART_Receive_IT                      0x080029a1   Thumb Code    42  stm32f4xx_hal_uart.o(i.HAL_UART_Receive_IT)
    HAL_UART_RxCpltCallback                  0x080029cd   Thumb Code    24  serial.o(i.HAL_UART_RxCpltCallback)
    HAL_UART_TxCpltCallback                  0x080029f1   Thumb Code     2  stm32f4xx_hal_uart.o(i.HAL_UART_TxCpltCallback)
    HardFault_Handler                        0x080029f3   Thumb Code     2  stm32f4xx_it.o(i.HardFault_Handler)
    MX_GPIO_Init                             0x08002a2d   Thumb Code   118  gpio.o(i.MX_GPIO_Init)
    MX_TIM2_Init                             0x08002aad   Thumb Code    96  tim.o(i.MX_TIM2_Init)
    MX_TIM3_Init                             0x08002b11   Thumb Code   104  tim.o(i.MX_TIM3_Init)
    MX_TIM4_Init                             0x08002b81   Thumb Code    98  tim.o(i.MX_TIM4_Init)
    MX_USART1_UART_Init                      0x08002bed   Thumb Code    48  usart.o(i.MX_USART1_UART_Init)
    MX_USB_DEVICE_Init                       0x08002c25   Thumb Code    66  usb_device.o(i.MX_USB_DEVICE_Init)
    MemManage_Handler                        0x08002c79   Thumb Code     2  stm32f4xx_it.o(i.MemManage_Handler)
    MotorInit                                0x08002c7d   Thumb Code    66  motor.o(i.MotorInit)
    MotorMovePos                             0x08002cd5   Thumb Code   380  motor.o(i.MotorMovePos)
    MotorSetDir                              0x08002e75   Thumb Code    26  motor.o(i.MotorSetDir)
    MotorTuning                              0x08002e95   Thumb Code   110  motor.o(i.MotorTuning)
    NMI_Handler                              0x08002f19   Thumb Code     2  stm32f4xx_it.o(i.NMI_Handler)
    OTG_FS_IRQHandler                        0x08002f1d   Thumb Code     6  stm32f4xx_it.o(i.OTG_FS_IRQHandler)
    PIDCompute                               0x08003099   Thumb Code    84  pid.o(i.PIDCompute)
    PIDInit                                  0x080030f1   Thumb Code    36  pid.o(i.PIDInit)
    PIDReset                                 0x08003119   Thumb Code    20  pid.o(i.PIDReset)
    PendSV_Handler                           0x08003135   Thumb Code     2  stm32f4xx_it.o(i.PendSV_Handler)
    SVC_Handler                              0x08003137   Thumb Code     2  stm32f4xx_it.o(i.SVC_Handler)
    SerialAcceptReceive                      0x08003145   Thumb Code    10  serial.o(i.SerialAcceptReceive)
    SerialInit                               0x08003159   Thumb Code    10  serial.o(i.SerialInit)
    SerialParse                              0x0800316d   Thumb Code    86  serial.o(i.SerialParse)
    SerialWriteComm                          0x080031cd   Thumb Code    74  serial.o(i.SerialWriteComm)
    StrCompare                               0x0800321d   Thumb Code    28  serial.o(i.StrCompare)
    SysTick_Handler                          0x08003239   Thumb Code     4  stm32f4xx_it.o(i.SysTick_Handler)
    SystemClock_Config                       0x0800323d   Thumb Code   136  main.o(i.SystemClock_Config)
    SystemInit                               0x080032cd   Thumb Code    12  system_stm32f4xx.o(i.SystemInit)
    TIM2_IRQHandler                          0x080032dd   Thumb Code     6  stm32f4xx_it.o(i.TIM2_IRQHandler)
    TIM_Base_SetConfig                       0x080032e9   Thumb Code   156  stm32f4xx_hal_tim.o(i.TIM_Base_SetConfig)
    TIM_CCxChannelCmd                        0x080033b1   Thumb Code    26  stm32f4xx_hal_tim.o(i.TIM_CCxChannelCmd)
    TIM_ETR_SetConfig                        0x080033cb   Thumb Code    20  stm32f4xx_hal_tim.o(i.TIM_ETR_SetConfig)
    TIM_OC2_SetConfig                        0x08003451   Thumb Code    98  stm32f4xx_hal_tim.o(i.TIM_OC2_SetConfig)
    UART_Start_Receive_IT                    0x080037e5   Thumb Code    58  stm32f4xx_hal_uart.o(i.UART_Start_Receive_IT)
    USART1_IRQHandler                        0x08003821   Thumb Code     6  stm32f4xx_it.o(i.USART1_IRQHandler)
    USBD_CDC_GetDeviceQualifierDescriptor    0x080039a9   Thumb Code     8  usbd_cdc.o(i.USBD_CDC_GetDeviceQualifierDescriptor)
    USBD_CDC_ReceivePacket                   0x08003b85   Thumb Code    50  usbd_cdc.o(i.USBD_CDC_ReceivePacket)
    USBD_CDC_RegisterInterface               0x08003bbd   Thumb Code    22  usbd_cdc.o(i.USBD_CDC_RegisterInterface)
    USBD_CDC_SetRxBuffer                     0x08003bd3   Thumb Code    26  usbd_cdc.o(i.USBD_CDC_SetRxBuffer)
    USBD_CDC_SetTxBuffer                     0x08003bed   Thumb Code    30  usbd_cdc.o(i.USBD_CDC_SetTxBuffer)
    USBD_CDC_TransmitPacket                  0x08003ce1   Thumb Code    76  usbd_cdc.o(i.USBD_CDC_TransmitPacket)
    USBD_ClrClassConfig                      0x08003d31   Thumb Code    20  usbd_core.o(i.USBD_ClrClassConfig)
    USBD_CoreFindEP                          0x08003d45   Thumb Code     4  usbd_core.o(i.USBD_CoreFindEP)
    USBD_CoreFindIF                          0x08003d49   Thumb Code     4  usbd_core.o(i.USBD_CoreFindIF)
    USBD_CtlContinueRx                       0x08003d4d   Thumb Code    16  usbd_ioreq.o(i.USBD_CtlContinueRx)
    USBD_CtlContinueSendData                 0x08003d5d   Thumb Code    16  usbd_ioreq.o(i.USBD_CtlContinueSendData)
    USBD_CtlError                            0x08003d6d   Thumb Code    22  usbd_ctlreq.o(i.USBD_CtlError)
    USBD_CtlPrepareRx                        0x08003d83   Thumb Code    30  usbd_ioreq.o(i.USBD_CtlPrepareRx)
    USBD_CtlReceiveStatus                    0x08003da1   Thumb Code    22  usbd_ioreq.o(i.USBD_CtlReceiveStatus)
    USBD_CtlSendData                         0x08003db7   Thumb Code    26  usbd_ioreq.o(i.USBD_CtlSendData)
    USBD_CtlSendStatus                       0x08003dd1   Thumb Code    22  usbd_ioreq.o(i.USBD_CtlSendStatus)
    USBD_FS_ConfigStrDescriptor              0x08003de9   Thumb Code    16  usbd_desc.o(i.USBD_FS_ConfigStrDescriptor)
    USBD_FS_DeviceDescriptor                 0x08003e09   Thumb Code     8  usbd_desc.o(i.USBD_FS_DeviceDescriptor)
    USBD_FS_InterfaceStrDescriptor           0x08003e15   Thumb Code    16  usbd_desc.o(i.USBD_FS_InterfaceStrDescriptor)
    USBD_FS_LangIDStrDescriptor              0x08003e39   Thumb Code     8  usbd_desc.o(i.USBD_FS_LangIDStrDescriptor)
    USBD_FS_ManufacturerStrDescriptor        0x08003e45   Thumb Code    16  usbd_desc.o(i.USBD_FS_ManufacturerStrDescriptor)
    USBD_FS_ProductStrDescriptor             0x08003e6d   Thumb Code    16  usbd_desc.o(i.USBD_FS_ProductStrDescriptor)
    USBD_FS_SerialStrDescriptor              0x08003e99   Thumb Code    48  usbd_desc.o(i.USBD_FS_SerialStrDescriptor)
    USBD_GetEpDesc                           0x08003fb7   Thumb Code    58  usbd_core.o(i.USBD_GetEpDesc)
    USBD_GetNextDesc                         0x08003ff1   Thumb Code    14  usbd_core.o(i.USBD_GetNextDesc)
    USBD_GetString                           0x08003fff   Thumb Code    72  usbd_ctlreq.o(i.USBD_GetString)
    USBD_Get_USB_Status                      0x08004047   Thumb Code    24  usbd_conf.o(i.USBD_Get_USB_Status)
    USBD_Init                                0x0800405f   Thumb Code    38  usbd_core.o(i.USBD_Init)
    USBD_LL_ClearStallEP                     0x08004085   Thumb Code    18  usbd_conf.o(i.USBD_LL_ClearStallEP)
    USBD_LL_CloseEP                          0x08004097   Thumb Code    18  usbd_conf.o(i.USBD_LL_CloseEP)
    USBD_LL_DataInStage                      0x080040a9   Thumb Code   182  usbd_core.o(i.USBD_LL_DataInStage)
    USBD_LL_DataOutStage                     0x0800415f   Thumb Code   142  usbd_core.o(i.USBD_LL_DataOutStage)
    USBD_LL_DevConnected                     0x080041ed   Thumb Code     4  usbd_core.o(i.USBD_LL_DevConnected)
    USBD_LL_DevDisconnected                  0x080041f1   Thumb Code    30  usbd_core.o(i.USBD_LL_DevDisconnected)
    USBD_LL_GetRxDataSize                    0x0800420f   Thumb Code     8  usbd_conf.o(i.USBD_LL_GetRxDataSize)
    USBD_LL_Init                             0x08004219   Thumb Code    90  usbd_conf.o(i.USBD_LL_Init)
    USBD_LL_IsStallEP                        0x08004279   Thumb Code    32  usbd_conf.o(i.USBD_LL_IsStallEP)
    USBD_LL_IsoINIncomplete                  0x08004299   Thumb Code    40  usbd_core.o(i.USBD_LL_IsoINIncomplete)
    USBD_LL_IsoOUTIncomplete                 0x080042c1   Thumb Code    40  usbd_core.o(i.USBD_LL_IsoOUTIncomplete)
    USBD_LL_OpenEP                           0x080042e9   Thumb Code    24  usbd_conf.o(i.USBD_LL_OpenEP)
    USBD_LL_PrepareReceive                   0x08004301   Thumb Code    18  usbd_conf.o(i.USBD_LL_PrepareReceive)
    USBD_LL_Reset                            0x08004313   Thumb Code    92  usbd_core.o(i.USBD_LL_Reset)
    USBD_LL_Resume                           0x0800436f   Thumb Code    20  usbd_core.o(i.USBD_LL_Resume)
    USBD_LL_SOF                              0x08004383   Thumb Code    26  usbd_core.o(i.USBD_LL_SOF)
    USBD_LL_SetSpeed                         0x0800439d   Thumb Code     6  usbd_core.o(i.USBD_LL_SetSpeed)
    USBD_LL_SetUSBAddress                    0x080043a3   Thumb Code    18  usbd_conf.o(i.USBD_LL_SetUSBAddress)
    USBD_LL_SetupStage                       0x080043b5   Thumb Code    96  usbd_core.o(i.USBD_LL_SetupStage)
    USBD_LL_StallEP                          0x08004415   Thumb Code    18  usbd_conf.o(i.USBD_LL_StallEP)
    USBD_LL_Start                            0x08004427   Thumb Code    18  usbd_conf.o(i.USBD_LL_Start)
    USBD_LL_Suspend                          0x08004439   Thumb Code    18  usbd_core.o(i.USBD_LL_Suspend)
    USBD_LL_Transmit                         0x0800444b   Thumb Code    18  usbd_conf.o(i.USBD_LL_Transmit)
    USBD_ParseSetupRequest                   0x0800445d   Thumb Code    44  usbd_ctlreq.o(i.USBD_ParseSetupRequest)
    USBD_RegisterClass                       0x08004489   Thumb Code    58  usbd_core.o(i.USBD_RegisterClass)
    USBD_SetClassConfig                      0x080044c3   Thumb Code    20  usbd_core.o(i.USBD_SetClassConfig)
    USBD_Start                               0x08004591   Thumb Code     4  usbd_core.o(i.USBD_Start)
    USBD_StdDevReq                           0x08004595   Thumb Code   300  usbd_ctlreq.o(i.USBD_StdDevReq)
    USBD_StdEPReq                            0x080046c1   Thumb Code   352  usbd_ctlreq.o(i.USBD_StdEPReq)
    USBD_StdItfReq                           0x08004821   Thumb Code   114  usbd_ctlreq.o(i.USBD_StdItfReq)
    USBD_static_free                         0x08004893   Thumb Code     2  usbd_conf.o(i.USBD_static_free)
    USBD_static_malloc                       0x08004895   Thumb Code     4  usbd_conf.o(i.USBD_static_malloc)
    USB_ActivateEndpoint                     0x0800489d   Thumb Code   122  stm32f4xx_ll_usb.o(i.USB_ActivateEndpoint)
    USB_ActivateSetup                        0x0800491d   Thumb Code    28  stm32f4xx_ll_usb.o(i.USB_ActivateSetup)
    USB_CoreInit                             0x08004939   Thumb Code   112  stm32f4xx_ll_usb.o(i.USB_CoreInit)
    USB_DeactivateEndpoint                   0x080049ed   Thumb Code   194  stm32f4xx_ll_usb.o(i.USB_DeactivateEndpoint)
    USB_DevConnect                           0x08004ab9   Thumb Code    28  stm32f4xx_ll_usb.o(i.USB_DevConnect)
    USB_DevDisconnect                        0x08004ad5   Thumb Code    28  stm32f4xx_ll_usb.o(i.USB_DevDisconnect)
    USB_DevInit                              0x08004af1   Thumb Code   362  stm32f4xx_ll_usb.o(i.USB_DevInit)
    USB_DisableGlobalInt                     0x08004c65   Thumb Code    12  stm32f4xx_ll_usb.o(i.USB_DisableGlobalInt)
    USB_EP0StartXfer                         0x08004c71   Thumb Code   280  stm32f4xx_ll_usb.o(i.USB_EP0StartXfer)
    USB_EP0_OutStart                         0x08004d8d   Thumb Code    84  stm32f4xx_ll_usb.o(i.USB_EP0_OutStart)
    USB_EPClearStall                         0x08004de5   Thumb Code    88  stm32f4xx_ll_usb.o(i.USB_EPClearStall)
    USB_EPSetStall                           0x08004e3d   Thumb Code    88  stm32f4xx_ll_usb.o(i.USB_EPSetStall)
    USB_EPStartXfer                          0x08004e95   Thumb Code   480  stm32f4xx_ll_usb.o(i.USB_EPStartXfer)
    USB_EPStopXfer                           0x08005079   Thumb Code   158  stm32f4xx_ll_usb.o(i.USB_EPStopXfer)
    USB_EnableGlobalInt                      0x08005117   Thumb Code    12  stm32f4xx_ll_usb.o(i.USB_EnableGlobalInt)
    USB_FlushRxFifo                          0x08005125   Thumb Code    54  stm32f4xx_ll_usb.o(i.USB_FlushRxFifo)
    USB_FlushTxFifo                          0x08005161   Thumb Code    58  stm32f4xx_ll_usb.o(i.USB_FlushTxFifo)
    USB_GetDevSpeed                          0x080051a1   Thumb Code    26  stm32f4xx_ll_usb.o(i.USB_GetDevSpeed)
    USB_GetMode                              0x080051bb   Thumb Code     8  stm32f4xx_ll_usb.o(i.USB_GetMode)
    USB_ReadDevAllInEpInterrupt              0x080051c3   Thumb Code    14  stm32f4xx_ll_usb.o(i.USB_ReadDevAllInEpInterrupt)
    USB_ReadDevAllOutEpInterrupt             0x080051d1   Thumb Code    14  stm32f4xx_ll_usb.o(i.USB_ReadDevAllOutEpInterrupt)
    USB_ReadDevInEPInterrupt                 0x080051df   Thumb Code    36  stm32f4xx_ll_usb.o(i.USB_ReadDevInEPInterrupt)
    USB_ReadDevOutEPInterrupt                0x08005203   Thumb Code    16  stm32f4xx_ll_usb.o(i.USB_ReadDevOutEPInterrupt)
    USB_ReadInterrupts                       0x08005213   Thumb Code     8  stm32f4xx_ll_usb.o(i.USB_ReadInterrupts)
    USB_ReadPacket                           0x0800521b   Thumb Code    62  stm32f4xx_ll_usb.o(i.USB_ReadPacket)
    USB_SetCurrentMode                       0x08005259   Thumb Code    92  stm32f4xx_ll_usb.o(i.USB_SetCurrentMode)
    USB_SetDevAddress                        0x080052b5   Thumb Code    34  stm32f4xx_ll_usb.o(i.USB_SetDevAddress)
    USB_SetTurnaroundTime                    0x080052d9   Thumb Code   158  stm32f4xx_ll_usb.o(i.USB_SetTurnaroundTime)
    USB_WritePacket                          0x080053c1   Thumb Code    40  stm32f4xx_ll_usb.o(i.USB_WritePacket)
    UsageFault_Handler                       0x080053e9   Thumb Code     2  stm32f4xx_it.o(i.UsageFault_Handler)
    __ARM_fpclassify                         0x080053eb   Thumb Code    48  fpclassify.o(i.__ARM_fpclassify)
    __hardfp_pow                             0x08005441   Thumb Code  3072  pow.o(i.__hardfp_pow)
    __kernel_poly                            0x08006091   Thumb Code   248  poly.o(i.__kernel_poly)
    __mathlib_dbl_divzero                    0x08006189   Thumb Code    28  dunder.o(i.__mathlib_dbl_divzero)
    __mathlib_dbl_infnan2                    0x080061b9   Thumb Code    20  dunder.o(i.__mathlib_dbl_infnan2)
    __mathlib_dbl_invalid                    0x080061d1   Thumb Code    24  dunder.o(i.__mathlib_dbl_invalid)
    __mathlib_dbl_overflow                   0x080061f1   Thumb Code    24  dunder.o(i.__mathlib_dbl_overflow)
    __mathlib_dbl_underflow                  0x08006211   Thumb Code    24  dunder.o(i.__mathlib_dbl_underflow)
    fabs                                     0x08006231   Thumb Code    24  fabs.o(i.fabs)
    main                                     0x08006249   Thumb Code  1000  main.o(i.main)
    sqrt                                     0x080066b5   Thumb Code   110  sqrt.o(i.sqrt)
    subString                                0x08006723   Thumb Code    34  serial.o(i.subString)
    __aeabi_dneg                             0x08006745   Thumb Code     0  basic.o(x$fpl$basic)
    _dneg                                    0x08006745   Thumb Code     6  basic.o(x$fpl$basic)
    __aeabi_fneg                             0x0800674b   Thumb Code     0  basic.o(x$fpl$basic)
    _fneg                                    0x0800674b   Thumb Code     6  basic.o(x$fpl$basic)
    _dabs                                    0x08006751   Thumb Code     6  basic.o(x$fpl$basic)
    _fabs                                    0x08006757   Thumb Code     6  basic.o(x$fpl$basic)
    __aeabi_d2f                              0x0800675d   Thumb Code     0  d2f.o(x$fpl$d2f)
    _d2f                                     0x0800675d   Thumb Code    98  d2f.o(x$fpl$d2f)
    __aeabi_dadd                             0x080067c1   Thumb Code     0  daddsub_clz.o(x$fpl$dadd)
    _dadd                                    0x080067c1   Thumb Code   332  daddsub_clz.o(x$fpl$dadd)
    __fpl_dcheck_NaN1                        0x08006911   Thumb Code    10  dcheck1.o(x$fpl$dcheck1)
    __fpl_dcmp_Inf                           0x08006921   Thumb Code    24  dcmpi.o(x$fpl$dcmpinf)
    __aeabi_ddiv                             0x08006939   Thumb Code     0  ddiv.o(x$fpl$ddiv)
    _ddiv                                    0x08006939   Thumb Code   552  ddiv.o(x$fpl$ddiv)
    __aeabi_i2d                              0x08006be9   Thumb Code     0  dflt_clz.o(x$fpl$dflt)
    _dflt                                    0x08006be9   Thumb Code    46  dflt_clz.o(x$fpl$dflt)
    __aeabi_ui2d                             0x08006c17   Thumb Code     0  dflt_clz.o(x$fpl$dfltu)
    _dfltu                                   0x08006c17   Thumb Code    38  dflt_clz.o(x$fpl$dfltu)
    __aeabi_cdcmple                          0x08006c3d   Thumb Code     0  dleqf.o(x$fpl$dleqf)
    _dcmple                                  0x08006c3d   Thumb Code   120  dleqf.o(x$fpl$dleqf)
    __fpl_dcmple_InfNaN                      0x08006c9f   Thumb Code     0  dleqf.o(x$fpl$dleqf)
    __aeabi_dmul                             0x08006cb5   Thumb Code     0  dmul.o(x$fpl$dmul)
    _dmul                                    0x08006cb5   Thumb Code   332  dmul.o(x$fpl$dmul)
    __fpl_dnaninf                            0x08006e09   Thumb Code   156  dnaninf.o(x$fpl$dnaninf)
    __fpl_dretinf                            0x08006ea5   Thumb Code    12  dretinf.o(x$fpl$dretinf)
    __aeabi_cdrcmple                         0x08006eb1   Thumb Code     0  drleqf.o(x$fpl$drleqf)
    _drcmple                                 0x08006eb1   Thumb Code   108  drleqf.o(x$fpl$drleqf)
    __aeabi_drsub                            0x08006f1d   Thumb Code     0  daddsub_clz.o(x$fpl$drsb)
    _drsb                                    0x08006f1d   Thumb Code    22  daddsub_clz.o(x$fpl$drsb)
    _dsqrt                                   0x08006f35   Thumb Code   404  dsqrt_umaal.o(x$fpl$dsqrt)
    __aeabi_dsub                             0x080070cd   Thumb Code     0  daddsub_clz.o(x$fpl$dsub)
    _dsub                                    0x080070cd   Thumb Code   464  daddsub_clz.o(x$fpl$dsub)
    __aeabi_f2d                              0x080072a1   Thumb Code     0  f2d.o(x$fpl$f2d)
    _f2d                                     0x080072a1   Thumb Code    86  f2d.o(x$fpl$f2d)
    __fpl_fnaninf                            0x080072f7   Thumb Code   140  fnaninf.o(x$fpl$fnaninf)
    _fp_init                                 0x08007383   Thumb Code    10  fpinit.o(x$fpl$fpinit)
    __fplib_config_fpu_vfp                   0x0800738b   Thumb Code     0  fpinit.o(x$fpl$fpinit)
    __fplib_config_pureend_doubles           0x0800738b   Thumb Code     0  fpinit.o(x$fpl$fpinit)
    __fpl_fretinf                            0x0800738d   Thumb Code    10  fretinf.o(x$fpl$fretinf)
    __fpl_return_NaN                         0x08007397   Thumb Code   100  retnan.o(x$fpl$retnan)
    __ARM_scalbn                             0x080073fb   Thumb Code    92  scalbn.o(x$fpl$scalbn)
    __fpl_cmpreturn                          0x08007457   Thumb Code    48  trapv.o(x$fpl$trapveneer)
    AHBPrescTable                            0x08007486   Data          16  system_stm32f4xx.o(.constdata)
    __I$use$fp                               0x08007486   Number         0  usenofp.o(x$fpl$usenofp)
    APBPrescTable                            0x08007496   Data           8  system_stm32f4xx.o(.constdata)
    __mathlib_zero                           0x08007528   Data           8  qnan.o(.constdata)
    Region$$Table$$Base                      0x08007530   Number         0  anon$$obj.o(Region$$Table)
    Region$$Table$$Limit                     0x08007550   Number         0  anon$$obj.o(Region$$Table)
    tProcess                                 0x20000000   Data           1  motor.o(.data)
    g_nIndex                                 0x20000002   Data           2  motor.o(.data)
    g_nDutyCycle                             0x20000004   Data           4  motor.o(.data)
    g_dCmdVel                                0x20000008   Data           4  motor.o(.data)
    g_nActPulse                              0x2000000c   Data           4  motor.o(.data)
    g_nCmdPulse                              0x20000010   Data           4  motor.o(.data)
    g_dPIDError                              0x20000014   Data           4  pid.o(.data)
    g_bDataAvailable                         0x20000018   Data           1  serial.o(.data)
    STX                                      0x20000019   Data           1  serial.o(.data)
    ETX                                      0x2000001a   Data           1  serial.o(.data)
    ACK                                      0x2000001b   Data           1  serial.o(.data)
    g_nOption                                0x2000001c   Data           3  serial.o(.data)
    g_strCommand                             0x2000001f   Data           4  serial.o(.data)
    g_nData                                  0x20000023   Data           8  serial.o(.data)
    g_nTxOption                              0x2000002b   Data           3  main.o(.data)
    g_strTxCommand                           0x2000002e   Data           4  main.o(.data)
    g_nTxData                                0x20000032   Data           8  main.o(.data)
    FS_Desc                                  0x2000003c   Data          28  usbd_desc.o(.data)
    USBD_LangIDDesc                          0x20000058   Data           4  usbd_desc.o(.data)
    USBD_FS_DeviceDesc                       0x2000005c   Data          18  usbd_desc.o(.data)
    USBD_StringSerial                        0x20000070   Data          26  usbd_desc.o(.data)
    USBD_Interface_fops_FS                   0x2000008c   Data          20  usbd_cdc_if.o(.data)
    uwTickFreq                               0x200000a0   Data           1  stm32f4xx_hal.o(.data)
    uwTickPrio                               0x200000a4   Data           4  stm32f4xx_hal.o(.data)
    uwTick                                   0x200000a8   Data           4  stm32f4xx_hal.o(.data)
    SystemCoreClock                          0x200000ac   Data           4  system_stm32f4xx.o(.data)
    USBD_CDC                                 0x20000108   Data          56  usbd_cdc.o(.data)
    tPIDControl                              0x20000140   Data        2420  motor.o(.bss)
    tProfile                                 0x20000ab4   Data          52  motor.o(.bss)
    g_nRxBuff                                0x20000ae8   Data          18  serial.o(.bss)
    htim2                                    0x20000afc   Data          72  tim.o(.bss)
    htim3                                    0x20000b44   Data          72  tim.o(.bss)
    htim4                                    0x20000b8c   Data          72  tim.o(.bss)
    huart1                                   0x20000bd4   Data          68  usart.o(.bss)
    hUsbDeviceFS                             0x20000c18   Data         732  usb_device.o(.bss)
    USBD_StrDesc                             0x20000ef4   Data         512  usbd_desc.o(.bss)
    UserRxBufferFS                           0x200010f4   Data          18  usbd_cdc_if.o(.bss)
    UserTxBufferFS                           0x20001106   Data          18  usbd_cdc_if.o(.bss)
    hpcd_USB_OTG_FS                          0x20001338   Data        1292  usbd_conf.o(.bss)
    __libspace_start                         0x20001844   Data          96  libspace.o(.bss)
    __temporary_stack_top$libspace           0x200018a4   Data           0  libspace.o(.bss)



==============================================================================

Memory Map of the image

  Image Entry point : 0x08000189

  Load Region LR_IROM1 (Base: 0x08000000, Size: 0x00007690, Max: 0x00100000, ABSOLUTE, COMPRESSED[0x0000760c])

    Execution Region ER_IROM1 (Exec base: 0x08000000, Load base: 0x08000000, Size: 0x00007550, Max: 0x00100000, ABSOLUTE)

    Exec Addr    Load Addr    Size         Type   Attr      Idx    E Section Name        Object

    0x08000000   0x08000000   0x00000188   Data   RO            3    RESET               startup_stm32f407xx.o
    0x08000188   0x08000188   0x00000008   Code   RO         4781  * !!!main             c_w.l(__main.o)
    0x08000190   0x08000190   0x00000034   Code   RO         5110    !!!scatter          c_w.l(__scatter.o)
    0x080001c4   0x080001c4   0x0000005a   Code   RO         5108    !!dczerorl2         c_w.l(__dczerorl2.o)
    0x0800021e   0x0800021e   0x00000002   PAD
    0x08000220   0x08000220   0x0000001c   Code   RO         5112    !!handler_zi        c_w.l(__scatter_zi.o)
    0x0800023c   0x0800023c   0x00000000   Code   RO         4770    .ARM.Collect$$_printf_percent$$00000000  c_w.l(_printf_percent.o)
    0x0800023c   0x0800023c   0x00000006   Code   RO         4769    .ARM.Collect$$_printf_percent$$00000014  c_w.l(_printf_s.o)
    0x08000242   0x08000242   0x00000004   Code   RO         4857    .ARM.Collect$$_printf_percent$$00000017  c_w.l(_printf_percent_end.o)
    0x08000246   0x08000246   0x00000002   Code   RO         5041    .ARM.Collect$$libinit$$00000000  c_w.l(libinit.o)
    0x08000248   0x08000248   0x00000004   Code   RO         4860    .ARM.Collect$$libinit$$00000001  c_w.l(libinit2.o)
    0x0800024c   0x0800024c   0x00000000   Code   RO         4863    .ARM.Collect$$libinit$$00000004  c_w.l(libinit2.o)
    0x0800024c   0x0800024c   0x00000008   Code   RO         4864    .ARM.Collect$$libinit$$00000005  c_w.l(libinit2.o)
    0x08000254   0x08000254   0x00000000   Code   RO         4866    .ARM.Collect$$libinit$$0000000A  c_w.l(libinit2.o)
    0x08000254   0x08000254   0x00000000   Code   RO         4868    .ARM.Collect$$libinit$$0000000C  c_w.l(libinit2.o)
    0x08000254   0x08000254   0x00000000   Code   RO         4870    .ARM.Collect$$libinit$$0000000E  c_w.l(libinit2.o)
    0x08000254   0x08000254   0x00000000   Code   RO         4873    .ARM.Collect$$libinit$$00000011  c_w.l(libinit2.o)
    0x08000254   0x08000254   0x00000000   Code   RO         4875    .ARM.Collect$$libinit$$00000013  c_w.l(libinit2.o)
    0x08000254   0x08000254   0x00000000   Code   RO         4877    .ARM.Collect$$libinit$$00000015  c_w.l(libinit2.o)
    0x08000254   0x08000254   0x00000000   Code   RO         4879    .ARM.Collect$$libinit$$00000017  c_w.l(libinit2.o)
    0x08000254   0x08000254   0x00000000   Code   RO         4881    .ARM.Collect$$libinit$$00000019  c_w.l(libinit2.o)
    0x08000254   0x08000254   0x00000000   Code   RO         4883    .ARM.Collect$$libinit$$0000001B  c_w.l(libinit2.o)
    0x08000254   0x08000254   0x00000000   Code   RO         4885    .ARM.Collect$$libinit$$0000001D  c_w.l(libinit2.o)
    0x08000254   0x08000254   0x00000000   Code   RO         4887    .ARM.Collect$$libinit$$0000001F  c_w.l(libinit2.o)
    0x08000254   0x08000254   0x00000000   Code   RO         4889    .ARM.Collect$$libinit$$00000021  c_w.l(libinit2.o)
    0x08000254   0x08000254   0x00000000   Code   RO         4891    .ARM.Collect$$libinit$$00000023  c_w.l(libinit2.o)
    0x08000254   0x08000254   0x00000000   Code   RO         4893    .ARM.Collect$$libinit$$00000025  c_w.l(libinit2.o)
    0x08000254   0x08000254   0x00000000   Code   RO         4897    .ARM.Collect$$libinit$$0000002C  c_w.l(libinit2.o)
    0x08000254   0x08000254   0x00000000   Code   RO         4899    .ARM.Collect$$libinit$$0000002E  c_w.l(libinit2.o)
    0x08000254   0x08000254   0x00000000   Code   RO         4901    .ARM.Collect$$libinit$$00000030  c_w.l(libinit2.o)
    0x08000254   0x08000254   0x00000000   Code   RO         4903    .ARM.Collect$$libinit$$00000032  c_w.l(libinit2.o)
    0x08000254   0x08000254   0x00000002   Code   RO         4904    .ARM.Collect$$libinit$$00000033  c_w.l(libinit2.o)
    0x08000256   0x08000256   0x00000002   Code   RO         5105    .ARM.Collect$$libshutdown$$00000000  c_w.l(libshutdown.o)
    0x08000258   0x08000258   0x00000000   Code   RO         5061    .ARM.Collect$$libshutdown$$00000002  c_w.l(libshutdown2.o)
    0x08000258   0x08000258   0x00000000   Code   RO         5063    .ARM.Collect$$libshutdown$$00000004  c_w.l(libshutdown2.o)
    0x08000258   0x08000258   0x00000000   Code   RO         5066    .ARM.Collect$$libshutdown$$00000007  c_w.l(libshutdown2.o)
    0x08000258   0x08000258   0x00000000   Code   RO         5069    .ARM.Collect$$libshutdown$$0000000A  c_w.l(libshutdown2.o)
    0x08000258   0x08000258   0x00000000   Code   RO         5071    .ARM.Collect$$libshutdown$$0000000C  c_w.l(libshutdown2.o)
    0x08000258   0x08000258   0x00000000   Code   RO         5074    .ARM.Collect$$libshutdown$$0000000F  c_w.l(libshutdown2.o)
    0x08000258   0x08000258   0x00000002   Code   RO         5075    .ARM.Collect$$libshutdown$$00000010  c_w.l(libshutdown2.o)
    0x0800025a   0x0800025a   0x00000000   Code   RO         4819    .ARM.Collect$$rtentry$$00000000  c_w.l(__rtentry.o)
    0x0800025a   0x0800025a   0x00000000   Code   RO         4965    .ARM.Collect$$rtentry$$00000002  c_w.l(__rtentry2.o)
    0x0800025a   0x0800025a   0x00000006   Code   RO         4977    .ARM.Collect$$rtentry$$00000004  c_w.l(__rtentry4.o)
    0x08000260   0x08000260   0x00000000   Code   RO         4967    .ARM.Collect$$rtentry$$00000009  c_w.l(__rtentry2.o)
    0x08000260   0x08000260   0x00000004   Code   RO         4968    .ARM.Collect$$rtentry$$0000000A  c_w.l(__rtentry2.o)
    0x08000264   0x08000264   0x00000000   Code   RO         4970    .ARM.Collect$$rtentry$$0000000C  c_w.l(__rtentry2.o)
    0x08000264   0x08000264   0x00000008   Code   RO         4971    .ARM.Collect$$rtentry$$0000000D  c_w.l(__rtentry2.o)
    0x0800026c   0x0800026c   0x00000002   Code   RO         5048    .ARM.Collect$$rtexit$$00000000  c_w.l(rtexit.o)
    0x0800026e   0x0800026e   0x00000000   Code   RO         5081    .ARM.Collect$$rtexit$$00000002  c_w.l(rtexit2.o)
    0x0800026e   0x0800026e   0x00000004   Code   RO         5082    .ARM.Collect$$rtexit$$00000003  c_w.l(rtexit2.o)
    0x08000272   0x08000272   0x00000006   Code   RO         5083    .ARM.Collect$$rtexit$$00000004  c_w.l(rtexit2.o)
    0x08000278   0x08000278   0x00000000   Code   RO         4988    .emb_text           c_w.l(maybetermalloc1.o)
    0x08000278   0x08000278   0x00000040   Code   RO            4    .text               startup_stm32f407xx.o
    0x080002b8   0x080002b8   0x0000005e   Code   RO         4681    .text               c_w.l(h1_alloc.o)
    0x08000316   0x08000316   0x0000004e   Code   RO         4683    .text               c_w.l(h1_free.o)
    0x08000364   0x08000364   0x000000ee   Code   RO         4739    .text               c_w.l(lludivv7m.o)
    0x08000452   0x08000452   0x00000002   PAD
    0x08000454   0x08000454   0x00000028   Code   RO         4743    .text               c_w.l(noretval__2sprintf.o)
    0x0800047c   0x0800047c   0x00000068   Code   RO         4745    .text               c_w.l(__printf.o)
    0x080004e4   0x080004e4   0x00000052   Code   RO         4747    .text               c_w.l(_printf_str.o)
    0x08000536   0x08000536   0x0000003e   Code   RO         4771    .text               c_w.l(strlen.o)
    0x08000574   0x08000574   0x0000008a   Code   RO         4773    .text               c_w.l(rt_memcpy_v6.o)
    0x080005fe   0x080005fe   0x00000064   Code   RO         4775    .text               c_w.l(rt_memcpy_w.o)
    0x08000662   0x08000662   0x0000004e   Code   RO         4777    .text               c_w.l(rt_memclr_w.o)
    0x080006b0   0x080006b0   0x00000006   Code   RO         4779    .text               c_w.l(heapauxi.o)
    0x080006b6   0x080006b6   0x00000002   PAD
    0x080006b8   0x080006b8   0x00000008   Code   RO         4827    .text               c_w.l(rt_heap_descriptor_intlibspace.o)
    0x080006c0   0x080006c0   0x00000004   Code   RO         4829    .text               c_w.l(hguard.o)
    0x080006c4   0x080006c4   0x0000008a   Code   RO         4831    .text               c_w.l(init_alloc.o)
    0x0800074e   0x0800074e   0x0000000e   Code   RO         4835    .text               c_w.l(h1_init.o)
    0x0800075c   0x0800075c   0x00000016   Code   RO         4849    .text               c_w.l(_rserrno.o)
    0x08000772   0x08000772   0x00000002   PAD
    0x08000774   0x08000774   0x00000030   Code   RO         4851    .text               c_w.l(_printf_char_common.o)
    0x080007a4   0x080007a4   0x0000000a   Code   RO         4853    .text               c_w.l(_sputc.o)
    0x080007ae   0x080007ae   0x0000002c   Code   RO         4855    .text               c_w.l(_printf_char.o)
    0x080007da   0x080007da   0x00000002   PAD
    0x080007dc   0x080007dc   0x00000008   Code   RO         4961    .text               c_w.l(libspace.o)
    0x080007e4   0x080007e4   0x00000008   Code   RO         4984    .text               c_w.l(rt_errno_addr_intlibspace.o)
    0x080007ec   0x080007ec   0x00000034   Code   RO         4990    .text               c_w.l(h1_extend.o)
    0x08000820   0x08000820   0x0000000e   Code   RO         4996    .text               c_w.l(defsig_rtmem_outer.o)
    0x0800082e   0x0800082e   0x00000002   Code   RO         5013    .text               c_w.l(use_no_semi.o)
    0x08000830   0x08000830   0x00000000   Code   RO         5015    .text               c_w.l(indicate_semi.o)
    0x08000830   0x08000830   0x0000004a   Code   RO         5016    .text               c_w.l(sys_stackheap_outer.o)
    0x0800087a   0x0800087a   0x00000012   Code   RO         5022    .text               c_w.l(exit.o)
    0x0800088c   0x0800088c   0x0000000a   Code   RO         5024    .text               c_w.l(defsig_exit.o)
    0x08000896   0x08000896   0x00000002   PAD
    0x08000898   0x08000898   0x00000050   Code   RO         5030    .text               c_w.l(defsig_rtmem_inner.o)
    0x080008e8   0x080008e8   0x0000000c   Code   RO         5046    .text               c_w.l(sys_exit.o)
    0x080008f4   0x080008f4   0x00000032   Code   RO         5056    .text               c_w.l(defsig_general.o)
    0x08000926   0x08000926   0x0000000e   Code   RO         5078    .text               c_w.l(sys_wrch.o)
    0x08000934   0x08000934   0x00000002   Code   RO          692    i.BusFault_Handler  stm32f4xx_it.o
    0x08000936   0x08000936   0x00000004   Code   RO          930    i.CDC_Control_FS    usbd_cdc_if.o
    0x0800093a   0x0800093a   0x00000004   Code   RO          931    i.CDC_DeInit_FS     usbd_cdc_if.o
    0x0800093e   0x0800093e   0x00000002   PAD
    0x08000940   0x08000940   0x00000024   Code   RO          932    i.CDC_Init_FS       usbd_cdc_if.o
    0x08000964   0x08000964   0x00000040   Code   RO          933    i.CDC_Receive_FS    usbd_cdc_if.o
    0x080009a4   0x080009a4   0x00000004   Code   RO          934    i.CDC_TransmitCplt_FS  usbd_cdc_if.o
    0x080009a8   0x080009a8   0x0000002c   Code   RO          935    i.CDC_Transmit_FS   usbd_cdc_if.o
    0x080009d4   0x080009d4   0x00000022   Code   RO           13    i.ConvertDegToPulse  motor.o
    0x080009f6   0x080009f6   0x00000022   Code   RO           14    i.ConvertPulseToDeg  motor.o
    0x08000a18   0x08000a18   0x00000002   Code   RO          693    i.DebugMon_Handler  stm32f4xx_it.o
    0x08000a1a   0x08000a1a   0x00000004   Code   RO          355    i.Error_Handler     main.o
    0x08000a1e   0x08000a1e   0x00000092   Code   RO         2242    i.HAL_DMA_Abort     stm32f4xx_hal_dma.o
    0x08000ab0   0x08000ab0   0x00000024   Code   RO         2243    i.HAL_DMA_Abort_IT  stm32f4xx_hal_dma.o
    0x08000ad4   0x08000ad4   0x00000024   Code   RO         2661    i.HAL_Delay         stm32f4xx_hal.o
    0x08000af8   0x08000af8   0x000001f0   Code   RO         2135    i.HAL_GPIO_Init     stm32f4xx_hal_gpio.o
    0x08000ce8   0x08000ce8   0x0000000a   Code   RO         2139    i.HAL_GPIO_WritePin  stm32f4xx_hal_gpio.o
    0x08000cf2   0x08000cf2   0x00000002   PAD
    0x08000cf4   0x08000cf4   0x0000000c   Code   RO         2667    i.HAL_GetTick       stm32f4xx_hal.o
    0x08000d00   0x08000d00   0x00000010   Code   RO         2673    i.HAL_IncTick       stm32f4xx_hal.o
    0x08000d10   0x08000d10   0x00000034   Code   RO         2674    i.HAL_Init          stm32f4xx_hal.o
    0x08000d44   0x08000d44   0x00000040   Code   RO         2675    i.HAL_InitTick      stm32f4xx_hal.o
    0x08000d84   0x08000d84   0x00000030   Code   RO          786    i.HAL_MspInit       stm32f4xx_hal_msp.o
    0x08000db4   0x08000db4   0x0000001a   Code   RO         2524    i.HAL_NVIC_EnableIRQ  stm32f4xx_hal_cortex.o
    0x08000dce   0x08000dce   0x00000002   PAD
    0x08000dd0   0x08000dd0   0x00000040   Code   RO         2530    i.HAL_NVIC_SetPriority  stm32f4xx_hal_cortex.o
    0x08000e10   0x08000e10   0x00000024   Code   RO         2531    i.HAL_NVIC_SetPriorityGrouping  stm32f4xx_hal_cortex.o
    0x08000e34   0x08000e34   0x00000002   Code   RO         1434    i.HAL_PCDEx_LPM_Callback  stm32f4xx_hal_pcd_ex.o
    0x08000e36   0x08000e36   0x00000008   Code   RO         1435    i.HAL_PCDEx_SetRxFiFo  stm32f4xx_hal_pcd_ex.o
    0x08000e3e   0x08000e3e   0x00000044   Code   RO         1436    i.HAL_PCDEx_SetTxFiFo  stm32f4xx_hal_pcd_ex.o
    0x08000e82   0x08000e82   0x00000008   Code   RO          988    i.HAL_PCD_ConnectCallback  usbd_conf.o
    0x08000e8a   0x08000e8a   0x00000012   Code   RO          989    i.HAL_PCD_DataInStageCallback  usbd_conf.o
    0x08000e9c   0x08000e9c   0x00000014   Code   RO          990    i.HAL_PCD_DataOutStageCallback  usbd_conf.o
    0x08000eb0   0x08000eb0   0x00000008   Code   RO          991    i.HAL_PCD_DisconnectCallback  usbd_conf.o
    0x08000eb8   0x08000eb8   0x0000001e   Code   RO         1204    i.HAL_PCD_EP_Abort  stm32f4xx_hal_pcd.o
    0x08000ed6   0x08000ed6   0x0000004c   Code   RO         1205    i.HAL_PCD_EP_Close  stm32f4xx_hal_pcd.o
    0x08000f22   0x08000f22   0x0000005c   Code   RO         1206    i.HAL_PCD_EP_ClrStall  stm32f4xx_hal_pcd.o
    0x08000f7e   0x08000f7e   0x00000012   Code   RO         1208    i.HAL_PCD_EP_GetRxCount  stm32f4xx_hal_pcd.o
    0x08000f90   0x08000f90   0x00000060   Code   RO         1209    i.HAL_PCD_EP_Open   stm32f4xx_hal_pcd.o
    0x08000ff0   0x08000ff0   0x00000048   Code   RO         1210    i.HAL_PCD_EP_Receive  stm32f4xx_hal_pcd.o
    0x08001038   0x08001038   0x00000074   Code   RO         1211    i.HAL_PCD_EP_SetStall  stm32f4xx_hal_pcd.o
    0x080010ac   0x080010ac   0x00000040   Code   RO         1212    i.HAL_PCD_EP_Transmit  stm32f4xx_hal_pcd.o
    0x080010ec   0x080010ec   0x00000560   Code   RO         1214    i.HAL_PCD_IRQHandler  stm32f4xx_hal_pcd.o
    0x0800164c   0x0800164c   0x00000008   Code   RO          992    i.HAL_PCD_ISOINIncompleteCallback  usbd_conf.o
    0x08001654   0x08001654   0x00000008   Code   RO          993    i.HAL_PCD_ISOOUTIncompleteCallback  usbd_conf.o
    0x0800165c   0x0800165c   0x000000e2   Code   RO         1217    i.HAL_PCD_Init      stm32f4xx_hal_pcd.o
    0x0800173e   0x0800173e   0x00000002   PAD
    0x08001740   0x08001740   0x00000084   Code   RO          995    i.HAL_PCD_MspInit   usbd_conf.o
    0x080017c4   0x080017c4   0x0000002c   Code   RO          996    i.HAL_PCD_ResetCallback  usbd_conf.o
    0x080017f0   0x080017f0   0x00000008   Code   RO          997    i.HAL_PCD_ResumeCallback  usbd_conf.o
    0x080017f8   0x080017f8   0x00000008   Code   RO          998    i.HAL_PCD_SOFCallback  usbd_conf.o
    0x08001800   0x08001800   0x00000028   Code   RO         1223    i.HAL_PCD_SetAddress  stm32f4xx_hal_pcd.o
    0x08001828   0x08001828   0x0000000e   Code   RO          999    i.HAL_PCD_SetupStageCallback  usbd_conf.o
    0x08001836   0x08001836   0x00000042   Code   RO         1226    i.HAL_PCD_Start     stm32f4xx_hal_pcd.o
    0x08001878   0x08001878   0x00000030   Code   RO         1000    i.HAL_PCD_SuspendCallback  usbd_conf.o
    0x080018a8   0x080018a8   0x00000134   Code   RO         1781    i.HAL_RCC_ClockConfig  stm32f4xx_hal_rcc.o
    0x080019dc   0x080019dc   0x0000000c   Code   RO         1786    i.HAL_RCC_GetHCLKFreq  stm32f4xx_hal_rcc.o
    0x080019e8   0x080019e8   0x00000020   Code   RO         1788    i.HAL_RCC_GetPCLK1Freq  stm32f4xx_hal_rcc.o
    0x08001a08   0x08001a08   0x00000020   Code   RO         1789    i.HAL_RCC_GetPCLK2Freq  stm32f4xx_hal_rcc.o
    0x08001a28   0x08001a28   0x00000060   Code   RO         1790    i.HAL_RCC_GetSysClockFreq  stm32f4xx_hal_rcc.o
    0x08001a88   0x08001a88   0x0000036c   Code   RO         1793    i.HAL_RCC_OscConfig  stm32f4xx_hal_rcc.o
    0x08001df4   0x08001df4   0x00000028   Code   RO         2535    i.HAL_SYSTICK_Config  stm32f4xx_hal_cortex.o
    0x08001e1c   0x08001e1c   0x00000002   Code   RO         3618    i.HAL_TIMEx_BreakCallback  stm32f4xx_hal_tim_ex.o
    0x08001e1e   0x08001e1e   0x00000002   Code   RO         3619    i.HAL_TIMEx_CommutCallback  stm32f4xx_hal_tim_ex.o
    0x08001e20   0x08001e20   0x00000090   Code   RO         3637    i.HAL_TIMEx_MasterConfigSynchronization  stm32f4xx_hal_tim_ex.o
    0x08001eb0   0x08001eb0   0x0000005a   Code   RO         2914    i.HAL_TIM_Base_Init  stm32f4xx_hal_tim.o
    0x08001f0a   0x08001f0a   0x00000002   PAD
    0x08001f0c   0x08001f0c   0x00000038   Code   RO          567    i.HAL_TIM_Base_MspInit  tim.o
    0x08001f44   0x08001f44   0x00000080   Code   RO         2919    i.HAL_TIM_Base_Start_IT  stm32f4xx_hal_tim.o
    0x08001fc4   0x08001fc4   0x000000dc   Code   RO         2923    i.HAL_TIM_ConfigClockSource  stm32f4xx_hal_tim.o
    0x080020a0   0x080020a0   0x000000a4   Code   RO         2935    i.HAL_TIM_Encoder_Init  stm32f4xx_hal_tim.o
    0x08002144   0x08002144   0x00000068   Code   RO          569    i.HAL_TIM_Encoder_MspInit  tim.o
    0x080021ac   0x080021ac   0x0000008e   Code   RO         2938    i.HAL_TIM_Encoder_Start  stm32f4xx_hal_tim.o
    0x0800223a   0x0800223a   0x00000002   Code   RO         2948    i.HAL_TIM_IC_CaptureCallback  stm32f4xx_hal_tim.o
    0x0800223c   0x0800223c   0x00000166   Code   RO         2962    i.HAL_TIM_IRQHandler  stm32f4xx_hal_tim.o
    0x080023a2   0x080023a2   0x00000002   PAD
    0x080023a4   0x080023a4   0x00000050   Code   RO          570    i.HAL_TIM_MspPostInit  tim.o
    0x080023f4   0x080023f4   0x00000002   Code   RO         2965    i.HAL_TIM_OC_DelayElapsedCallback  stm32f4xx_hal_tim.o
    0x080023f6   0x080023f6   0x000000cc   Code   RO         2986    i.HAL_TIM_PWM_ConfigChannel  stm32f4xx_hal_tim.o
    0x080024c2   0x080024c2   0x0000005a   Code   RO         2989    i.HAL_TIM_PWM_Init  stm32f4xx_hal_tim.o
    0x0800251c   0x0800251c   0x00000028   Code   RO          572    i.HAL_TIM_PWM_MspInit  tim.o
    0x08002544   0x08002544   0x00000002   Code   RO         2992    i.HAL_TIM_PWM_PulseFinishedCallback  stm32f4xx_hal_tim.o
    0x08002546   0x08002546   0x00000002   PAD
    0x08002548   0x08002548   0x000000c8   Code   RO         2994    i.HAL_TIM_PWM_Start  stm32f4xx_hal_tim.o
    0x08002610   0x08002610   0x00000044   Code   RO          356    i.HAL_TIM_PeriodElapsedCallback  main.o
    0x08002654   0x08002654   0x00000002   Code   RO         3005    i.HAL_TIM_TriggerCallback  stm32f4xx_hal_tim.o
    0x08002656   0x08002656   0x00000002   Code   RO         3896    i.HAL_UARTEx_RxEventCallback  stm32f4xx_hal_uart.o
    0x08002658   0x08002658   0x00000002   Code   RO         3910    i.HAL_UART_ErrorCallback  stm32f4xx_hal_uart.o
    0x0800265a   0x0800265a   0x00000002   PAD
    0x0800265c   0x0800265c   0x00000268   Code   RO         3913    i.HAL_UART_IRQHandler  stm32f4xx_hal_uart.o
    0x080028c4   0x080028c4   0x00000062   Code   RO         3914    i.HAL_UART_Init     stm32f4xx_hal_uart.o
    0x08002926   0x08002926   0x00000002   PAD
    0x08002928   0x08002928   0x00000078   Code   RO          651    i.HAL_UART_MspInit  usart.o
    0x080029a0   0x080029a0   0x0000002a   Code   RO         3919    i.HAL_UART_Receive_IT  stm32f4xx_hal_uart.o
    0x080029ca   0x080029ca   0x00000002   PAD
    0x080029cc   0x080029cc   0x00000024   Code   RO          263    i.HAL_UART_RxCpltCallback  serial.o
    0x080029f0   0x080029f0   0x00000002   Code   RO         3925    i.HAL_UART_TxCpltCallback  stm32f4xx_hal_uart.o
    0x080029f2   0x080029f2   0x00000002   Code   RO          694    i.HardFault_Handler  stm32f4xx_it.o
    0x080029f4   0x080029f4   0x00000038   Code   RO          844    i.IntToUnicode      usbd_desc.o
    0x08002a2c   0x08002a2c   0x00000080   Code   RO          539    i.MX_GPIO_Init      gpio.o
    0x08002aac   0x08002aac   0x00000064   Code   RO          573    i.MX_TIM2_Init      tim.o
    0x08002b10   0x08002b10   0x00000070   Code   RO          574    i.MX_TIM3_Init      tim.o
    0x08002b80   0x08002b80   0x0000006c   Code   RO          575    i.MX_TIM4_Init      tim.o
    0x08002bec   0x08002bec   0x00000038   Code   RO          652    i.MX_USART1_UART_Init  usart.o
    0x08002c24   0x08002c24   0x00000054   Code   RO          810    i.MX_USB_DEVICE_Init  usb_device.o
    0x08002c78   0x08002c78   0x00000002   Code   RO          695    i.MemManage_Handler  stm32f4xx_it.o
    0x08002c7a   0x08002c7a   0x00000002   PAD
    0x08002c7c   0x08002c7c   0x00000058   Code   RO           16    i.MotorInit         motor.o
    0x08002cd4   0x08002cd4   0x000001a0   Code   RO           17    i.MotorMovePos      motor.o
    0x08002e74   0x08002e74   0x00000020   Code   RO           18    i.MotorSetDir       motor.o
    0x08002e94   0x08002e94   0x00000084   Code   RO           20    i.MotorTuning       motor.o
    0x08002f18   0x08002f18   0x00000002   Code   RO          696    i.NMI_Handler       stm32f4xx_it.o
    0x08002f1a   0x08002f1a   0x00000002   PAD
    0x08002f1c   0x08002f1c   0x0000000c   Code   RO          697    i.OTG_FS_IRQHandler  stm32f4xx_it.o
    0x08002f28   0x08002f28   0x000000cc   Code   RO         1230    i.PCD_EP_OutXfrComplete_int  stm32f4xx_hal_pcd.o
    0x08002ff4   0x08002ff4   0x000000a2   Code   RO         1231    i.PCD_WriteEmptyTxFifo  stm32f4xx_hal_pcd.o
    0x08003096   0x08003096   0x00000002   PAD
    0x08003098   0x08003098   0x00000058   Code   RO          215    i.PIDCompute        pid.o
    0x080030f0   0x080030f0   0x00000028   Code   RO          216    i.PIDInit           pid.o
    0x08003118   0x08003118   0x0000001c   Code   RO          217    i.PIDReset          pid.o
    0x08003134   0x08003134   0x00000002   Code   RO          698    i.PendSV_Handler    stm32f4xx_it.o
    0x08003136   0x08003136   0x00000002   Code   RO          699    i.SVC_Handler       stm32f4xx_it.o
    0x08003138   0x08003138   0x0000000a   Code   RO         4439    i.SWAPBYTE          usbd_ctlreq.o
    0x08003142   0x08003142   0x00000002   PAD
    0x08003144   0x08003144   0x00000014   Code   RO          264    i.SerialAcceptReceive  serial.o
    0x08003158   0x08003158   0x00000014   Code   RO          265    i.SerialInit        serial.o
    0x0800316c   0x0800316c   0x00000060   Code   RO          266    i.SerialParse       serial.o
    0x080031cc   0x080031cc   0x00000050   Code   RO          267    i.SerialWriteComm   serial.o
    0x0800321c   0x0800321c   0x0000001c   Code   RO          268    i.StrCompare        serial.o
    0x08003238   0x08003238   0x00000004   Code   RO          700    i.SysTick_Handler   stm32f4xx_it.o
    0x0800323c   0x0800323c   0x00000090   Code   RO          357    i.SystemClock_Config  main.o
    0x080032cc   0x080032cc   0x00000010   Code   RO         4243    i.SystemInit        system_stm32f4xx.o
    0x080032dc   0x080032dc   0x0000000c   Code   RO          701    i.TIM2_IRQHandler   stm32f4xx_it.o
    0x080032e8   0x080032e8   0x000000c8   Code   RO         3007    i.TIM_Base_SetConfig  stm32f4xx_hal_tim.o
    0x080033b0   0x080033b0   0x0000001a   Code   RO         3008    i.TIM_CCxChannelCmd  stm32f4xx_hal_tim.o
    0x080033ca   0x080033ca   0x00000014   Code   RO         3018    i.TIM_ETR_SetConfig  stm32f4xx_hal_tim.o
    0x080033de   0x080033de   0x00000010   Code   RO         3019    i.TIM_ITRx_SetConfig  stm32f4xx_hal_tim.o
    0x080033ee   0x080033ee   0x00000002   PAD
    0x080033f0   0x080033f0   0x00000060   Code   RO         3020    i.TIM_OC1_SetConfig  stm32f4xx_hal_tim.o
    0x08003450   0x08003450   0x0000006c   Code   RO         3021    i.TIM_OC2_SetConfig  stm32f4xx_hal_tim.o
    0x080034bc   0x080034bc   0x00000068   Code   RO         3022    i.TIM_OC3_SetConfig  stm32f4xx_hal_tim.o
    0x08003524   0x08003524   0x00000050   Code   RO         3023    i.TIM_OC4_SetConfig  stm32f4xx_hal_tim.o
    0x08003574   0x08003574   0x00000022   Code   RO         3025    i.TIM_TI1_ConfigInputStage  stm32f4xx_hal_tim.o
    0x08003596   0x08003596   0x00000024   Code   RO         3027    i.TIM_TI2_ConfigInputStage  stm32f4xx_hal_tim.o
    0x080035ba   0x080035ba   0x00000010   Code   RO         3927    i.UART_DMAAbortOnError  stm32f4xx_hal_uart.o
    0x080035ca   0x080035ca   0x0000004e   Code   RO         3937    i.UART_EndRxTransfer  stm32f4xx_hal_uart.o
    0x08003618   0x08003618   0x000000c0   Code   RO         3939    i.UART_Receive_IT   stm32f4xx_hal_uart.o
    0x080036d8   0x080036d8   0x0000010c   Code   RO         3940    i.UART_SetConfig    stm32f4xx_hal_uart.o
    0x080037e4   0x080037e4   0x0000003a   Code   RO         3942    i.UART_Start_Receive_IT  stm32f4xx_hal_uart.o
    0x0800381e   0x0800381e   0x00000002   PAD
    0x08003820   0x08003820   0x0000000c   Code   RO          702    i.USART1_IRQHandler  stm32f4xx_it.o
    0x0800382c   0x0800382c   0x00000076   Code   RO         4572    i.USBD_CDC_DataIn   usbd_cdc.o
    0x080038a2   0x080038a2   0x0000003c   Code   RO         4573    i.USBD_CDC_DataOut  usbd_cdc.o
    0x080038de   0x080038de   0x00000002   PAD
    0x080038e0   0x080038e0   0x00000090   Code   RO         4574    i.USBD_CDC_DeInit   usbd_cdc.o
    0x08003970   0x08003970   0x00000036   Code   RO         4575    i.USBD_CDC_EP0_RxReady  usbd_cdc.o
    0x080039a6   0x080039a6   0x00000002   PAD
    0x080039a8   0x080039a8   0x0000000c   Code   RO         4576    i.USBD_CDC_GetDeviceQualifierDescriptor  usbd_cdc.o
    0x080039b4   0x080039b4   0x0000003c   Code   RO         4577    i.USBD_CDC_GetFSCfgDesc  usbd_cdc.o
    0x080039f0   0x080039f0   0x00000040   Code   RO         4578    i.USBD_CDC_GetHSCfgDesc  usbd_cdc.o
    0x08003a30   0x08003a30   0x0000003c   Code   RO         4579    i.USBD_CDC_GetOtherSpeedCfgDesc  usbd_cdc.o
    0x08003a6c   0x08003a6c   0x00000118   Code   RO         4580    i.USBD_CDC_Init     usbd_cdc.o
    0x08003b84   0x08003b84   0x00000038   Code   RO         4581    i.USBD_CDC_ReceivePacket  usbd_cdc.o
    0x08003bbc   0x08003bbc   0x00000016   Code   RO         4582    i.USBD_CDC_RegisterInterface  usbd_cdc.o
    0x08003bd2   0x08003bd2   0x0000001a   Code   RO         4583    i.USBD_CDC_SetRxBuffer  usbd_cdc.o
    0x08003bec   0x08003bec   0x0000001e   Code   RO         4584    i.USBD_CDC_SetTxBuffer  usbd_cdc.o
    0x08003c0a   0x08003c0a   0x000000d4   Code   RO         4585    i.USBD_CDC_Setup    usbd_cdc.o
    0x08003cde   0x08003cde   0x00000002   PAD
    0x08003ce0   0x08003ce0   0x00000050   Code   RO         4586    i.USBD_CDC_TransmitPacket  usbd_cdc.o
    0x08003d30   0x08003d30   0x00000014   Code   RO         4280    i.USBD_ClrClassConfig  usbd_core.o
    0x08003d44   0x08003d44   0x00000004   Code   RO         4281    i.USBD_CoreFindEP   usbd_core.o
    0x08003d48   0x08003d48   0x00000004   Code   RO         4282    i.USBD_CoreFindIF   usbd_core.o
    0x08003d4c   0x08003d4c   0x00000010   Code   RO         4512    i.USBD_CtlContinueRx  usbd_ioreq.o
    0x08003d5c   0x08003d5c   0x00000010   Code   RO         4513    i.USBD_CtlContinueSendData  usbd_ioreq.o
    0x08003d6c   0x08003d6c   0x00000016   Code   RO         4440    i.USBD_CtlError     usbd_ctlreq.o
    0x08003d82   0x08003d82   0x0000001e   Code   RO         4514    i.USBD_CtlPrepareRx  usbd_ioreq.o
    0x08003da0   0x08003da0   0x00000016   Code   RO         4515    i.USBD_CtlReceiveStatus  usbd_ioreq.o
    0x08003db6   0x08003db6   0x0000001a   Code   RO         4516    i.USBD_CtlSendData  usbd_ioreq.o
    0x08003dd0   0x08003dd0   0x00000016   Code   RO         4517    i.USBD_CtlSendStatus  usbd_ioreq.o
    0x08003de6   0x08003de6   0x00000002   PAD
    0x08003de8   0x08003de8   0x00000020   Code   RO          845    i.USBD_FS_ConfigStrDescriptor  usbd_desc.o
    0x08003e08   0x08003e08   0x0000000c   Code   RO          846    i.USBD_FS_DeviceDescriptor  usbd_desc.o
    0x08003e14   0x08003e14   0x00000024   Code   RO          847    i.USBD_FS_InterfaceStrDescriptor  usbd_desc.o
    0x08003e38   0x08003e38   0x0000000c   Code   RO          848    i.USBD_FS_LangIDStrDescriptor  usbd_desc.o
    0x08003e44   0x08003e44   0x00000028   Code   RO          849    i.USBD_FS_ManufacturerStrDescriptor  usbd_desc.o
    0x08003e6c   0x08003e6c   0x0000002c   Code   RO          850    i.USBD_FS_ProductStrDescriptor  usbd_desc.o
    0x08003e98   0x08003e98   0x00000038   Code   RO          851    i.USBD_FS_SerialStrDescriptor  usbd_desc.o
    0x08003ed0   0x08003ed0   0x000000e6   Code   RO         4441    i.USBD_GetDescriptor  usbd_ctlreq.o
    0x08003fb6   0x08003fb6   0x0000003a   Code   RO         4284    i.USBD_GetEpDesc    usbd_core.o
    0x08003ff0   0x08003ff0   0x0000000e   Code   RO         4285    i.USBD_GetNextDesc  usbd_core.o
    0x08003ffe   0x08003ffe   0x00000048   Code   RO         4442    i.USBD_GetString    usbd_ctlreq.o
    0x08004046   0x08004046   0x00000018   Code   RO         1001    i.USBD_Get_USB_Status  usbd_conf.o
    0x0800405e   0x0800405e   0x00000026   Code   RO         4286    i.USBD_Init         usbd_core.o
    0x08004084   0x08004084   0x00000012   Code   RO         1002    i.USBD_LL_ClearStallEP  usbd_conf.o
    0x08004096   0x08004096   0x00000012   Code   RO         1003    i.USBD_LL_CloseEP   usbd_conf.o
    0x080040a8   0x080040a8   0x000000b6   Code   RO         4287    i.USBD_LL_DataInStage  usbd_core.o
    0x0800415e   0x0800415e   0x0000008e   Code   RO         4288    i.USBD_LL_DataOutStage  usbd_core.o
    0x080041ec   0x080041ec   0x00000004   Code   RO         4289    i.USBD_LL_DevConnected  usbd_core.o
    0x080041f0   0x080041f0   0x0000001e   Code   RO         4290    i.USBD_LL_DevDisconnected  usbd_core.o
    0x0800420e   0x0800420e   0x00000008   Code   RO         1007    i.USBD_LL_GetRxDataSize  usbd_conf.o
    0x08004216   0x08004216   0x00000002   PAD
    0x08004218   0x08004218   0x00000060   Code   RO         1008    i.USBD_LL_Init      usbd_conf.o
    0x08004278   0x08004278   0x00000020   Code   RO         1009    i.USBD_LL_IsStallEP  usbd_conf.o
    0x08004298   0x08004298   0x00000028   Code   RO         4291    i.USBD_LL_IsoINIncomplete  usbd_core.o
    0x080042c0   0x080042c0   0x00000028   Code   RO         4292    i.USBD_LL_IsoOUTIncomplete  usbd_core.o
    0x080042e8   0x080042e8   0x00000018   Code   RO         1010    i.USBD_LL_OpenEP    usbd_conf.o
    0x08004300   0x08004300   0x00000012   Code   RO         1011    i.USBD_LL_PrepareReceive  usbd_conf.o
    0x08004312   0x08004312   0x0000005c   Code   RO         4293    i.USBD_LL_Reset     usbd_core.o
    0x0800436e   0x0800436e   0x00000014   Code   RO         4294    i.USBD_LL_Resume    usbd_core.o
    0x08004382   0x08004382   0x0000001a   Code   RO         4295    i.USBD_LL_SOF       usbd_core.o
    0x0800439c   0x0800439c   0x00000006   Code   RO         4296    i.USBD_LL_SetSpeed  usbd_core.o
    0x080043a2   0x080043a2   0x00000012   Code   RO         1012    i.USBD_LL_SetUSBAddress  usbd_conf.o
    0x080043b4   0x080043b4   0x00000060   Code   RO         4297    i.USBD_LL_SetupStage  usbd_core.o
    0x08004414   0x08004414   0x00000012   Code   RO         1013    i.USBD_LL_StallEP   usbd_conf.o
    0x08004426   0x08004426   0x00000012   Code   RO         1014    i.USBD_LL_Start     usbd_conf.o
    0x08004438   0x08004438   0x00000012   Code   RO         4298    i.USBD_LL_Suspend   usbd_core.o
    0x0800444a   0x0800444a   0x00000012   Code   RO         1016    i.USBD_LL_Transmit  usbd_conf.o
    0x0800445c   0x0800445c   0x0000002c   Code   RO         4443    i.USBD_ParseSetupRequest  usbd_ctlreq.o
    0x08004488   0x08004488   0x0000003a   Code   RO         4299    i.USBD_RegisterClass  usbd_core.o
    0x080044c2   0x080044c2   0x00000014   Code   RO         4301    i.USBD_SetClassConfig  usbd_core.o
    0x080044d6   0x080044d6   0x00000002   PAD
    0x080044d8   0x080044d8   0x000000b8   Code   RO         4444    i.USBD_SetConfig    usbd_ctlreq.o
    0x08004590   0x08004590   0x00000004   Code   RO         4302    i.USBD_Start        usbd_core.o
    0x08004594   0x08004594   0x0000012c   Code   RO         4445    i.USBD_StdDevReq    usbd_ctlreq.o
    0x080046c0   0x080046c0   0x00000160   Code   RO         4446    i.USBD_StdEPReq     usbd_ctlreq.o
    0x08004820   0x08004820   0x00000072   Code   RO         4447    i.USBD_StdItfReq    usbd_ctlreq.o
    0x08004892   0x08004892   0x00000002   Code   RO         1017    i.USBD_static_free  usbd_conf.o
    0x08004894   0x08004894   0x00000008   Code   RO         1018    i.USBD_static_malloc  usbd_conf.o
    0x0800489c   0x0800489c   0x00000080   Code   RO         1476    i.USB_ActivateEndpoint  stm32f4xx_ll_usb.o
    0x0800491c   0x0800491c   0x0000001c   Code   RO         1478    i.USB_ActivateSetup  stm32f4xx_ll_usb.o
    0x08004938   0x08004938   0x00000074   Code   RO         1480    i.USB_CoreInit      stm32f4xx_ll_usb.o
    0x080049ac   0x080049ac   0x00000040   Code   RO         1481    i.USB_CoreReset     stm32f4xx_ll_usb.o
    0x080049ec   0x080049ec   0x000000cc   Code   RO         1484    i.USB_DeactivateEndpoint  stm32f4xx_ll_usb.o
    0x08004ab8   0x08004ab8   0x0000001c   Code   RO         1485    i.USB_DevConnect    stm32f4xx_ll_usb.o
    0x08004ad4   0x08004ad4   0x0000001c   Code   RO         1486    i.USB_DevDisconnect  stm32f4xx_ll_usb.o
    0x08004af0   0x08004af0   0x00000174   Code   RO         1487    i.USB_DevInit       stm32f4xx_ll_usb.o
    0x08004c64   0x08004c64   0x0000000c   Code   RO         1488    i.USB_DisableGlobalInt  stm32f4xx_ll_usb.o
    0x08004c70   0x08004c70   0x0000011c   Code   RO         1491    i.USB_EP0StartXfer  stm32f4xx_ll_usb.o
    0x08004d8c   0x08004d8c   0x00000058   Code   RO         1492    i.USB_EP0_OutStart  stm32f4xx_ll_usb.o
    0x08004de4   0x08004de4   0x00000058   Code   RO         1493    i.USB_EPClearStall  stm32f4xx_ll_usb.o
    0x08004e3c   0x08004e3c   0x00000058   Code   RO         1494    i.USB_EPSetStall    stm32f4xx_ll_usb.o
    0x08004e94   0x08004e94   0x000001e4   Code   RO         1495    i.USB_EPStartXfer   stm32f4xx_ll_usb.o
    0x08005078   0x08005078   0x0000009e   Code   RO         1496    i.USB_EPStopXfer    stm32f4xx_ll_usb.o
    0x08005116   0x08005116   0x0000000c   Code   RO         1497    i.USB_EnableGlobalInt  stm32f4xx_ll_usb.o
    0x08005122   0x08005122   0x00000002   PAD
    0x08005124   0x08005124   0x0000003c   Code   RO         1498    i.USB_FlushRxFifo   stm32f4xx_ll_usb.o
    0x08005160   0x08005160   0x00000040   Code   RO         1499    i.USB_FlushTxFifo   stm32f4xx_ll_usb.o
    0x080051a0   0x080051a0   0x0000001a   Code   RO         1501    i.USB_GetDevSpeed   stm32f4xx_ll_usb.o
    0x080051ba   0x080051ba   0x00000008   Code   RO         1503    i.USB_GetMode       stm32f4xx_ll_usb.o
    0x080051c2   0x080051c2   0x0000000e   Code   RO         1510    i.USB_ReadDevAllInEpInterrupt  stm32f4xx_ll_usb.o
    0x080051d0   0x080051d0   0x0000000e   Code   RO         1511    i.USB_ReadDevAllOutEpInterrupt  stm32f4xx_ll_usb.o
    0x080051de   0x080051de   0x00000024   Code   RO         1512    i.USB_ReadDevInEPInterrupt  stm32f4xx_ll_usb.o
    0x08005202   0x08005202   0x00000010   Code   RO         1513    i.USB_ReadDevOutEPInterrupt  stm32f4xx_ll_usb.o
    0x08005212   0x08005212   0x00000008   Code   RO         1514    i.USB_ReadInterrupts  stm32f4xx_ll_usb.o
    0x0800521a   0x0800521a   0x0000003e   Code   RO         1515    i.USB_ReadPacket    stm32f4xx_ll_usb.o
    0x08005258   0x08005258   0x0000005c   Code   RO         1517    i.USB_SetCurrentMode  stm32f4xx_ll_usb.o
    0x080052b4   0x080052b4   0x00000022   Code   RO         1518    i.USB_SetDevAddress  stm32f4xx_ll_usb.o
    0x080052d6   0x080052d6   0x00000002   PAD
    0x080052d8   0x080052d8   0x000000e8   Code   RO         1520    i.USB_SetTurnaroundTime  stm32f4xx_ll_usb.o
    0x080053c0   0x080053c0   0x00000028   Code   RO         1523    i.USB_WritePacket   stm32f4xx_ll_usb.o
    0x080053e8   0x080053e8   0x00000002   Code   RO          703    i.UsageFault_Handler  stm32f4xx_it.o
    0x080053ea   0x080053ea   0x00000030   Code   RO         4942    i.__ARM_fpclassify  m_wm.l(fpclassify.o)
    0x0800541a   0x0800541a   0x00000020   Code   RO         2537    i.__NVIC_SetPriority  stm32f4xx_hal_cortex.o
    0x0800543a   0x0800543a   0x00000006   PAD
    0x08005440   0x08005440   0x00000c50   Code   RO         4803    i.__hardfp_pow      m_wm.l(pow.o)
    0x08006090   0x08006090   0x000000f8   Code   RO         4944    i.__kernel_poly     m_wm.l(poly.o)
    0x08006188   0x08006188   0x00000030   Code   RO         4922    i.__mathlib_dbl_divzero  m_wm.l(dunder.o)
    0x080061b8   0x080061b8   0x00000014   Code   RO         4924    i.__mathlib_dbl_infnan2  m_wm.l(dunder.o)
    0x080061cc   0x080061cc   0x00000004   PAD
    0x080061d0   0x080061d0   0x00000020   Code   RO         4925    i.__mathlib_dbl_invalid  m_wm.l(dunder.o)
    0x080061f0   0x080061f0   0x00000020   Code   RO         4926    i.__mathlib_dbl_overflow  m_wm.l(dunder.o)
    0x08006210   0x08006210   0x00000020   Code   RO         4928    i.__mathlib_dbl_underflow  m_wm.l(dunder.o)
    0x08006230   0x08006230   0x00000018   Code   RO         4938    i.fabs              m_wm.l(fabs.o)
    0x08006248   0x08006248   0x0000046c   Code   RO          358    i.main              main.o
    0x080066b4   0x080066b4   0x0000006e   Code   RO         4949    i.sqrt              m_wm.l(sqrt.o)
    0x08006722   0x08006722   0x00000022   Code   RO          269    i.subString         serial.o
    0x08006744   0x08006744   0x00000018   Code   RO         4905    x$fpl$basic         fz_wm.l(basic.o)
    0x0800675c   0x0800675c   0x00000062   Code   RO         4783    x$fpl$d2f           fz_wm.l(d2f.o)
    0x080067be   0x080067be   0x00000002   PAD
    0x080067c0   0x080067c0   0x00000150   Code   RO         4785    x$fpl$dadd          fz_wm.l(daddsub_clz.o)
    0x08006910   0x08006910   0x00000010   Code   RO         5005    x$fpl$dcheck1       fz_wm.l(dcheck1.o)
    0x08006920   0x08006920   0x00000018   Code   RO         5042    x$fpl$dcmpinf       fz_wm.l(dcmpi.o)
    0x08006938   0x08006938   0x000002b0   Code   RO         4792    x$fpl$ddiv          fz_wm.l(ddiv.o)
    0x08006be8   0x08006be8   0x0000002e   Code   RO         4796    x$fpl$dflt          fz_wm.l(dflt_clz.o)
    0x08006c16   0x08006c16   0x00000026   Code   RO         4795    x$fpl$dfltu         fz_wm.l(dflt_clz.o)
    0x08006c3c   0x08006c3c   0x00000078   Code   RO         5007    x$fpl$dleqf         fz_wm.l(dleqf.o)
    0x08006cb4   0x08006cb4   0x00000154   Code   RO         4907    x$fpl$dmul          fz_wm.l(dmul.o)
    0x08006e08   0x08006e08   0x0000009c   Code   RO         4909    x$fpl$dnaninf       fz_wm.l(dnaninf.o)
    0x08006ea4   0x08006ea4   0x0000000c   Code   RO         4911    x$fpl$dretinf       fz_wm.l(dretinf.o)
    0x08006eb0   0x08006eb0   0x0000006c   Code   RO         4913    x$fpl$drleqf        fz_wm.l(drleqf.o)
    0x08006f1c   0x08006f1c   0x00000016   Code   RO         4786    x$fpl$drsb          fz_wm.l(daddsub_clz.o)
    0x08006f32   0x08006f32   0x00000002   PAD
    0x08006f34   0x08006f34   0x00000198   Code   RO         5009    x$fpl$dsqrt         fz_wm.l(dsqrt_umaal.o)
    0x080070cc   0x080070cc   0x000001d4   Code   RO         4787    x$fpl$dsub          fz_wm.l(daddsub_clz.o)
    0x080072a0   0x080072a0   0x00000056   Code   RO         4801    x$fpl$f2d           fz_wm.l(f2d.o)
    0x080072f6   0x080072f6   0x0000008c   Code   RO         4915    x$fpl$fnaninf       fz_wm.l(fnaninf.o)
    0x08007382   0x08007382   0x0000000a   Code   RO         5011    x$fpl$fpinit        fz_wm.l(fpinit.o)
    0x0800738c   0x0800738c   0x0000000a   Code   RO         4917    x$fpl$fretinf       fz_wm.l(fretinf.o)
    0x08007396   0x08007396   0x00000064   Code   RO         5044    x$fpl$retnan        fz_wm.l(retnan.o)
    0x080073fa   0x080073fa   0x0000005c   Code   RO         4919    x$fpl$scalbn        fz_wm.l(scalbn.o)
    0x08007456   0x08007456   0x00000030   Code   RO         5076    x$fpl$trapveneer    fz_wm.l(trapv.o)
    0x08007486   0x08007486   0x00000000   Code   RO         4921    x$fpl$usenofp       fz_wm.l(usenofp.o)
    0x08007486   0x08007486   0x00000010   Data   RO         4244    .constdata          system_stm32f4xx.o
    0x08007496   0x08007496   0x00000008   Data   RO         4245    .constdata          system_stm32f4xx.o
    0x0800749e   0x0800749e   0x00000002   PAD
    0x080074a0   0x080074a0   0x00000088   Data   RO         4806    .constdata          m_wm.l(pow.o)
    0x08007528   0x08007528   0x00000008   Data   RO         4946    .constdata          m_wm.l(qnan.o)
    0x08007530   0x08007530   0x00000020   Data   RO         5106    Region$$Table       anon$$obj.o


    Execution Region RW_IRAM1 (Exec base: 0x20000000, Load base: 0x08007550, Size: 0x000024a8, Max: 0x0001c000, ABSOLUTE, COMPRESSED[0x000000bc])

    Exec Addr    Load Addr    Size         Type   Attr      Idx    E Section Name        Object

    0x20000000   COMPRESSED   0x00000014   Data   RW           22    .data               motor.o
    0x20000014   COMPRESSED   0x00000004   Data   RW          219    .data               pid.o
    0x20000018   COMPRESSED   0x00000013   Data   RW          271    .data               serial.o
    0x2000002b   COMPRESSED   0x0000000f   Data   RW          360    .data               main.o
    0x2000003a   COMPRESSED   0x00000002   PAD
    0x2000003c   COMPRESSED   0x0000001c   Data   RW          853    .data               usbd_desc.o
    0x20000058   COMPRESSED   0x00000032   Data   RW          854    .data               usbd_desc.o
    0x2000008a   COMPRESSED   0x00000002   PAD
    0x2000008c   COMPRESSED   0x00000014   Data   RW          938    .data               usbd_cdc_if.o
    0x200000a0   COMPRESSED   0x0000000c   Data   RW         2681    .data               stm32f4xx_hal.o
    0x200000ac   COMPRESSED   0x00000004   Data   RW         4246    .data               system_stm32f4xx.o
    0x200000b0   COMPRESSED   0x00000001   Data   RW         4448    .data               usbd_ctlreq.o
    0x200000b1   COMPRESSED   0x00000003   PAD
    0x200000b4   COMPRESSED   0x00000053   Data   RW         4587    .data               usbd_cdc.o
    0x20000107   COMPRESSED   0x00000001   PAD
    0x20000108   COMPRESSED   0x00000038   Data   RW         4588    .data               usbd_cdc.o
    0x20000140        -       0x000009a8   Zero   RW           21    .bss                motor.o
    0x20000ae8        -       0x00000012   Zero   RW          270    .bss                serial.o
    0x20000afa   COMPRESSED   0x00000002   PAD
    0x20000afc        -       0x000000d8   Zero   RW          576    .bss                tim.o
    0x20000bd4        -       0x00000044   Zero   RW          653    .bss                usart.o
    0x20000c18        -       0x000002dc   Zero   RW          811    .bss                usb_device.o
    0x20000ef4        -       0x00000200   Zero   RW          852    .bss                usbd_desc.o
    0x200010f4        -       0x00000024   Zero   RW          936    .bss                usbd_cdc_if.o
    0x20001118        -       0x0000072c   Zero   RW         1019    .bss                usbd_conf.o
    0x20001844        -       0x00000060   Zero   RW         4962    .bss                c_w.l(libspace.o)
    0x200018a4   COMPRESSED   0x00000004   PAD
    0x200018a8        -       0x00000800   Zero   RW            2    HEAP                startup_stm32f407xx.o
    0x200020a8        -       0x00000400   Zero   RW            1    STACK               startup_stm32f407xx.o


    Execution Region RW_IRAM2 (Exec base: 0x2001c000, Load base: 0x0800760c, Size: 0x00000000, Max: 0x00004000, ABSOLUTE)

    **** No section assigned to this execution region ****


==============================================================================

Image component sizes


      Code (inc. data)   RO Data    RW Data    ZI Data      Debug   Object Name

       128         10          0          0          0       1039   gpio.o
      1348        172          0         15          0     675139   main.o
       736         86          0         20       2472     705146   motor.o
       156         16          0          4          0       2552   pid.o
       314         48          0         19         18      13181   serial.o
        64         26        392          0       3072        884   startup_stm32f407xx.o
       180         28          0         12          0       9729   stm32f4xx_hal.o
       198         14          0          0          0      34187   stm32f4xx_hal_cortex.o
       182          0          0          0          0       2219   stm32f4xx_hal_dma.o
       506         46          0          0          0       2312   stm32f4xx_hal_gpio.o
        48          6          0          0          0        934   stm32f4xx_hal_msp.o
      2638         12          0          0          0      14296   stm32f4xx_hal_pcd.o
        78          0          0          0          0       2561   stm32f4xx_hal_pcd_ex.o
      1356         78          0          0          0       6000   stm32f4xx_hal_rcc.o
      2324        136          0          0          0      19279   stm32f4xx_hal_tim.o
       148         28          0          0          0       2613   stm32f4xx_hal_tim_ex.o
      1374         16          0          0          0       9708   stm32f4xx_hal_uart.o
        56         18          0          0          0       6044   stm32f4xx_it.o
      2888        134          0          0          0      25235   stm32f4xx_ll_usb.o
        16          4         24          4          0       1247   system_stm32f4xx.o
       600         64          0          0        216       5270   tim.o
       176         20          0          0         68       1874   usart.o
        84         18          0          0        732        892   usb_device.o
      1278         36          0        139          0      15121   usbd_cdc.o
       156         34          0         20         36       4574   usbd_cdc_if.o
       644         24          0          0       1836      17940   usbd_conf.o
       916          0          0          0          0      16335   usbd_core.o
      1328         28          0          1          0      15328   usbd_ctlreq.o
       288        104          0         78        512       6585   usbd_desc.o
       132          0          0          0          0       4808   usbd_ioreq.o

    ----------------------------------------------------------------------
     20394       1206        450        320       8964    1623032   Object Totals
         0          0         32          0          0          0   (incl. Generated)
        54          0          2          8          2          0   (incl. Padding)

    ----------------------------------------------------------------------

      Code (inc. data)   RO Data    RW Data    ZI Data      Debug   Library Member Name

        90          0          0          0          0          0   __dczerorl2.o
         8          0          0          0          0         68   __main.o
       104          0          0          0          0         84   __printf.o
         0          0          0          0          0          0   __rtentry.o
        12          0          0          0          0          0   __rtentry2.o
         6          0          0          0          0          0   __rtentry4.o
        52          8          0          0          0          0   __scatter.o
        28          0          0          0          0          0   __scatter_zi.o
        44          0          0          0          0        108   _printf_char.o
        48          6          0          0          0         96   _printf_char_common.o
         0          0          0          0          0          0   _printf_percent.o
         4          0          0          0          0          0   _printf_percent_end.o
         6          0          0          0          0          0   _printf_s.o
        82          0          0          0          0         80   _printf_str.o
        22          0          0          0          0        100   _rserrno.o
        10          0          0          0          0         68   _sputc.o
        10          0          0          0          0         68   defsig_exit.o
        50          0          0          0          0         88   defsig_general.o
        80         58          0          0          0         76   defsig_rtmem_inner.o
        14          0          0          0          0         80   defsig_rtmem_outer.o
        18          0          0          0          0         80   exit.o
        94          0          0          0          0         80   h1_alloc.o
        52          0          0          0          0         68   h1_extend.o
        78          0          0          0          0         80   h1_free.o
        14          0          0          0          0         84   h1_init.o
         6          0          0          0          0        152   heapauxi.o
         4          0          0          0          0        136   hguard.o
         0          0          0          0          0          0   indicate_semi.o
       138          0          0          0          0        168   init_alloc.o
         2          0          0          0          0          0   libinit.o
        14          0          0          0          0          0   libinit2.o
         2          0          0          0          0          0   libshutdown.o
         2          0          0          0          0          0   libshutdown2.o
         8          4          0          0         96         68   libspace.o
       238          0          0          0          0        100   lludivv7m.o
         0          0          0          0          0          0   maybetermalloc1.o
        40          6          0          0          0         84   noretval__2sprintf.o
         8          4          0          0          0         68   rt_errno_addr_intlibspace.o
         8          4          0          0          0         68   rt_heap_descriptor_intlibspace.o
        78          0          0          0          0         80   rt_memclr_w.o
       138          0          0          0          0         68   rt_memcpy_v6.o
       100          0          0          0          0         80   rt_memcpy_w.o
         2          0          0          0          0          0   rtexit.o
        10          0          0          0          0          0   rtexit2.o
        62          0          0          0          0         76   strlen.o
        12          4          0          0          0         68   sys_exit.o
        74          0          0          0          0         80   sys_stackheap_outer.o
        14          0          0          0          0         76   sys_wrch.o
         2          0          0          0          0         68   use_no_semi.o
        24          0          0          0          0        164   basic.o
        98          4          0          0          0        140   d2f.o
       826         16          0          0          0        492   daddsub_clz.o
        16          4          0          0          0        116   dcheck1.o
        24          0          0          0          0        116   dcmpi.o
       688        140          0          0          0        256   ddiv.o
        84          0          0          0          0        232   dflt_clz.o
       120          4          0          0          0        140   dleqf.o
       340         12          0          0          0        152   dmul.o
       156          4          0          0          0        140   dnaninf.o
        12          0          0          0          0        116   dretinf.o
       108          0          0          0          0        128   drleqf.o
       408         56          0          0          0        168   dsqrt_umaal.o
        86          4          0          0          0        132   f2d.o
       140          4          0          0          0        132   fnaninf.o
        10          0          0          0          0        116   fpinit.o
        10          0          0          0          0        116   fretinf.o
       100          0          0          0          0        116   retnan.o
        92          0          0          0          0        116   scalbn.o
        48          0          0          0          0        116   trapv.o
         0          0          0          0          0          0   usenofp.o
       164         44          0          0          0        620   dunder.o
        24          0          0          0          0        124   fabs.o
        48          0          0          0          0        124   fpclassify.o
       248          0          0          0          0        152   poly.o
      3152        296        136          0          0        352   pow.o
         0          0          8          0          0          0   qnan.o
       110          0          0          0          0        148   sqrt.o

    ----------------------------------------------------------------------
      9044        682        144          0        100       7472   Library Totals
        20          0          0          0          4          0   (incl. Padding)

    ----------------------------------------------------------------------

      Code (inc. data)   RO Data    RW Data    ZI Data      Debug   Library Name

      1888         94          0          0         96       2748   c_w.l
      3390        248          0          0          0       3204   fz_wm.l
      3746        340        144          0          0       1520   m_wm.l

    ----------------------------------------------------------------------
      9044        682        144          0        100       7472   Library Totals

    ----------------------------------------------------------------------

==============================================================================


      Code (inc. data)   RO Data    RW Data    ZI Data      Debug   

     29438       1888        594        320       9064    1602996   Grand Totals
     29438       1888        594        188       9064    1602996   ELF Image Totals (compressed)
     29438       1888        594        188          0          0   ROM Totals

==============================================================================

    Total RO  Size (Code + RO Data)                30032 (  29.33kB)
    Total RW  Size (RW Data + ZI Data)              9384 (   9.16kB)
    Total ROM Size (Code + RO Data + RW Data)      30220 (  29.51kB)

==============================================================================

